 dtadk

 Timestamp is 53db9baa (Fri Aug 01 15:52:42 2014)

 Preferred load address is 00000000

 Start         Length     Name                   Class
 0001:00000000 0002ed12H .text                   CODE
 0002:00000000 000002acH .idata$5                DATA
 0002:000002ac 00000004H .CRT$XCA                DATA
 0002:000002b0 00000004H .CRT$XCZ                DATA
 0002:000002b4 00000004H .CRT$XIA                DATA
 0002:000002b8 00000014H .CRT$XIC                DATA
 0002:000002cc 00000004H .CRT$XIZ                DATA
 0002:000002d0 00000004H .CRT$XPA                DATA
 0002:000002d4 00000004H .CRT$XPX                DATA
 0002:000002d8 00000004H .CRT$XPXA               DATA
 0002:000002dc 00000004H .CRT$XPZ                DATA
 0002:000002e0 00000004H .CRT$XTA                DATA
 0002:000002e4 00000004H .CRT$XTZ                DATA
 0002:000002f0 00004228H .rdata                  DATA
 0002:00004518 0000009cH .rdata$debug            DATA
 0002:000045c0 0000000cH .rdata$sxdata           DATA
 0002:000045cc 00000004H .rtc$IAA                DATA
 0002:000045d0 00000004H .rtc$IZZ                DATA
 0002:000045d4 00000004H .rtc$TAA                DATA
 0002:000045d8 00000004H .rtc$TZZ                DATA
 0002:000045e0 00000764H .xdata$x                DATA
 0002:00004d44 0000003cH .idata$2                DATA
 0002:00004d80 00000014H .idata$3                DATA
 0002:00004d94 000002acH .idata$4                DATA
 0002:00005040 00000b6eH .idata$6                DATA
 0002:00005bb0 00000584H .edata                  DATA
 0003:00000000 0000152cH .data                   DATA
 0003:00001540 000026c4H .bss                    DATA

  Address         Publics by Value              Rva+Base       Lib:Object

 0000:00000000       __except_list              00000000     <absolute>
 0000:00000003       ___safe_se_handler_count   00000003     <absolute>
 0000:00000000       ___ImageBase               00000000     <linker-defined>
 0001:00000120       _dynatrace_set             00001120 f   dynatrace_adk.obj
 0001:000001f0       _dynatrace_initialize      000011f0 f   dynatrace_adk.obj
 0001:00000ba0       _dynatrace_reinitialize    00001ba0 f   dynatrace_adk.obj
 0001:00000d70       _dynatrace_uninitialize    00001d70 f   dynatrace_adk.obj
 0001:00000fa0       _dynatrace_get_method_id   00001fa0 f   dynatrace_adk.obj
 0001:00000fe0       _dynatrace_get_method_id_with_charset 00001fe0 f   dynatrace_adk.obj
 0001:00001030       _dynatrace_get_serial_no   00002030 f   dynatrace_adk.obj
 0001:00001060       _dynatrace_enter           00002060 f   dynatrace_adk.obj
 0001:00001090       _dynatrace_exit            00002090 f   dynatrace_adk.obj
 0001:000010c0       _dynatrace_exit_exception  000020c0 f   dynatrace_adk.obj
 0001:000010f0       _dynatrace_capture_bool    000020f0 f   dynatrace_adk.obj
 0001:00001130       _dynatrace_capture_char    00002130 f   dynatrace_adk.obj
 0001:00001170       _dynatrace_capture_double  00002170 f   dynatrace_adk.obj
 0001:000011b0       _dynatrace_capture_float   000021b0 f   dynatrace_adk.obj
 0001:000011f0       _dynatrace_capture_int16   000021f0 f   dynatrace_adk.obj
 0001:00001230       _dynatrace_capture_int32   00002230 f   dynatrace_adk.obj
 0001:00001270       _dynatrace_capture_int64   00002270 f   dynatrace_adk.obj
 0001:000012b0       _dynatrace_capture_string_with_charset 000022b0 f   dynatrace_adk.obj
 0001:00001300       _dynatrace_capture_string  00002300 f   dynatrace_adk.obj
 0001:00001340       _dynatrace_exception_throw 00002340 f   dynatrace_adk.obj
 0001:00001370       _dynatrace_exception_throw_with_charset 00002370 f   dynatrace_adk.obj
 0001:000013b0       _dynatrace_custom_log      000023b0 f   dynatrace_adk.obj
 0001:000013e0       _dynatrace_custom_log_with_charset 000023e0 f   dynatrace_adk.obj
 0001:00001420       _dynatrace_link_client_purepath 00002420 f   dynatrace_adk.obj
 0001:00001450       _dynatrace_link_client_purepath_by_string 00002450 f   dynatrace_adk.obj
 0001:00001480       _dynatrace_link_client_purepath_by_customtag 00002480 f   dynatrace_adk.obj
 0001:000014c0       _dynatrace_start_server_purepath 000024c0 f   dynatrace_adk.obj
 0001:000014e0       _dynatrace_end_server_purepath 000024e0 f   dynatrace_adk.obj
 0001:00001500       _dynatrace_get_tag_as_string 00002500 f   dynatrace_adk.obj
 0001:00001540       _dynatrace_set_tag_from_string 00002540 f   dynatrace_adk.obj
 0001:00001570       _dynatrace_get_tag         00002570 f   dynatrace_adk.obj
 0001:000015b0       _dynatrace_set_tag         000025b0 f   dynatrace_adk.obj
 0001:000015e0       _dynatrace_set_customtag   000025e0 f   dynatrace_adk.obj
 0001:00001610       _dynatrace_get_tag_size    00002610 f   dynatrace_adk.obj
 0001:00001630       _dynatrace_tag_to_string   00002630 f   dynatrace_adk.obj
 0001:00001670       _dynatrace_string_to_tag   00002670 f   dynatrace_adk.obj
 0001:000016b0       _dynatrace_is_tag_valid    000026b0 f   dynatrace_adk.obj
 0001:000016e0       _dynatrace_agent_log       000026e0 f   dynatrace_adk.obj
 0001:000018c0       _apr_time_ansi_put@12      000028c0 f   apr-1:time.obj
 0001:000018f0       _apr_time_now@0            000028f0 f   apr-1:time.obj
 0001:00001930       _apr_time_exp_gmt@12       00002930 f   apr-1:time.obj
 0001:000019d0       _apr_time_exp_tz@16        000029d0 f   apr-1:time.obj
 0001:00001a80       _apr_time_exp_lt@12        00002a80 f   apr-1:time.obj
 0001:00001c90       _apr_time_exp_get@8        00002c90 f   apr-1:time.obj
 0001:00001de0       _apr_time_exp_gmt_get@8    00002de0 f   apr-1:time.obj
 0001:00001e20       _apr_os_imp_time_get@8     00002e20 f   apr-1:time.obj
 0001:00001e70       _apr_os_exp_time_get@8     00002e70 f   apr-1:time.obj
 0001:00001ef0       _apr_os_imp_time_put@12    00002ef0 f   apr-1:time.obj
 0001:00001f50       _apr_os_exp_time_put@12    00002f50 f   apr-1:time.obj
 0001:00001f70       _apr_sleep@8               00002f70 f   apr-1:time.obj
 0001:00002000       _apr_time_clock_hires@4    00003000 f   apr-1:time.obj
 0001:00002060       _apr_os_dso_handle_put@12  00003060 f   apr-1:dso.obj
 0001:00002090       _apr_os_dso_handle_get@8   00003090 f   apr-1:dso.obj
 0001:000020f0       _apr_dso_load@12           000030f0 f   apr-1:dso.obj
 0001:000022e0       _apr_dso_unload@4          000032e0 f   apr-1:dso.obj
 0001:00002300       _apr_dso_sym@12            00003300 f   apr-1:dso.obj
 0001:00002350       _apr_dso_error@12          00003350 f   apr-1:dso.obj
 0001:00002370       _apr_cpystrn@12            00003370 f   apr-1:apr_cpystrn.obj
 0001:000023b0       _apr_tokenize_to_argv@12   000033b0 f   apr-1:apr_cpystrn.obj
 0001:000025a0       _apr_filepath_name_get@4   000035a0 f   apr-1:apr_cpystrn.obj
 0001:000025f0       _apr_collapse_spaces@8     000035f0 f   apr-1:apr_cpystrn.obj
 0001:00002f60       _apr_vformatter@16         00003f60 f   apr-1:apr_snprintf.obj
 0001:00003fb0       _apr_snprintf              00004fb0 f   apr-1:apr_snprintf.obj
 0001:00004000       _apr_vsnprintf@16          00005000 f   apr-1:apr_snprintf.obj
 0001:00004060       _apr_allocator_create@4    00005060 f   apr-1:apr_pools.obj
 0001:000040b0       _apr_allocator_destroy@4   000050b0 f   apr-1:apr_pools.obj
 0001:000040f0       _apr_allocator_mutex_set@8 000050f0 f   apr-1:apr_pools.obj
 0001:00004100       _apr_allocator_mutex_get@4 00005100 f   apr-1:apr_pools.obj
 0001:00004110       _apr_allocator_owner_set@8 00005110 f   apr-1:apr_pools.obj
 0001:00004120       _apr_allocator_owner_get@4 00005120 f   apr-1:apr_pools.obj
 0001:00004130       _apr_allocator_max_free_set@8 00005130 f   apr-1:apr_pools.obj
 0001:00004370       _apr_allocator_alloc@8     00005370 f   apr-1:apr_pools.obj
 0001:00004390       _apr_allocator_free@8      00005390 f   apr-1:apr_pools.obj
 0001:000043b0       _apr_palloc@8              000053b0 f   apr-1:apr_pools.obj
 0001:000044b0       _apr_pcalloc@8             000054b0 f   apr-1:apr_pools.obj
 0001:000044e0       _apr_pool_create_ex@16     000054e0 f   apr-1:apr_pools.obj
 0001:000045e0       _apr_pool_create_unmanaged_ex@12 000055e0 f   apr-1:apr_pools.obj
 0001:000047c0       _apr_pvsprintf@12          000057c0 f   apr-1:apr_pools.obj
 0001:000048d0       _apr_psprintf              000058d0 f   apr-1:apr_pools.obj
 0001:000048f0       _apr_pool_abort_set@8      000058f0 f   apr-1:apr_pools.obj
 0001:00004900       _apr_pool_abort_get@4      00005900 f   apr-1:apr_pools.obj
 0001:00004910       _apr_pool_parent_get@4     00005910 f   apr-1:apr_pools.obj
 0001:00004920       _apr_pool_allocator_get@4  00005920 f   apr-1:apr_pools.obj
 0001:00004930       _apr_pool_is_ancestor@8    00005930 f   apr-1:apr_pools.obj
 0001:00004960       _apr_pool_tag@8            00005960 f   apr-1:apr_pools.obj
 0001:00004970       _apr_pool_userdata_get@12  00005970 f   apr-1:apr_pools.obj
 0001:000049a0       _apr_pool_cleanup_register@16 000059a0 f   apr-1:apr_pools.obj
 0001:000049e0       _apr_pool_pre_cleanup_register@12 000059e0 f   apr-1:apr_pools.obj
 0001:00004a20       _apr_pool_cleanup_kill@12  00005a20 f   apr-1:apr_pools.obj
 0001:00004aa0       _apr_pool_child_cleanup_set@16 00005aa0 f   apr-1:apr_pools.obj
 0001:00004ae0       _apr_pool_cleanup_run@12   00005ae0 f   apr-1:apr_pools.obj
 0001:00004b30       _apr_pool_cleanup_for_exec@0 00005b30 f   apr-1:apr_pools.obj
 0001:00004b40       _apr_pool_cleanup_null     00005b40 f   apr-1:apr_pools.obj
 0001:00004b50       _apr_pool_note_subprocess@12 00005b50 f   apr-1:apr_pools.obj
 0001:00004ca0       _apr_palloc_debug@12       00005ca0 f   apr-1:apr_pools.obj
 0001:00004cc0       _apr_pcalloc_debug@12      00005cc0 f   apr-1:apr_pools.obj
 0001:00004ce0       _apr_pool_create_ex_debug@20 00005ce0 f   apr-1:apr_pools.obj
 0001:00004d00       _apr_pool_create_core_ex_debug@16 00005d00 f   apr-1:apr_pools.obj
 0001:00004d20       _apr_pool_create_unmanaged_ex_debug@16 00005d20 f   apr-1:apr_pools.obj
 0001:00004d40       _apr_pool_initialize@0     00005d40 f   apr-1:apr_pools.obj
 0001:00004e20       _apr_pool_destroy@4        00005e20 f   apr-1:apr_pools.obj
 0001:00004ef0       _apr_pool_create_core_ex@12 00005ef0 f   apr-1:apr_pools.obj
 0001:00004f00       _apr_pool_userdata_set@16  00005f00 f   apr-1:apr_pools.obj
 0001:00004f70       _apr_pool_userdata_setn@16 00005f70 f   apr-1:apr_pools.obj
 0001:00004fc0       _apr_pool_destroy_debug@8  00005fc0 f   apr-1:apr_pools.obj
 0001:00004fd0       _apr_pool_terminate@0      00005fd0 f   apr-1:apr_pools.obj
 0001:00005010       _apr_pool_clear@4          00006010 f   apr-1:apr_pools.obj
 0001:00005090       _apr_pool_clear_debug@8    00006090 f   apr-1:apr_pools.obj
 0001:00005360       _apr_strerror@12           00006360 f   apr-1:errorcodes.obj
 0001:00005500       _apr_initialize@0          00006500 f   apr-1:start.obj
 0001:00005600       _apr_terminate             00006600 f   apr-1:start.obj
 0001:00005620       _apr_terminate2@0          00006620 f   apr-1:start.obj
 0001:00005630       _apr_app_initialize@12     00006630 f   apr-1:start.obj
 0001:00005960       _apr_strnatcmp@8           00006960 f   apr-1:apr_strnatcmp.obj
 0001:00005980       _apr_strnatcasecmp@8       00006980 f   apr-1:apr_strnatcmp.obj
 0001:000059a0       _apr_get_oslevel           000069a0 f   apr-1:misc.obj
 0001:00005b60       _apr_load_dll_func         00006b60 f   apr-1:misc.obj
 0001:00005bc0       _apr_dbg_log               00006bc0 f   apr-1:misc.obj
 0001:00005e30       _utf8_to_unicode_path      00006e30 f   apr-1:open.obj
 0001:00005f40       _unicode_to_utf8_path      00006f40 f   apr-1:open.obj
 0001:00005fe0       _res_name_from_filename    00006fe0 f   apr-1:open.obj
 0001:000062b0       _file_cleanup              000072b0 f   apr-1:open.obj
 0001:00006370       _apr_file_open@20          00007370 f   apr-1:open.obj
 0001:000066c0       _apr_file_close@4          000076c0 f   apr-1:open.obj
 0001:00006700       _apr_file_remove@8         00007700 f   apr-1:open.obj
 0001:000067c0       _apr_file_rename@12        000077c0 f   apr-1:open.obj
 0001:000068d0       _apr_os_file_get@8         000078d0 f   apr-1:open.obj
 0001:000068f0       _apr_os_file_put@16        000078f0 f   apr-1:open.obj
 0001:000069d0       _apr_file_eof@4            000079d0 f   apr-1:open.obj
 0001:000069f0       _apr_file_open_flags_stderr@12 000079f0 f   apr-1:open.obj
 0001:00006a40       _apr_file_open_flags_stdout@12 00007a40 f   apr-1:open.obj
 0001:00006a90       _apr_file_open_flags_stdin@12 00007a90 f   apr-1:open.obj
 0001:00006ae0       _apr_file_open_stderr@8    00007ae0 f   apr-1:open.obj
 0001:00006b00       _apr_file_open_stdout@8    00007b00 f   apr-1:open.obj
 0001:00006b20       _apr_file_open_stdin@8     00007b20 f   apr-1:open.obj
 0001:00006b40       _apr_file_pool_get@4       00007b40 f   apr-1:open.obj
 0001:00006b50       _apr_file_inherit_set@4    00007b50 f   apr-1:open.obj
 0001:00006bc0       _apr_file_inherit_unset@4  00007bc0 f   apr-1:open.obj
 0001:00006cf0       _apr_sockaddr_ip_getbuf@12 00007cf0 f   apr-1:sockaddr.obj
 0001:00006d30       _apr_sockaddr_ip_get@8     00007d30 f   apr-1:sockaddr.obj
 0001:00006d60       _apr_sockaddr_vars_set     00007d60 f   apr-1:sockaddr.obj
 0001:00006db0       _apr_socket_addr_get@12    00007db0 f   apr-1:sockaddr.obj
 0001:00006e20       _apr_parse_addr_port@20    00007e20 f   apr-1:sockaddr.obj
 0001:00007060       _apr_sockaddr_info_get@24  00008060 f   apr-1:sockaddr.obj
 0001:000070c0       _apr_getnameinfo@12        000080c0 f   apr-1:sockaddr.obj
 0001:00007120       _apr_getservbyname@8       00008120 f   apr-1:sockaddr.obj
 0001:00007180       _apr_sockaddr_equal@8      00008180 f   apr-1:sockaddr.obj
 0001:000073d0       _apr_ipsubnet_create@16    000083d0 f   apr-1:sockaddr.obj
 0001:000074b0       _apr_ipsubnet_test@8       000084b0 f   apr-1:sockaddr.obj
 0001:000074d0       _apr_pstrdup@8             000084d0 f   apr-1:apr_strings.obj
 0001:00007520       _apr_pstrndup@12           00008520 f   apr-1:apr_strings.obj
 0001:00007580       _apr_pstrmemdup@12         00008580 f   apr-1:apr_strings.obj
 0001:000075c0       _apr_pmemdup@12            000085c0 f   apr-1:apr_strings.obj
 0001:00007600       _apr_pstrcat               00008600 f   apr-1:apr_strings.obj
 0001:000076d0       _apr_pstrcatv@16           000086d0 f   apr-1:apr_strings.obj
 0001:00007740       _apr_strtoff@16            00008740 f   apr-1:apr_strings.obj
 0001:00007790       _apr_strtoi64@12           00008790 f   apr-1:apr_strings.obj
 0001:000077c0       _apr_atoi64@4              000087c0 f   apr-1:apr_strings.obj
 0001:000077e0       _apr_itoa@8                000087e0 f   apr-1:apr_strings.obj
 0001:00007860       _apr_ltoa@8                00008860 f   apr-1:apr_strings.obj
 0001:000078e0       _apr_off_t_toa@12          000088e0 f   apr-1:apr_strings.obj
 0001:00007970       _apr_strfsize@12           00008970 f   apr-1:apr_strings.obj
 0001:00007b60       _apr_thread_mutex_create@12 00008b60 f   apr-1:thread_mutex.obj
 0001:00007c00       _apr_thread_mutex_lock@4   00008c00 f   apr-1:thread_mutex.obj
 0001:00007c70       _apr_thread_mutex_trylock@4 00008c70 f   apr-1:thread_mutex.obj
 0001:00007d10       _apr_thread_mutex_unlock@4 00008d10 f   apr-1:thread_mutex.obj
 0001:00007d70       _apr_thread_mutex_destroy@4 00008d70 f   apr-1:thread_mutex.obj
 0001:00007d90       _apr_thread_mutex_pool_get@4 00008d90 f   apr-1:thread_mutex.obj
 0001:00007dd0       _apr_hash_next@4           00008dd0 f   apr-1:apr_hash.obj
 0001:00007e10       _apr_hash_first@8          00008e10 f   apr-1:apr_hash.obj
 0001:00007e50       _apr_hash_this@16          00008e50 f   apr-1:apr_hash.obj
 0001:00007f00       _apr_hashfunc_default      00008f00 f   apr-1:apr_hash.obj
 0001:00008050       _apr_hash_copy@8           00009050 f   apr-1:apr_hash.obj
 0001:00008120       _apr_hash_get@12           00009120 f   apr-1:apr_hash.obj
 0001:00008150       _apr_hash_set@16           00009150 f   apr-1:apr_hash.obj
 0001:000081b0       _apr_hash_count@4          000091b0 f   apr-1:apr_hash.obj
 0001:000081c0       _apr_hash_clear@4          000091c0 f   apr-1:apr_hash.obj
 0001:00008200       _apr_hash_merge@20         00009200 f   apr-1:apr_hash.obj
 0001:00008430       _apr_hash_pool_get@4       00009430 f   apr-1:apr_hash.obj
 0001:00008440       _apr_hash_make@4           00009440 f   apr-1:apr_hash.obj
 0001:00008480       _apr_hash_make_custom@8    00009480 f   apr-1:apr_hash.obj
 0001:000084a0       _apr_hash_overlay@12       000094a0 f   apr-1:apr_hash.obj
 0001:000084c0       _apr_proc_kill@8           000094c0 f   apr-1:signals.obj
 0001:00008510       _apr_signal_init           00009510 f   apr-1:signals.obj
 0001:00008520       _apr_signal_description_get 00009520 f   apr-1:signals.obj
 0001:00008530       _apr_signal_block@4        00009530 f   apr-1:signals.obj
 0001:00008540       _apr_signal_unblock@4      00009540 f   apr-1:signals.obj
 0001:00008610       _apr_procattr_create@8     00009610 f   apr-1:proc.obj
 0001:00008650       _apr_procattr_io_set@16    00009650 f   apr-1:proc.obj
 0001:00008730       _apr_procattr_child_in_set@12 00009730 f   apr-1:proc.obj
 0001:000087b0       _apr_procattr_child_out_set@12 000097b0 f   apr-1:proc.obj
 0001:00008830       _apr_procattr_child_err_set@12 00009830 f   apr-1:proc.obj
 0001:000088b0       _apr_procattr_dir_set@8    000098b0 f   apr-1:proc.obj
 0001:000088d0       _apr_procattr_cmdtype_set@8 000098d0 f   apr-1:proc.obj
 0001:000088f0       _apr_procattr_detach_set@8 000098f0 f   apr-1:proc.obj
 0001:00008930       _apr_procattr_user_set@12  00009930 f   apr-1:proc.obj
 0001:00008bb0       _apr_procattr_group_set@8  00009bb0 f   apr-1:proc.obj
 0001:00008c60       _apr_procattr_child_errfn_set@8 00009c60 f   apr-1:proc.obj
 0001:00008c80       _apr_procattr_error_check_set@8 00009c80 f   apr-1:proc.obj
 0001:00008ca0       _apr_procattr_addrspace_set@8 00009ca0 f   apr-1:proc.obj
 0001:00008cc0       _apr_threadproc_init       00009cc0 f   apr-1:proc.obj
 0001:00008d10       _apr_proc_create@24        00009d10 f   apr-1:proc.obj
 0001:000097b0       _apr_proc_wait_all_procs@20 0000a7b0 f   apr-1:proc.obj
 0001:00009b50       _apr_proc_wait@16          0000ab50 f   apr-1:proc.obj
 0001:00009bf0       _apr_proc_detach@4         0000abf0 f   apr-1:proc.obj
 0001:00009c00       _apr_atomic_init@4         0000ac00 f   apr-1:apr_atomic.obj
 0001:00009c10       _apr_atomic_add32@8        0000ac10 f   apr-1:apr_atomic.obj
 0001:00009c20       _apr_atomic_sub32@8        0000ac20 f   apr-1:apr_atomic.obj
 0001:00009c40       _apr_atomic_inc32@4        0000ac40 f   apr-1:apr_atomic.obj
 0001:00009c60       _apr_atomic_dec32@4        0000ac60 f   apr-1:apr_atomic.obj
 0001:00009c70       _apr_atomic_set32@8        0000ac70 f   apr-1:apr_atomic.obj
 0001:00009c80       _apr_atomic_read32@4       0000ac80 f   apr-1:apr_atomic.obj
 0001:00009c90       _apr_atomic_cas32@12       0000ac90 f   apr-1:apr_atomic.obj
 0001:00009ca0       _apr_atomic_casptr@12      0000aca0 f   apr-1:apr_atomic.obj
 0001:00009cb0       _apr_atomic_xchg32@8       0000acb0 f   apr-1:apr_atomic.obj
 0001:00009cc0       _apr_atomic_xchgptr@8      0000acc0 f   apr-1:apr_atomic.obj
 0001:00009cd0       _apr_atomic_inc32_noreturn@4 0000acd0 f   apr-1:apr_atomic.obj
 0001:00009ce0       _apr_atomic_dec32_noreturn@4 0000ace0 f   apr-1:apr_atomic.obj
 0001:00009cf0       _apr_atomic_tas32@4        0000acf0 f   apr-1:apr_atomic.obj
 0001:00009d10       _apr_conv_utf8_to_ucs2@16  0000ad10 f   apr-1:utf8.obj
 0001:00009f40       _apr_conv_ucs2_to_utf8@16  0000af40 f   apr-1:utf8.obj
 0001:0000a0d0       _apr_threadattr_create@8   0000b0d0 f   apr-1:thread.obj
 0001:0000a110       _apr_threadattr_detach_set@8 0000b110 f   apr-1:thread.obj
 0001:0000a130       _apr_threadattr_detach_get@4 0000b130 f   apr-1:thread.obj
 0001:0000a150       _apr_threadattr_stacksize_set@8 0000b150 f   apr-1:thread.obj
 0001:0000a170       _apr_threadattr_guardsize_set@8 0000b170 f   apr-1:thread.obj
 0001:0000a1b0       _apr_thread_create@20      0000b1b0 f   apr-1:thread.obj
 0001:0000a270       _apr_thread_exit@8         0000b270 f   apr-1:thread.obj
 0001:0000a2a0       _apr_thread_join@8         0000b2a0 f   apr-1:thread.obj
 0001:0000a320       _apr_thread_detach@4       0000b320 f   apr-1:thread.obj
 0001:0000a360       _apr_thread_yield@0        0000b360 f   apr-1:thread.obj
 0001:0000a3a0       _apr_thread_data_get@12    0000b3a0 f   apr-1:thread.obj
 0001:0000a3c0       _apr_thread_data_set@16    0000b3c0 f   apr-1:thread.obj
 0001:0000a3e0       _apr_os_thread_current@0   0000b3e0 f   apr-1:thread.obj
 0001:0000a440       _apr_os_thread_get@8       0000b440 f   apr-1:thread.obj
 0001:0000a470       _apr_os_thread_put@12      0000b470 f   apr-1:thread.obj
 0001:0000a4b0       _apr_thread_once_init@8    0000b4b0 f   apr-1:thread.obj
 0001:0000a4e0       _apr_thread_once@8         0000b4e0 f   apr-1:thread.obj
 0001:0000a500       _apr_os_thread_equal@8     0000b500 f   apr-1:thread.obj
 0001:0000a520       _apr_thread_pool_get@4     0000b520 f   apr-1:thread.obj
 0001:0000a550       _apr_wastrtoastr           0000b550 f   apr-1:internal.obj
 0001:0000a8f0       _apr_file_ungetc@8         0000b8f0 f   apr-1:readwrite.obj
 0001:0000a910       _apr_file_flush@4          0000b910 f   apr-1:readwrite.obj
 0001:0000a9f0       _apr_file_printf           0000b9f0 f   apr-1:readwrite.obj
 0001:0000aa60       _apr_file_read@12          0000ba60 f   apr-1:readwrite.obj
 0001:0000ac40       _apr_file_write@12         0000bc40 f   apr-1:readwrite.obj
 0001:0000af80       _apr_file_writev@16        0000bf80 f   apr-1:readwrite.obj
 0001:0000afd0       _apr_file_putc@8           0000bfd0 f   apr-1:readwrite.obj
 0001:0000b000       _apr_file_getc@8           0000c000 f   apr-1:readwrite.obj
 0001:0000b050       _apr_file_puts@8           0000c050 f   apr-1:readwrite.obj
 0001:0000b080       _apr_file_gets@12          0000c080 f   apr-1:readwrite.obj
 0001:0000b100       _apr_poll@20               0000c100 f   apr-1:select.obj
 0001:0000b410       _apr_pollset_create@16     0000c410 f   apr-1:select.obj
 0001:0000b4c0       _apr_pollset_destroy@4     0000c4c0 f   apr-1:select.obj
 0001:0000b4d0       _apr_pollset_add@8         0000c4d0 f   apr-1:select.obj
 0001:0000b600       _apr_pollset_remove@8      0000c600 f   apr-1:select.obj
 0001:0000b7d0       _apr_pollset_poll@20       0000c7d0 f   apr-1:select.obj
 0001:0000baa0       _apr_pollcb_create@16      0000caa0 f   apr-1:select.obj
 0001:0000bab0       _apr_pollcb_add@8          0000cab0 f   apr-1:select.obj
 0001:0000bac0       _apr_pollcb_remove@8       0000cac0 f   apr-1:select.obj
 0001:0000bad0       _apr_pollcb_poll@20        0000cad0 f   apr-1:select.obj
 0001:0000bb70       _apr_inet_ntop             0000cb70 f   apr-1:inet_ntop.obj
 0001:0000bc50       _apr_inet_pton             0000cc50 f   apr-1:inet_pton.obj
 0001:0000bc80       _apr_file_pipe_timeout_set@12 0000cc80 f   apr-1:pipe.obj
 0001:0000bce0       _apr_file_pipe_timeout_get@8 0000cce0 f   apr-1:pipe.obj
 0001:0000bd00       _apr_file_pipe_create_ex@16 0000cd00 f   apr-1:pipe.obj
 0001:0000bfb0       _apr_file_namedpipe_create@12 0000cfb0 f   apr-1:pipe.obj
 0001:0000bfc0       _apr_os_pipe_put_ex@16     0000cfc0 f   apr-1:pipe.obj
 0001:0000c040       _apr_os_pipe_put@12        0000d040 f   apr-1:pipe.obj
 0001:0000c060       _apr_file_pipe_create@12   0000d060 f   apr-1:pipe.obj
 0001:0000c080       _apr_file_dup@12           0000d080 f   apr-1:filedup.obj
 0001:0000c170       _apr_file_dup2@12          0000d170 f   apr-1:filedup.obj
 0001:0000c3e0       _apr_file_setaside@12      0000d3e0 f   apr-1:filedup.obj
 0001:0000c4e0       _apr_filepath_root@16      0000d4e0 f   apr-1:filepath.obj
 0001:0000c910       _apr_filepath_merge@20     0000d910 f   apr-1:filepath.obj
 0001:0000d670       _apr_filepath_list_split@12 0000e670 f   apr-1:filepath.obj
 0001:0000d690       _apr_filepath_list_merge@12 0000e690 f   apr-1:filepath.obj
 0001:0000d6b0       _apr_filepath_encoding@8   0000e6b0 f   apr-1:filepath.obj
 0001:0000d6e0       _filepath_root_test        0000e6e0 f   apr-1:filesys.obj
 0001:0000d760       _filepath_drive_get        0000e760 f   apr-1:filesys.obj
 0001:0000d8c0       _filepath_root_case        0000e8c0 f   apr-1:filesys.obj
 0001:0000d9c0       _apr_filepath_get@12       0000e9c0 f   apr-1:filesys.obj
 0001:0000dac0       _apr_filepath_set@8        0000eac0 f   apr-1:filesys.obj
 0001:0000db50       _apr_file_read_full@16     0000eb50 f   apr-1:fullrw.obj
 0001:0000dba0       _apr_file_write_full@16    0000eba0 f   apr-1:fullrw.obj
 0001:0000dbf0       _apr_file_writev_full@16   0000ebf0 f   apr-1:fullrw.obj
 0001:0000dcf0       _apr_file_lock@8           0000ecf0 f   apr-1:flock.obj
 0001:0000ddd0       _apr_file_unlock@4         0000edd0 f   apr-1:flock.obj
 0001:0000df00       _apr_file_seek@12          0000ef00 f   apr-1:seek.obj
 0001:0000e0e0       _apr_file_trunc@12         0000f0e0 f   apr-1:seek.obj
 0001:0000e7d0       _more_finfo                0000f7d0 f   apr-1:filestat.obj
 0001:0000eaf0       _fillin_fileinfo           0000faf0 f   apr-1:filestat.obj
 0001:0000ec70       _apr_file_info_get@12      0000fc70 f   apr-1:filestat.obj
 0001:0000eda0       _apr_file_perms_set@8      0000fda0 f   apr-1:filestat.obj
 0001:0000edb0       _apr_file_attrs_set@16     0000fdb0 f   apr-1:filestat.obj
 0001:0000eea0       _apr_file_mtime_set@16     0000fea0 f   apr-1:filestat.obj
 0001:0000f0c0       _apr_stat@16               000100c0 f   apr-1:filestat.obj
 0001:0000f570       _apr_filepath_list_split_impl 00010570 f   apr-1:filepath_util.obj
 0001:0000f620       _apr_filepath_list_merge_impl 00010620 f   apr-1:filepath_util.obj
 0001:0000f750       _apr_is_empty_array@4      00010750 f   apr-1:apr_tables.obj
 0001:0000f770       _apr_array_make@12         00010770 f   apr-1:apr_tables.obj
 0001:0000f7a0       _apr_array_clear@4         000107a0 f   apr-1:apr_tables.obj
 0001:0000f7c0       _apr_array_pop@4           000107c0 f   apr-1:apr_tables.obj
 0001:0000f7f0       _apr_array_push@4          000107f0 f   apr-1:apr_tables.obj
 0001:0000f8d0       _apr_array_cat@8           000108d0 f   apr-1:apr_tables.obj
 0001:0000f970       _apr_array_copy@8          00010970 f   apr-1:apr_tables.obj
 0001:0000fa00       _apr_array_copy_hdr@8      00010a00 f   apr-1:apr_tables.obj
 0001:0000fa40       _apr_array_append@12       00010a40 f   apr-1:apr_tables.obj
 0001:0000fa70       _apr_array_pstrcat@12      00010a70 f   apr-1:apr_tables.obj
 0001:0000fb60       _apr_table_elts@4          00010b60 f   apr-1:apr_tables.obj
 0001:0000fb70       _apr_is_empty_table@4      00010b70 f   apr-1:apr_tables.obj
 0001:0000fb90       _apr_table_make@8          00010b90 f   apr-1:apr_tables.obj
 0001:0000fbd0       _apr_table_copy@8          00010bd0 f   apr-1:apr_tables.obj
 0001:0000fca0       _apr_table_clear@4         00010ca0 f   apr-1:apr_tables.obj
 0001:0000fcc0       _apr_table_get@8           00010cc0 f   apr-1:apr_tables.obj
 0001:0000fd80       _apr_table_set@12          00010d80 f   apr-1:apr_tables.obj
 0001:0000ff40       _apr_table_setn@12         00010f40 f   apr-1:apr_tables.obj
 0001:000100e0       _apr_table_unset@8         000110e0 f   apr-1:apr_tables.obj
 0001:00010220       _apr_table_merge@12        00011220 f   apr-1:apr_tables.obj
 0001:00010330       _apr_table_mergen@12       00011330 f   apr-1:apr_tables.obj
 0001:00010430       _apr_table_add@12          00011430 f   apr-1:apr_tables.obj
 0001:000104d0       _apr_table_addn@12         000114d0 f   apr-1:apr_tables.obj
 0001:00010560       _apr_table_overlay@12      00011560 f   apr-1:apr_tables.obj
 0001:000105b0       _apr_table_vdo@16          000115b0 f   apr-1:apr_tables.obj
 0001:000108a0       _apr_table_compress@8      000118a0 f   apr-1:apr_tables.obj
 0001:00010ba0       _apr_table_overlap@12      00011ba0 f   apr-1:apr_tables.obj
 0001:00010bd0       _apr_table_clone@8         00011bd0 f   apr-1:apr_tables.obj
 0001:00010c20       _apr_table_do              00011c20 f   apr-1:apr_tables.obj
 0001:00010c40       _apr_strtok@12             00011c40 f   apr-1:apr_strtok.obj
 0001:00010cd2       _ntohl@4                   00011cd2 f   wsock32:WSOCK32.dll
 0001:00010cd8       _WSACleanup@0              00011cd8 f   wsock32:WSOCK32.dll
 0001:00010cde       _WSAStartup@8              00011cde f   wsock32:WSOCK32.dll
 0001:00010ce4       _ntohs@4                   00011ce4 f   wsock32:WSOCK32.dll
 0001:00010cea       _WSAGetLastError@0         00011cea f   wsock32:WSOCK32.dll
 0001:00010cf0       _getsockname@12            00011cf0 f   wsock32:WSOCK32.dll
 0001:00010cf6       _getpeername@12            00011cf6 f   wsock32:WSOCK32.dll
 0001:00010cfc       _htons@4                   00011cfc f   wsock32:WSOCK32.dll
 0001:00010d02       _gethostbyname@4           00011d02 f   wsock32:WSOCK32.dll
 0001:00010d08       _inet_addr@4               00011d08 f   wsock32:WSOCK32.dll
 0001:00010d0e       _gethostbyaddr@12          00011d0e f   wsock32:WSOCK32.dll
 0001:00010d14       _getservbyname@8           00011d14 f   wsock32:WSOCK32.dll
 0001:00010d1a       _htonl@4                   00011d1a f   wsock32:WSOCK32.dll
 0001:00010d20       ___WSAFDIsSet@8            00011d20 f   wsock32:WSOCK32.dll
 0001:00010d26       _select@20                 00011d26 f   wsock32:WSOCK32.dll
 0001:00010d2c       _SetLastError@4            00011d2c f   kernel32:KERNEL32.dll
 0001:00010d32       _GetTimeZoneInformation@4  00011d32 f   kernel32:KERNEL32.dll
 0001:00010d38       _GetSystemTimeAsFileTime@4 00011d38 f   kernel32:KERNEL32.dll
 0001:00010d3e       _FileTimeToSystemTime@8    00011d3e f   kernel32:KERNEL32.dll
 0001:00010d44       _FileTimeToLocalFileTime@8 00011d44 f   kernel32:KERNEL32.dll
 0001:00010d4a       _SystemTimeToFileTime@8    00011d4a f   kernel32:KERNEL32.dll
 0001:00010d50       _SystemTimeToTzSpecificLocalTime@12 00011d50 f   kernel32:KERNEL32.dll
 0001:00010d56       _Sleep@4                   00011d56 f   kernel32:KERNEL32.dll
 0001:00010d5c       _GetLastError@0            00011d5c f   kernel32:KERNEL32.dll
 0001:00010d62       _FreeLibrary@4             00011d62 f   kernel32:KERNEL32.dll
 0001:00010d68       _LoadLibraryExA@12         00011d68 f   kernel32:KERNEL32.dll
 0001:00010d6e       _LoadLibraryExW@12         00011d6e f   kernel32:KERNEL32.dll
 0001:00010d74       _SetErrorMode@4            00011d74 f   kernel32:KERNEL32.dll
 0001:00010d7a       _GetProcAddress@8          00011d7a f   kernel32:KERNEL32.dll
 0001:00010d80       _FormatMessageA@28         00011d80 f   kernel32:KERNEL32.dll
 0001:00010d86       _TlsAlloc@0                00011d86 f   kernel32:KERNEL32.dll
 0001:00010d8c       _TlsFree@4                 00011d8c f   kernel32:KERNEL32.dll
 0001:00010d92       _FreeEnvironmentStringsW@4 00011d92 f   kernel32:KERNEL32.dll
 0001:00010d98       _GetEnvironmentStringsW@0  00011d98 f   kernel32:KERNEL32.dll
 0001:00010d9e       _GlobalFree@4              00011d9e f   kernel32:KERNEL32.dll
 0001:00010da4       _GetCommandLineW@0         00011da4 f   kernel32:KERNEL32.dll
 0001:00010daa       _GetVersionExA@4           00011daa f   kernel32:KERNEL32.dll
 0001:00010db0       _LoadLibraryA@4            00011db0 f   kernel32:KERNEL32.dll
 0001:00010db6       _LeaveCriticalSection@4    00011db6 f   kernel32:KERNEL32.dll
 0001:00010dbc       _WriteFile@20              00011dbc f   kernel32:KERNEL32.dll
 0001:00010dc2       _EnterCriticalSection@4    00011dc2 f   kernel32:KERNEL32.dll
 0001:00010dc8       _GetCurrentThreadId@0      00011dc8 f   kernel32:KERNEL32.dll
 0001:00010dce       _InitializeCriticalSection@4 00011dce f   kernel32:KERNEL32.dll
 0001:00010dd4       _CreateFileA@28            00011dd4 f   kernel32:KERNEL32.dll
 0001:00010dda       _GetCurrentProcessId@0     00011dda f   kernel32:KERNEL32.dll
 0001:00010de0       _GetModuleFileNameA@12     00011de0 f   kernel32:KERNEL32.dll
 0001:00010de6       _TlsSetValue@8             00011de6 f   kernel32:KERNEL32.dll
 0001:00010dec       _TlsGetValue@4             00011dec f   kernel32:KERNEL32.dll
 0001:00010df2       _InterlockedIncrement@4    00011df2 f   kernel32:KERNEL32.dll
 0001:00010df8       _GetOverlappedResult@16    00011df8 f   kernel32:KERNEL32.dll
 0001:00010dfe       _WaitForSingleObject@8     00011dfe f   kernel32:KERNEL32.dll
 0001:00010e04       _DeviceIoControl@32        00011e04 f   kernel32:KERNEL32.dll
 0001:00010e0a       _GetFileInformationByHandle@8 00011e0a f   kernel32:KERNEL32.dll
 0001:00010e10       _CloseHandle@4             00011e10 f   kernel32:KERNEL32.dll
 0001:00010e16       _SetStdHandle@8            00011e16 f   kernel32:KERNEL32.dll
 0001:00010e1c       _SetFilePointer@16         00011e1c f   kernel32:KERNEL32.dll
 0001:00010e22       _CreateFileW@28            00011e22 f   kernel32:KERNEL32.dll
 0001:00010e28       _DeleteFileA@4             00011e28 f   kernel32:KERNEL32.dll
 0001:00010e2e       _DeleteFileW@4             00011e2e f   kernel32:KERNEL32.dll
 0001:00010e34       _MoveFileA@8               00011e34 f   kernel32:KERNEL32.dll
 0001:00010e3a       _MoveFileExW@12            00011e3a f   kernel32:KERNEL32.dll
 0001:00010e40       _GetStdHandle@4            00011e40 f   kernel32:KERNEL32.dll
 0001:00010e46       _DuplicateHandle@28        00011e46 f   kernel32:KERNEL32.dll
 0001:00010e4c       _GetCurrentProcess@0       00011e4c f   kernel32:KERNEL32.dll
 0001:00010e52       _DeleteCriticalSection@4   00011e52 f   kernel32:KERNEL32.dll
 0001:00010e58       _CreateMutexA@12           00011e58 f   kernel32:KERNEL32.dll
 0001:00010e5e       _CreateEventA@16           00011e5e f   kernel32:KERNEL32.dll
 0001:00010e64       _ReleaseMutex@4            00011e64 f   kernel32:KERNEL32.dll
 0001:00010e6a       _SetEvent@4                00011e6a f   kernel32:KERNEL32.dll
 0001:00010e70       _TerminateProcess@8        00011e70 f   kernel32:KERNEL32.dll
 0001:00010e76       _CreateProcessA@40         00011e76 f   kernel32:KERNEL32.dll
 0001:00010e7c       _CreateProcessW@40         00011e7c f   kernel32:KERNEL32.dll
 0001:00010e82       _SetHandleInformation@12   00011e82 f   kernel32:KERNEL32.dll
 0001:00010e88       _GetHandleInformation@8    00011e88 f   kernel32:KERNEL32.dll
 0001:00010e8e       _WaitForMultipleObjects@16 00011e8e f   kernel32:KERNEL32.dll
 0001:00010e94       _GetExitCodeProcess@8      00011e94 f   kernel32:KERNEL32.dll
 0001:00010e9a       _OpenProcess@12            00011e9a f   kernel32:KERNEL32.dll
 0001:00010ea0       _InterlockedExchangeAdd@8  00011ea0 f   kernel32:KERNEL32.dll
 0001:00010ea6       _InterlockedDecrement@4    00011ea6 f   kernel32:KERNEL32.dll
 0001:00010eac       _InterlockedExchange@8     00011eac f   kernel32:KERNEL32.dll
 0001:00010eb2       _InterlockedCompareExchange@12 00011eb2 f   kernel32:KERNEL32.dll
 0001:00010eb8       _GetCurrentThread@0        00011eb8 f   kernel32:KERNEL32.dll
 0001:00010ebe       _ReadFile@20               00011ebe f   kernel32:KERNEL32.dll
 0001:00010ec4       _PeekNamedPipe@24          00011ec4 f   kernel32:KERNEL32.dll
 0001:00010eca       _CreatePipe@16             00011eca f   kernel32:KERNEL32.dll
 0001:00010ed0       _CreateNamedPipeA@32       00011ed0 f   kernel32:KERNEL32.dll
 0001:00010ed6       _GetDriveTypeA@4           00011ed6 f   kernel32:KERNEL32.dll
 0001:00010edc       _GetDriveTypeW@4           00011edc f   kernel32:KERNEL32.dll
 0001:00010ee2       _GetFullPathNameA@16       00011ee2 f   kernel32:KERNEL32.dll
 0001:00010ee8       _GetFullPathNameW@16       00011ee8 f   kernel32:KERNEL32.dll
 0001:00010eee       _GetCurrentDirectoryA@8    00011eee f   kernel32:KERNEL32.dll
 0001:00010ef4       _GetCurrentDirectoryW@8    00011ef4 f   kernel32:KERNEL32.dll
 0001:00010efa       _SetCurrentDirectoryA@4    00011efa f   kernel32:KERNEL32.dll
 0001:00010f00       _SetCurrentDirectoryW@4    00011f00 f   kernel32:KERNEL32.dll
 0001:00010f06       _LockFile@20               00011f06 f   kernel32:KERNEL32.dll
 0001:00010f0c       _LockFileEx@24             00011f0c f   kernel32:KERNEL32.dll
 0001:00010f12       _UnlockFile@20             00011f12 f   kernel32:KERNEL32.dll
 0001:00010f18       _UnlockFileEx@20           00011f18 f   kernel32:KERNEL32.dll
 0001:00010f1e       _SetEndOfFile@4            00011f1e f   kernel32:KERNEL32.dll
 0001:00010f24       _LocalFree@4               00011f24 f   kernel32:KERNEL32.dll
 0001:00010f2a       _GetFileType@4             00011f2a f   kernel32:KERNEL32.dll
 0001:00010f30       _SetFileAttributesA@8      00011f30 f   kernel32:KERNEL32.dll
 0001:00010f36       _SetFileAttributesW@8      00011f36 f   kernel32:KERNEL32.dll
 0001:00010f3c       _GetFileAttributesA@4      00011f3c f   kernel32:KERNEL32.dll
 0001:00010f42       _GetFileAttributesW@4      00011f42 f   kernel32:KERNEL32.dll
 0001:00010f48       _SetFileTime@16            00011f48 f   kernel32:KERNEL32.dll
 0001:00010f4e       _GetFileTime@16            00011f4e f   kernel32:KERNEL32.dll
 0001:00010f54       _FindFirstFileA@8          00011f54 f   kernel32:KERNEL32.dll
 0001:00010f5a       _FindClose@4               00011f5a f   kernel32:KERNEL32.dll
 0001:00010f60       _FindFirstFileW@8          00011f60 f   kernel32:KERNEL32.dll
 0001:00010f66       _SetSecurityDescriptorDacl@16 00011f66 f   advapi32:ADVAPI32.dll
 0001:00010f6c       _InitializeSecurityDescriptor@8 00011f6c f   advapi32:ADVAPI32.dll
 0001:00010f72       _DuplicateTokenEx@24       00011f72 f   advapi32:ADVAPI32.dll
 0001:00010f78       _LogonUserW@24             00011f78 f   advapi32:ADVAPI32.dll
 0001:00010f7e       _RevertToSelf@0            00011f7e f   advapi32:ADVAPI32.dll
 0001:00010f84       _CreateProcessAsUserW@44   00011f84 f   advapi32:ADVAPI32.dll
 0001:00010f8a       _ImpersonateLoggedOnUser@4 00011f8a f   advapi32:ADVAPI32.dll
 0001:00010f90       _FreeSid@4                 00011f90 f   advapi32:ADVAPI32.dll
 0001:00010f96       _AllocateAndInitializeSid@44 00011f96 f   advapi32:ADVAPI32.dll
 0001:00011076       __stat64i32                00012076 f   LIBCMT:stati32.obj
 0001:000114cd       @__security_check_cookie@4 000124cd f   LIBCMT:secchk.obj
 0001:000114f0       _strchr                    000124f0 f   LIBCMT:strchr.obj
 0001:000114f6       ___from_strstr_to_strchr   000124f6     LIBCMT:strchr.obj
 0001:000115b0       _memset                    000125b0 f   LIBCMT:memset.obj
 0001:0001162a       _fprintf                   0001262a f   LIBCMT:fprintf.obj
 0001:00011736       __fprintf_l                00012736 f   LIBCMT:fprintf.obj
 0001:00011752       __fprintf_s_l              00012752 f   LIBCMT:fprintf.obj
 0001:0001176e       _fprintf_s                 0001276e f   LIBCMT:fprintf.obj
 0001:00011789       __fprintf_p_l              00012789 f   LIBCMT:fprintf.obj
 0001:000117a5       __fprintf_p                000127a5 f   LIBCMT:fprintf.obj
 0001:000117c0       ___iob_func                000127c0 f   LIBCMT:_file.obj
 0001:000117c6       ___initstdio               000127c6 f   LIBCMT:_file.obj
 0001:00011877       ___endstdio                00012877 f   LIBCMT:_file.obj
 0001:00011897       __lock_file                00012897 f   LIBCMT:_file.obj
 0001:000118d8       __lock_file2               000128d8 f   LIBCMT:_file.obj
 0001:0001190a       __unlock_file              0001290a f   LIBCMT:_file.obj
 0001:00011946       __unlock_file2             00012946 f   LIBCMT:_file.obj
 0001:00011975       _realloc                   00012975 f   LIBCMT:realloc.obj
 0001:00011a22       _free                      00012a22 f   LIBCMT:free.obj
 0001:00011a60       _strstr                    00012a60 f   LIBCMT:strstr.obj
 0001:00011ae6       __invoke_watson_if_error   00012ae6 f i LIBCMT:getenv.obj
 0001:00011b07       __getenv_helper_nolock     00012b07 f   LIBCMT:getenv.obj
 0001:00011cb5       _getenv                    00012cb5 f   LIBCMT:getenv.obj
 0001:00011d2f       _getenv_s                  00012d2f f   LIBCMT:getenv.obj
 0001:00011dfc       __dupenv_s                 00012dfc f   LIBCMT:getenv.obj
 0001:00011ee0       _memmove                   00012ee0 f   LIBCMT:memmove.obj
 0001:00012241       _strncmp                   00013241 f   LIBCMT:strncmp.obj
 0001:00012301       __heap_alloc               00013301 f i LIBCMT:malloc.obj
 0001:00012340       _malloc                    00013340 f   LIBCMT:malloc.obj
 0001:000123d4       __cfltcvt_init             000133d4 f   LIBCMT:_fpinit_.obj
 0001:00012434       ___setfflag                00013434 f   LIBCMT:_fpinit_.obj
 0001:00012449       __fpmath                   00013449 f   LIBCMT:_fpinit_.obj
 0001:00012462       __CRT_INIT@12              00013462 f   LIBCMT:dllcrt0.obj
 0001:000126bc       __DllMainCRTStartup@12     000136bc f   LIBCMT:dllcrt0.obj
 0001:000126e0       __alldiv                   000136e0 f   LIBCMT:lldiv.obj
 0001:00012790       __allshl                   00013790 f   LIBCMT:llshl.obj
 0001:000127b0       __allmul                   000137b0 f   LIBCMT:llmul.obj
 0001:000127f0       __chkstk                   000137f0 f   LIBCMT:chkstk.obj
 0001:000127f0       __alloca_probe             000137f0     LIBCMT:chkstk.obj
 0001:00012820       _strrchr                   00013820 f   LIBCMT:strrchr.obj
 0001:0001284d       ??0_LocaleUpdate@@QAE@PAUlocaleinfo_struct@@@Z 0001384d f i LIBCMT:_ctype.obj
 0001:000128d4       ??1_LocaleUpdate@@QAE@XZ   000138d4 f i LIBCMT:_ctype.obj
 0001:000128e2       ?GetLocaleT@_LocaleUpdate@@QAEPAUlocaleinfo_struct@@XZ 000138e2 f i LIBCMT:_ctype.obj
 0001:000128e5       __isalpha_l                000138e5 f i LIBCMT:_ctype.obj
 0001:0001293b       _isalpha                   0001393b f i LIBCMT:_ctype.obj
 0001:0001296b       __isupper_l                0001396b f i LIBCMT:_ctype.obj
 0001:000129bc       _isupper                   000139bc f i LIBCMT:_ctype.obj
 0001:000129ea       __islower_l                000139ea f i LIBCMT:_ctype.obj
 0001:00012a3b       _islower                   00013a3b f i LIBCMT:_ctype.obj
 0001:00012a69       __isdigit_l                00013a69 f i LIBCMT:_ctype.obj
 0001:00012aba       _isdigit                   00013aba f i LIBCMT:_ctype.obj
 0001:00012ae8       __isxdigit_l               00013ae8 f i LIBCMT:_ctype.obj
 0001:00012b3e       _isxdigit                  00013b3e f i LIBCMT:_ctype.obj
 0001:00012b6e       __isspace_l                00013b6e f i LIBCMT:_ctype.obj
 0001:00012bbf       _isspace                   00013bbf f i LIBCMT:_ctype.obj
 0001:00012bed       __ispunct_l                00013bed f i LIBCMT:_ctype.obj
 0001:00012c3e       _ispunct                   00013c3e f i LIBCMT:_ctype.obj
 0001:00012c6c       __isalnum_l                00013c6c f i LIBCMT:_ctype.obj
 0001:00012cc2       _isalnum                   00013cc2 f i LIBCMT:_ctype.obj
 0001:00012cf2       __isprint_l                00013cf2 f i LIBCMT:_ctype.obj
 0001:00012d48       _isprint                   00013d48 f i LIBCMT:_ctype.obj
 0001:00012d78       __isgraph_l                00013d78 f i LIBCMT:_ctype.obj
 0001:00012dce       _isgraph                   00013dce f i LIBCMT:_ctype.obj
 0001:00012dfe       __iscntrl_l                00013dfe f i LIBCMT:_ctype.obj
 0001:00012e4f       _iscntrl                   00013e4f f i LIBCMT:_ctype.obj
 0001:00012e7d       ___isascii                 00013e7d f i LIBCMT:_ctype.obj
 0001:00012e8f       ___toascii                 00013e8f f i LIBCMT:_ctype.obj
 0001:00012e9c       __iscsymf_l                00013e9c f i LIBCMT:_ctype.obj
 0001:00012ebf       ___iscsymf                 00013ebf f i LIBCMT:_ctype.obj
 0001:00012ede       __iscsym_l                 00013ede f i LIBCMT:_ctype.obj
 0001:00012f01       ___iscsym                  00013f01 f i LIBCMT:_ctype.obj
 0001:00012f30       _modf                      00013f30 f   LIBCMT:_modf_pentium4_.obj
 0001:00012f70       __modf_pentium4            00013f70 f   LIBCMT:_modf_pentium4_.obj
 0001:00013080       __ftol2_sse                00014080 f   LIBCMT:ftol2.obj
 0001:00013089       __ftol2_pentium4           00014089 f   LIBCMT:ftol2.obj
 0001:0001309c       __ftol2_sse_excpt          0001409c f   LIBCMT:ftol2.obj
 0001:000130b6       __ftol2                    000140b6 f   LIBCMT:ftol2.obj
 0001:00013130       __aulldiv                  00014130 f   LIBCMT:ulldiv.obj
 0001:000131a0       _memcpy                    000141a0 f   LIBCMT:memcpy.obj
 0001:00013510       __aullshr                  00014510 f   LIBCMT:ullshr.obj
 0001:0001352f       __get_sys_err_msg          0001452f f i LIBCMT:strerror.obj
 0001:00013557       _strerror                  00014557 f   LIBCMT:strerror.obj
 0001:000135c1       _strerror_s                000145c1 f   LIBCMT:strerror.obj
 0001:00013614       ___crtCorExitProcess       00014614 f   LIBCMT:crt0dat.obj
 0001:0001363f       ___crtExitProcess          0001463f f   LIBCMT:crt0dat.obj
 0001:00013657       __lockexit                 00014657 f   LIBCMT:crt0dat.obj
 0001:00013660       __unlockexit               00014660 f   LIBCMT:crt0dat.obj
 0001:00013669       __init_pointers            00014669 f   LIBCMT:crt0dat.obj
 0001:000136b9       __initterm_e               000146b9 f   LIBCMT:crt0dat.obj
 0001:000136dd       __get_wpgmptr              000146dd f   LIBCMT:crt0dat.obj
 0001:0001370d       __get_pgmptr               0001470d f   LIBCMT:crt0dat.obj
 0001:0001373d       __cinit                    0001473d f   LIBCMT:crt0dat.obj
 0001:00013914       _exit                      00014914 f   LIBCMT:crt0dat.obj
 0001:0001392a       __exit                     0001492a f   LIBCMT:crt0dat.obj
 0001:00013940       __cexit                    00014940 f   LIBCMT:crt0dat.obj
 0001:0001394f       __c_exit                   0001494f f   LIBCMT:crt0dat.obj
 0001:0001395e       __amsg_exit                0001495e f   LIBCMT:crt0dat.obj
 0001:0001397c       __toupper                  0001497c f   LIBCMT:toupper.obj
 0001:00013989       __toupper_l                00014989 f   LIBCMT:toupper.obj
 0001:00013a9f       _toupper                   00014a9f f   LIBCMT:toupper.obj
 0001:00013acb       _atol                      00014acb f   LIBCMT:atox.obj
 0001:00013ae1       __atol_l                   00014ae1 f   LIBCMT:atox.obj
 0001:00013afa       _atoi                      00014afa f   LIBCMT:atox.obj
 0001:00013b05       __atoi_l                   00014b05 f   LIBCMT:atox.obj
 0001:00013b10       __atoi64                   00014b10 f   LIBCMT:atox.obj
 0001:00013b26       __atoi64_l                 00014b26 f   LIBCMT:atox.obj
 0001:00013b3f       _sprintf                   00014b3f f   LIBCMT:sprintf.obj
 0001:00013bc3       __sprintf_l                00014bc3 f   LIBCMT:sprintf.obj
 0001:00013bdf       _sprintf_s                 00014bdf f   LIBCMT:sprintf.obj
 0001:00013bfd       __sprintf_s_l              00014bfd f   LIBCMT:sprintf.obj
 0001:00013c1c       __snprintf_s               00014c1c f   LIBCMT:sprintf.obj
 0001:00013c3d       __snprintf_s_l             00014c3d f   LIBCMT:sprintf.obj
 0001:00013c5f       __sprintf_p                00014c5f f   LIBCMT:sprintf.obj
 0001:00013c7d       __sprintf_p_l              00014c7d f   LIBCMT:sprintf.obj
 0001:00013c9c       __scprintf                 00014c9c f   LIBCMT:sprintf.obj
 0001:00013cb1       __scprintf_p               00014cb1 f   LIBCMT:sprintf.obj
 0001:00013cc6       __scprintf_l               00014cc6 f   LIBCMT:sprintf.obj
 0001:00013cdf       __scprintf_p_l             00014cdf f   LIBCMT:sprintf.obj
 0001:00013cf8       __close_nolock             00014cf8 f   LIBCMT:close.obj
 0001:00013d94       __close                    00014d94 f   LIBCMT:close.obj
 0001:00013e60       _strspn                    00014e60 f   LIBCMT:strspn.obj
 0001:000140d1       _strtol                    000150d1 f   LIBCMT:strtol.obj
 0001:000140fc       __strtol_l                 000150fc f   LIBCMT:strtol.obj
 0001:00014119       _strtoul                   00015119 f   LIBCMT:strtol.obj
 0001:00014145       __strtoul_l                00015145 f   LIBCMT:strtol.obj
 0001:00014170       _memchr                    00015170 f   LIBCMT:memchr.obj
 0001:000144ba       __strtoi64                 000154ba f   LIBCMT:strtoq.obj
 0001:000144e5       __strtoi64_l               000154e5 f   LIBCMT:strtoq.obj
 0001:00014502       __strtoui64                00015502 f   LIBCMT:strtoq.obj
 0001:0001452e       __strtoui64_l              0001552e f   LIBCMT:strtoq.obj
 0001:0001454b       __get_errno_from_oserr     0001554b f   LIBCMT:dosmap.obj
 0001:0001458d       __errno                    0001558d f   LIBCMT:dosmap.obj
 0001:000145a0       ___doserrno                000155a0 f   LIBCMT:dosmap.obj
 0001:000145b3       __dosmaperr                000155b3 f   LIBCMT:dosmap.obj
 0001:000145d6       __set_errno                000155d6 f   LIBCMT:dosmap.obj
 0001:000145f7       __get_errno                000155f7 f   LIBCMT:dosmap.obj
 0001:0001461c       __set_doserrno             0001561c f   LIBCMT:dosmap.obj
 0001:0001463d       __get_doserrno             0001563d f   LIBCMT:dosmap.obj
 0001:00014662       _wcschr                    00015662 f   LIBCMT:wcschr.obj
 0001:00014689       __endthreadex              00015689 f   LIBCMT:threadex.obj
 0001:0001474e       __beginthreadex            0001574e f   LIBCMT:threadex.obj
 0001:000147f0       __allshr                   000157f0 f   LIBCMT:llshr.obj
 0001:00014811       __set_osfhnd               00015811 f   LIBCMT:osfinfo.obj
 0001:00014892       __free_osfhnd              00015892 f   LIBCMT:osfinfo.obj
 0001:00014918       __get_osfhandle            00015918 f   LIBCMT:osfinfo.obj
 0001:00014981       ___lock_fhandle            00015981 f   LIBCMT:osfinfo.obj
 0001:00014a20       __unlock_fhandle           00015a20 f   LIBCMT:osfinfo.obj
 0001:00014a47       __alloc_osfhnd             00015a47 f   LIBCMT:osfinfo.obj
 0001:00014be0       __open_osfhandle           00015be0 f   LIBCMT:osfinfo.obj
 0001:00014cf6       __setmode_nolock           00015cf6 f   LIBCMT:setmode.obj
 0001:00014db1       __set_fmode                00015db1 f   LIBCMT:setmode.obj
 0001:00014df3       __get_fmode                00015df3 f   LIBCMT:setmode.obj
 0001:00014e20       __setmode                  00015e20 f   LIBCMT:setmode.obj
 0001:00015089       __dup2                     00016089 f   LIBCMT:dup2.obj
 0001:0001518e       __commit                   0001618e f   LIBCMT:commit.obj
 0001:00015267       _setvbuf                   00016267 f   LIBCMT:setvbuf.obj
 0001:0001535d       __flush                    0001635d f   LIBCMT:fflush.obj
 0001:000153c5       __fflush_nolock            000163c5 f   LIBCMT:fflush.obj
 0001:000154e7       _fflush                    000164e7 f   LIBCMT:fflush.obj
 0001:0001553a       __flushall                 0001653a f   LIBCMT:fflush.obj
 0001:000155f9       ___onexitinit              000165f9 f   LIBCMT:onexit.obj
 0001:0001562a       __onexit                   0001662a f   LIBCMT:onexit.obj
 0001:00015666       _atexit                    00016666 f   LIBCMT:onexit.obj
 0001:0001567d       _wcsncmp                   0001667d f   LIBCMT:wcsncmp.obj
 0001:000156c0       _strlen                    000166c0 f   LIBCMT:strlen.obj
 0001:0001574b       __fullpath                 0001674b f   LIBCMT:fullpath.obj
 0001:00015842       ___dtoxmode                00016842 f   LIBCMT:stat.obj
 0001:000159d9       __stat32                   000169d9 f   LIBCMT:stat.obj
 0001:00015e03       __fstat64i32               00016e03 f   LIBCMT:fstati32.obj
 0001:00016889       __open                     00017889 f   LIBCMT:open.obj
 0001:00016937       __sopen_helper             00017937 f   LIBCMT:open.obj
 0001:000169fb       __sopen                    000179fb f   LIBCMT:open.obj
 0001:00016a2d       __sopen_s                  00017a2d f   LIBCMT:open.obj
 0001:00016a4d       ___loctotime64_t           00017a4d f   LIBCMT:dtoxtm64.obj
 0001:00016cb4       __getdrive                 00017cb4 f   LIBCMT:drive.obj
 0001:00016d82       __chdrive                  00017d82 f   LIBCMT:drive.obj
 0001:00016e1e       __mbctolower_l             00017e1e f   LIBCMT:mbtolwr.obj
 0001:00016ec4       __mbctolower               00017ec4 f   LIBCMT:mbtolwr.obj
 0001:00016ed7       __mbspbrk_l                00017ed7 f   LIBCMT:mbspbrk.obj
 0001:00016f9c       __mbspbrk                  00017f9c f   LIBCMT:mbspbrk.obj
 0001:00016fb3       __initp_misc_invarg        00017fb3 f   LIBCMT:invarg.obj
 0001:00016fc2       __call_reportfault         00017fc2 f   LIBCMT:invarg.obj
 0001:000170eb       __set_invalid_parameter_handler 000180eb f   LIBCMT:invarg.obj
 0001:00017112       __get_invalid_parameter_handler 00018112 f   LIBCMT:invarg.obj
 0001:0001711f       __invoke_watson            0001811f f   LIBCMT:invarg.obj
 0001:00017144       ?_invoke_watson@@YAXPBG00II@Z 00018144 f   LIBCMT:invarg.obj
 0001:0001715e       __invalid_parameter        0001815e f   LIBCMT:invarg.obj
 0001:0001718b       __invalid_parameter_noinfo 0001818b f   LIBCMT:invarg.obj
 0001:0001719b       __invalid_parameter_noinfo_noreturn 0001819b f   LIBCMT:invarg.obj
 0001:000171c9       ?_invalid_parameter@@YAXPBG00II@Z 000181c9 f   LIBCMT:invarg.obj
 0001:000171d4       ___report_gsfailure        000181d4 f   LIBCMT:gs_report.obj
 0001:000172da       __VEC_memzero              000182da f   LIBCMT:p4_memset.obj
 0001:00017394       ___sse2_available_init     00018394 f   LIBCMT:cpu_disp.obj
 0001:000173a4       __stbuf                    000183a4 f   LIBCMT:_sftbuf.obj
 0001:00017440       __ftbuf                    00018440 f   LIBCMT:_sftbuf.obj
 0001:0001752f       _get_int_arg               0001852f f i LIBCMT:output.obj
 0001:00017541       _get_int64_arg             00018541 f i LIBCMT:output.obj
 0001:00017556       _get_short_arg             00018556 f i LIBCMT:output.obj
 0001:00017569       __output_l                 00018569 f   LIBCMT:output.obj
 0001:00018171       __ioinit                   00019171 f   LIBCMT:ioinit.obj
 0001:000183b6       __ioterm                   000193b6 f   LIBCMT:ioinit.obj
 0001:00018409       __fileno                   00019409 f   LIBCMT:fileno.obj
 0001:00018430       __SEH_prolog4              00019430 f   LIBCMT:sehprolg4.obj
 0001:00018475       __SEH_epilog4              00019475 f   LIBCMT:sehprolg4.obj
 0001:000184c0       __except_handler4          000194c0 f   LIBCMT:chandler4.obj
 0001:0001864f       _vfprintf_helper           0001964f f   LIBCMT:vfprintf.obj
 0001:0001875a       __vfprintf_l               0001975a f   LIBCMT:vfprintf.obj
 0001:0001877a       __vfprintf_s_l             0001977a f   LIBCMT:vfprintf.obj
 0001:0001879a       __vfprintf_p_l             0001979a f   LIBCMT:vfprintf.obj
 0001:000187ba       _vfprintf                  000197ba f   LIBCMT:vfprintf.obj
 0001:000187d9       _vfprintf_s                000197d9 f   LIBCMT:vfprintf.obj
 0001:000187f8       __vfprintf_p               000197f8 f   LIBCMT:vfprintf.obj
 0001:00018817       _wait_a_bit                00019817 f i LIBCMT:crtheap.obj
 0001:0001883d       __set_malloc_crt_max_wait  0001983d f   LIBCMT:crtheap.obj
 0001:00018852       __malloc_crt               00019852 f   LIBCMT:crtheap.obj
 0001:00018897       __calloc_crt               00019897 f   LIBCMT:crtheap.obj
 0001:000188e3       __realloc_crt              000198e3 f   LIBCMT:crtheap.obj
 0001:00018931       __recalloc_crt             00019931 f   LIBCMT:crtheap.obj
 0001:00018983       __fcloseall                00019983 f   LIBCMT:closeall.obj
 0001:00018a1f       __mtinitlocks              00019a1f f   LIBCMT:mlock.obj
 0001:00018a69       __mtdeletelocks            00019a69 f   LIBCMT:mlock.obj
 0001:00018ac0       __unlock                   00019ac0 f   LIBCMT:mlock.obj
 0001:00018ad7       __lockerr_exit             00019ad7 f   LIBCMT:mlock.obj
 0001:00018aef       __mtinitlocknum            00019aef f   LIBCMT:mlock.obj
 0001:00018bb1       __lock                     00019bb1 f   LIBCMT:mlock.obj
 0001:00018be4       __initp_heap_handler       00019be4 f   LIBCMT:handler.obj
 0001:00018bf3       ?_set_new_handler@@YAP6AHI@ZP6AHI@Z@Z 00019bf3 f   LIBCMT:handler.obj
 0001:00018c2a       ?_set_new_handler@@YAP6AHI@ZH@Z 00019c2a f   LIBCMT:handler.obj
 0001:00018c33       ?_query_new_handler@@YAP6AHI@ZXZ 00019c33 f   LIBCMT:handler.obj
 0001:00018c40       __callnewh                 00019c40 f   LIBCMT:handler.obj
 0001:00018c68       __heap_init                00019c68 f   LIBCMT:heapinit.obj
 0001:00018c86       __heap_term                00019c86 f   LIBCMT:heapinit.obj
 0001:00018c9a       __get_heap_handle          00019c9a f   LIBCMT:heapinit.obj
 0001:00018ca0       __mbsnbicoll_l             00019ca0 f   LIBCMT:mbsnbico.obj
 0001:00018d7e       __mbsnbicoll               00019d7e f   LIBCMT:mbsnbico.obj
 0001:00018d98       ___wtomb_environ           00019d98 f   LIBCMT:wtombenv.obj
 0001:00018e2f       _strcpy_s                  00019e2f f   LIBCMT:strcpy_s.obj
 0001:00018e8e       _calloc                    00019e8e f   LIBCMT:calloc.obj
 0001:00018ece       _strnlen                   00019ece f   LIBCMT:strlen_s.obj
 0001:00018eeb       __VEC_memcpy               00019eeb f   LIBCMT:p4_memcpy.obj
 0001:00018fee       __GET_RTERRMSG             00019fee f   LIBCMT:crt0msg.obj
 0001:00019014       __NMSG_WRITE               0001a014 f   LIBCMT:crt0msg.obj
 0001:000191c3       __FF_MSGBANNER             0001a1c3 f   LIBCMT:crt0msg.obj
 0001:000191fc       ?strrchr@@YAPADPADH@Z      0001a1fc f i LIBCMT:cvt.obj
 0001:00019207       __forcdecpt_l              0001a207 f   LIBCMT:cvt.obj
 0001:0001927b       __cropzeros_l              0001a27b f   LIBCMT:cvt.obj
 0001:000192fd       __positive                 0001a2fd f   LIBCMT:cvt.obj
 0001:00019319       __fassign_l                0001a319 f   LIBCMT:cvt.obj
 0001:0001935b       __fassign                  0001a35b f   LIBCMT:cvt.obj
 0001:00019394       __forcdecpt                0001a394 f   LIBCMT:cvt.obj
 0001:000193a7       __cropzeros                0001a3a7 f   LIBCMT:cvt.obj
 0001:0001951b       __cftoe_l                  0001a51b f   LIBCMT:cvt.obj
 0001:000195e2       __cftoe                    0001a5e2 f   LIBCMT:cvt.obj
 0001:00019602       __cftoa_l                  0001a602 f   LIBCMT:cvt.obj
 0001:00019978       __cftoa                    0001a978 f   LIBCMT:cvt.obj
 0001:00019a9b       __cftof_l                  0001aa9b f   LIBCMT:cvt.obj
 0001:00019b5c       __cftof                    0001ab5c f   LIBCMT:cvt.obj
 0001:00019b79       __cftog_l                  0001ab79 f   LIBCMT:cvt.obj
 0001:00019c66       __cftog                    0001ac66 f   LIBCMT:cvt.obj
 0001:00019c86       __cfltcvt_l                0001ac86 f   LIBCMT:cvt.obj
 0001:00019d0e       __cfltcvt                  0001ad0e f   LIBCMT:cvt.obj
 0001:00019d31       __initp_misc_cfltcvt_tab   0001ad31 f   LIBCMT:cmiscdat.obj
 0001:00019d54       __setdefaultprecision      0001ad54 f   LIBCMT:fp8.obj
 0001:00019d7c       __encoded_null             0001ad7c f   LIBCMT:tidtable.obj
 0001:00019d85       ___crtTlsAlloc@4           0001ad85 f   LIBCMT:tidtable.obj
 0001:00019d8e       ___fls_getvalue@4          0001ad8e f   LIBCMT:tidtable.obj
 0001:00019da8       ___get_flsindex            0001ada8 f   LIBCMT:tidtable.obj
 0001:00019dae       ___set_flsgetvalue         0001adae f   LIBCMT:tidtable.obj
 0001:00019de2       ___fls_setvalue@8          0001ade2 f   LIBCMT:tidtable.obj
 0001:00019dff       __mtterm                   0001adff f   LIBCMT:tidtable.obj
 0001:00019e3c       __initptd                  0001ae3c f   LIBCMT:tidtable.obj
 0001:00019ef0       __getptd_noexit            0001aef0 f   LIBCMT:tidtable.obj
 0001:00019f69       __getptd                   0001af69 f   LIBCMT:tidtable.obj
 0001:00019f83       __freefls@4                0001af83 f   LIBCMT:tidtable.obj
 0001:0001a0b2       __freeptd                  0001b0b2 f   LIBCMT:tidtable.obj
 0001:0001a120       ___threadid                0001b120 f   LIBCMT:tidtable.obj
 0001:0001a126       ___threadhandle            0001b126 f   LIBCMT:tidtable.obj
 0001:0001a12c       __mtinit                   0001b12c f   LIBCMT:tidtable.obj
 0001:0001a2a7       __setenvp                  0001b2a7 f   LIBCMT:stdenvp.obj
 0001:0001a383       __set_pgmptr               0001b383 f i LIBCMT:stdargv.obj
 0001:0001a52c       __setargv                  0001b52c f   LIBCMT:stdargv.obj
 0001:0001a5e7       ___crtGetEnvironmentStringsA 0001b5e7 f   LIBCMT:a_env.obj
 0001:0001a67e       __RTC_Initialize           0001b67e f   LIBCMT:_initsect_.obj
 0001:0001a6a4       __RTC_Terminate            0001b6a4 f   LIBCMT:_initsect_.obj
 0001:0001a6f0       __XcptFilter               0001b6f0 f   LIBCMT:winxfltr.obj
 0001:0001a83a       ___CppXcptFilter           0001b83a f   LIBCMT:winxfltr.obj
 0001:0001a85a       _DllMain@12                0001b85a f   LIBCMT:dllmain.obj
 0001:0001a860       ___security_init_cookie    0001b860 f   LIBCMT:gs_support.obj
 0001:0001ab1e       ___updatetmbcinfo          0001bb1e f   LIBCMT:mbctype.obj
 0001:0001ac3e       __setmbcp_nolock           0001bc3e f   LIBCMT:mbctype.obj
 0001:0001ae27       __getmbcp                  0001be27 f   LIBCMT:mbctype.obj
 0001:0001ae65       __setmbcp                  0001be65 f   LIBCMT:mbctype.obj
 0001:0001afff       ___initmbctable            0001bfff f   LIBCMT:mbctype.obj
 0001:0001b01d       ___addlocaleref            0001c01d f   LIBCMT:localref.obj
 0001:0001b0ac       ___removelocaleref         0001c0ac f   LIBCMT:localref.obj
 0001:0001b145       ___freetlocinfo            0001c145 f   LIBCMT:localref.obj
 0001:0001b290       __updatetlocinfoEx_nolock  0001c290 f   LIBCMT:localref.obj
 0001:0001b2dd       ___updatetlocinfo          0001c2dd f   LIBCMT:localref.obj
 0001:0001b356       __isctype_l                0001c356 f   LIBCMT:isctype.obj
 0001:0001b40e       __isctype                  0001c40e f   LIBCMT:isctype.obj
 0001:0001b440       ____setlc_active_func      0001c440 f   LIBCMT:setlocal.obj
 0001:0001b446       ____unguarded_readlc_active_add_func 0001c446 f   LIBCMT:setlocal.obj
 0001:0001b472       __configthreadlocale       0001c472 f   LIBCMT:setlocal.obj
 0001:0001b4f9       __free_locale              0001c4f9 f   LIBCMT:setlocal.obj
 0001:0001b5bb       ___free_locale             0001c5bb f   LIBCMT:setlocal.obj
 0001:0001b5c6       __get_current_locale       0001c5c6 f   LIBCMT:setlocal.obj
 0001:0001b675       ___get_current_locale      0001c675 f   LIBCMT:setlocal.obj
 0001:0001b67a       ___init_dummy              0001c67a f   LIBCMT:setlocal.obj
 0001:0001b67d       __strcats                  0001c67d f   LIBCMT:setlocal.obj
 0001:0001b6be       ___lc_strtolc              0001c6be f   LIBCMT:setlocal.obj
 0001:0001b7dd       ___lc_lctostr              0001c7dd f   LIBCMT:setlocal.obj
 0001:0001b9ad       __expandlocale             0001c9ad f   LIBCMT:setlocal.obj
 0001:0001c124       __create_locale            0001d124 f   LIBCMT:setlocal.obj
 0001:0001c219       ___create_locale           0001d219 f   LIBCMT:setlocal.obj
 0001:0001c224       _setlocale                 0001d224 f   LIBCMT:setlocal.obj
 0001:0001c398       __set_SSE2_enable          0001d398 f   LIBCMT:_mathfcns_.obj
 0001:0001c3b1       __sse2_mathfcns_init       0001d3b1 f   LIBCMT:_mathfcns_.obj
 0001:0001c3c1       __modf_default             0001d3c1 f   LIBCMT:_modf_.obj
 0001:0001c4d6       ___libm_setusermatherr     0001d4d6 f   LIBCMT:_libm_error_.obj
 0001:0001c504       ___libm_error_support      0001d504 f   LIBCMT:_libm_error_.obj
 0001:0001c7d0       ___sys_nerr                0001d7d0 f   LIBCMT:syserr.obj
 0001:0001c7d6       ___sys_errlist             0001d7d6 f   LIBCMT:syserr.obj
 0001:0001c7dc       _strncpy_s                 0001d7dc f   LIBCMT:strncpy_s.obj
 0001:0001c891       ?terminate@@YAXXZ          0001d891 f   LIBCMT:hooks.obj
 0001:0001c8ca       ?unexpected@@YAXXZ         0001d8ca f   LIBCMT:hooks.obj
 0001:0001c8dd       ?_inconsistency@@YAXXZ     0001d8dd f   LIBCMT:hooks.obj
 0001:0001c915       __initp_eh_hooks           0001d915 f   LIBCMT:hooks.obj
 0001:0001c926       __initp_misc_winsig        0001d926 f   LIBCMT:winsig.obj
 0001:0001ca17       ___get_sigabrt             0001da17 f   LIBCMT:winsig.obj
 0001:0001ca24       ___fpecode                 0001da24 f   LIBCMT:winsig.obj
 0001:0001ca2d       ___pxcptinfoptrs           0001da2d f   LIBCMT:winsig.obj
 0001:0001ca36       _signal                    0001da36 f   LIBCMT:winsig.obj
 0001:0001cc76       _raise                     0001dc76 f   LIBCMT:winsig.obj
 0001:0001ce19       __initp_misc_rand_s        0001de19 f   LIBCMT:rand_s.obj
 0001:0001ce28       _rand_s                    0001de28 f   LIBCMT:rand_s.obj
 0001:0001cf18       ___getlocaleinfo           0001df18 f   LIBCMT:inithelp.obj
 0001:0001d0c4       __initp_misc_purevirt      0001e0c4 f   LIBCMT:inithelp.obj
 0001:0001d0e0       __ValidateImageBase        0001e0e0 f   LIBCMT:pesect.obj
 0001:0001d120       __FindPESection            0001e120 f   LIBCMT:pesect.obj
 0001:0001d170       __IsNonwritableInCurrentImage 0001e170 f   LIBCMT:pesect.obj
 0001:0001d22c       __MarkAllocaS              0001e22c f i LIBCMT:a_map.obj
 0001:0001d242       __freea                    0001e242 f i LIBCMT:a_map.obj
 0001:0001d467       ___crtLCMapStringA         0001e467 f   LIBCMT:a_map.obj
 0001:0001d4ad       __isleadbyte_l             0001e4ad f i LIBCMT:_wctype.obj
 0001:0001d4e5       _isleadbyte                0001e4e5 f i LIBCMT:_wctype.obj
 0001:0001d4f8       __iswalpha_l               0001e4f8 f i LIBCMT:_wctype.obj
 0001:0001d50e       _iswalpha                  0001e50e f i LIBCMT:_wctype.obj
 0001:0001d524       __iswupper_l               0001e524 f i LIBCMT:_wctype.obj
 0001:0001d537       _iswupper                  0001e537 f i LIBCMT:_wctype.obj
 0001:0001d54a       __iswlower_l               0001e54a f i LIBCMT:_wctype.obj
 0001:0001d55d       _iswlower                  0001e55d f i LIBCMT:_wctype.obj
 0001:0001d570       __iswdigit_l               0001e570 f i LIBCMT:_wctype.obj
 0001:0001d583       _iswdigit                  0001e583 f i LIBCMT:_wctype.obj
 0001:0001d596       __iswxdigit_l              0001e596 f i LIBCMT:_wctype.obj
 0001:0001d5ac       _iswxdigit                 0001e5ac f i LIBCMT:_wctype.obj
 0001:0001d5c2       __iswspace_l               0001e5c2 f i LIBCMT:_wctype.obj
 0001:0001d5d5       _iswspace                  0001e5d5 f i LIBCMT:_wctype.obj
 0001:0001d5e8       __iswpunct_l               0001e5e8 f i LIBCMT:_wctype.obj
 0001:0001d5fb       _iswpunct                  0001e5fb f i LIBCMT:_wctype.obj
 0001:0001d60e       __iswalnum_l               0001e60e f i LIBCMT:_wctype.obj
 0001:0001d624       _iswalnum                  0001e624 f i LIBCMT:_wctype.obj
 0001:0001d63a       __iswprint_l               0001e63a f i LIBCMT:_wctype.obj
 0001:0001d650       _iswprint                  0001e650 f i LIBCMT:_wctype.obj
 0001:0001d666       __iswgraph_l               0001e666 f i LIBCMT:_wctype.obj
 0001:0001d67c       _iswgraph                  0001e67c f i LIBCMT:_wctype.obj
 0001:0001d692       __iswcntrl_l               0001e692 f i LIBCMT:_wctype.obj
 0001:0001d6a5       _iswcntrl                  0001e6a5 f i LIBCMT:_wctype.obj
 0001:0001d6b8       _iswascii                  0001e6b8 f i LIBCMT:_wctype.obj
 0001:0001d6cc       __iswcsym_l                0001e6cc f i LIBCMT:_wctype.obj
 0001:0001d6f2       ___iswcsym                 0001e6f2 f i LIBCMT:_wctype.obj
 0001:0001d718       __iswcsymf_l               0001e718 f i LIBCMT:_wctype.obj
 0001:0001d73e       ___iswcsymf                0001e73e f i LIBCMT:_wctype.obj
 0001:0001d764       __flsbuf                   0001e764 f   LIBCMT:_flsbuf.obj
 0001:0001d8c8       __vsprintf_l               0001e8c8 f   LIBCMT:vsprintf.obj
 0001:0001d94c       _vsprintf                  0001e94c f   LIBCMT:vsprintf.obj
 0001:0001d966       __vscprintf_helper         0001e966 f   LIBCMT:vsprintf.obj
 0001:0001d9c2       __vscprintf                0001e9c2 f   LIBCMT:vsprintf.obj
 0001:0001d9de       __vscprintf_l              0001e9de f   LIBCMT:vsprintf.obj
 0001:0001d9fb       __vscprintf_p              0001e9fb f   LIBCMT:vsprintf.obj
 0001:0001da17       __vscprintf_p_l            0001ea17 f   LIBCMT:vsprintf.obj
 0001:0001da34       __vsnprintf_helper         0001ea34 f   LIBCMT:vsnprnc.obj
 0001:0001dafe       __vsnprintf_c              0001eafe f   LIBCMT:vsnprnc.obj
 0001:0001db27       __vsnprintf_c_l            0001eb27 f   LIBCMT:vsnprnc.obj
 0001:0001db51       __vsprintf_s_l             0001eb51 f   LIBCMT:vsnprnc.obj
 0001:0001dbc8       _vsprintf_s                0001ebc8 f   LIBCMT:vsnprnc.obj
 0001:0001dbe5       __vsnprintf_s_l            0001ebe5 f   LIBCMT:vsnprnc.obj
 0001:0001dcd1       __vsnprintf_s              0001ecd1 f   LIBCMT:vsnprnc.obj
 0001:0001dcf1       __vsprintf_p               0001ecf1 f   LIBCMT:vsnprnc.obj
 0001:0001dd1a       __vsprintf_p_l             0001ed1a f   LIBCMT:vsnprnc.obj
 0001:0001dd50       __aulldvrm                 0001ed50 f   LIBCMT:ulldvrm.obj
 0001:0001dde5       __freebuf                  0001ede5 f   LIBCMT:_freebuf.obj
 0001:0001de16       __write_nolock             0001ee16 f   LIBCMT:write.obj
 0001:0001e513       __write                    0001f513 f   LIBCMT:write.obj
 0001:0001e5e7       __msize                    0001f5e7 f   LIBCMT:msize.obj
 0001:0001e61a       __validdrive               0001f61a f   LIBCMT:getcwd.obj
 0001:0001e674       __getdcwd_nolock           0001f674 f   LIBCMT:getcwd.obj
 0001:0001e798       __getcwd                   0001f798 f   LIBCMT:getcwd.obj
 0001:0001e7e1       __getdcwd                  0001f7e1 f   LIBCMT:getcwd.obj
 0001:0001e82b       __mbsicmp_l                0001f82b f   LIBCMT:mbsicmp.obj
 0001:0001ea22       __mbsicmp                  0001fa22 f   LIBCMT:mbsicmp.obj
 0001:0001ea39       __mbsrchr_l                0001fa39 f   LIBCMT:mbsrchr.obj
 0001:0001eae3       __mbsrchr                  0001fae3 f   LIBCMT:mbsrchr.obj
 0001:0001eafa       __fstat32                  0001fafa f   LIBCMT:fstat.obj
 0001:0001ee26       ___loctotime32_t           0001fe26 f   LIBCMT:dtoxtime.obj
 0001:0001f030       __SEH_prolog4_GS           00020030 f   LIBCMT:sehprolg4gs.obj
 0001:0001f078       __SEH_epilog4_GS           00020078 f   LIBCMT:sehprolg4gs.obj
 0001:0001f087       __lseeki64_nolock          00020087 f   LIBCMT:lseeki64.obj
 0001:0001f10c       __lseeki64                 0002010c f   LIBCMT:lseeki64.obj
 0001:0001f1f6       __chsize_nolock            000201f6 f   LIBCMT:chsize.obj
 0001:0001f3ac       __chsize_s                 000203ac f   LIBCMT:chsize.obj
 0001:0001f493       __chsize                   00020493 f   LIBCMT:chsize.obj
 0001:0001f4af       __read_nolock              000204af f   LIBCMT:read.obj
 0001:0001fa66       __read                     00020a66 f   LIBCMT:read.obj
 0001:0001fb5c       __lseek_nolock             00020b5c f   LIBCMT:lseek.obj
 0001:0001fbd1       __lseek                    00020bd1 f   LIBCMT:lseek.obj
 0001:0001fca5       __set_daylight             00020ca5 f i LIBCMT:tzset.obj
 0001:0001fcb6       __set_dstbias              00020cb6 f i LIBCMT:tzset.obj
 0001:0001fcc7       __set_timezone             00020cc7 f i LIBCMT:tzset.obj
 0001:000203b9       ___tzset                   000213b9 f   LIBCMT:tzset.obj
 0001:00020408       __tzset                    00021408 f   LIBCMT:tzset.obj
 0001:00020440       __isindst                  00021440 f   LIBCMT:tzset.obj
 0001:00020481       __get_daylight             00021481 f   LIBCMT:timeset.obj
 0001:000204ae       __get_dstbias              000214ae f   LIBCMT:timeset.obj
 0001:000204db       __get_timezone             000214db f   LIBCMT:timeset.obj
 0001:00020508       __get_tzname               00021508 f   LIBCMT:timeset.obj
 0001:0002059a       ___daylight                0002159a f   LIBCMT:timeset.obj
 0001:000205a0       ___dstbias                 000215a0 f   LIBCMT:timeset.obj
 0001:000205a6       ___timezone                000215a6 f   LIBCMT:timeset.obj
 0001:000205ac       ___tzname                  000215ac f   LIBCMT:timeset.obj
 0001:000205c0       _strpbrk                   000215c0 f   LIBCMT:strpbrk.obj
 0001:00020600       __crt_debugger_hook        00021600 f   LIBCMT:dbghook.obj
 0001:00020608       __isatty                   00021608 f   LIBCMT:isatty.obj
 0001:0002065e       _printf                    0002165e f   LIBCMT:printf.obj
 0001:00020705       __printf_l                 00021705 f   LIBCMT:printf.obj
 0001:0002071e       __printf_s_l               0002171e f   LIBCMT:printf.obj
 0001:00020737       _printf_s                  00021737 f   LIBCMT:printf.obj
 0001:0002074f       __printf_p_l               0002174f f   LIBCMT:printf.obj
 0001:00020768       __printf_p                 00021768 f   LIBCMT:printf.obj
 0001:00020780       __set_printf_count_output  00021780 f   LIBCMT:printf.obj
 0001:000207aa       __get_printf_count_output  000217aa f   LIBCMT:printf.obj
 0001:000207c0       __wctomb_s_l               000217c0 f   LIBCMT:wctomb.obj
 0001:00020915       _wctomb_s                  00021915 f   LIBCMT:wctomb.obj
 0001:00020932       __wctomb_l                 00021932 f   LIBCMT:wctomb.obj
 0001:00020983       _wctomb                    00021983 f   LIBCMT:wctomb.obj
 0001:000209c0       __local_unwind4            000219c0 f   LIBCMT:exsup4.obj
 0001:00020a96       __seh_longjmp_unwind4@4    00021a96 f   LIBCMT:exsup4.obj
 0001:00020ab2       @_EH4_CallFilterFunc@8     00021ab2 f   LIBCMT:exsup4.obj
 0001:00020ac9       @_EH4_TransferToHandler@8  00021ac9 f   LIBCMT:exsup4.obj
 0001:00020ae2       @_EH4_GlobalUnwind2@8      00021ae2 f   LIBCMT:exsup4.obj
 0001:00020afb       @_EH4_LocalUnwind@16       00021afb f   LIBCMT:exsup4.obj
 0001:00020bcd       __output_s_l               00021bcd f   LIBCMT:outputs.obj
 0001:00021801       __validate_param_reuseA    00022801 f   LIBCMT:outputp.obj
 0001:000219e7       _get_crtdouble_arg         000229e7 f i LIBCMT:outputp.obj
 0001:000219fc       __output_p_l               000229fc f   LIBCMT:outputp.obj
 0001:00022d20       __calloc_impl              00023d20 f   LIBCMT:calloc_impl.obj
 0001:00022da2       __recalloc                 00023da2 f   LIBCMT:recalloc.obj
 0001:00022e10       __fclose_nolock            00023e10 f   LIBCMT:fclose.obj
 0001:00022e7d       _fclose                    00023e7d f   LIBCMT:fclose.obj
 0001:0002317d       ___crtCompareStringA       0002417d f   LIBCMT:a_cmp.obj
 0001:000231bf       __strnicoll_l              000241bf f   LIBCMT:strnicol.obj
 0001:000232a9       __strnicoll                000242a9 f   LIBCMT:strnicol.obj
 0001:00023384       ___crtsetenv               00024384 f   LIBCMT:setenv.obj
 0001:000235c6       ___crtMessageBoxW          000245c6 f   LIBCMT:crtmboxw.obj
 0001:00023732       _wcscat_s                  00024732 f   LIBCMT:wcscat_s.obj
 0001:000237a7       _wcsncpy_s                 000247a7 f   LIBCMT:wcsncpy_s.obj
 0001:00023874       _wcslen                    00024874 f   LIBCMT:wcslen.obj
 0001:0002388f       _wcscpy_s                  0002488f f   LIBCMT:wcscpy_s.obj
 0001:000238f2       __set_error_mode           000248f2 f   LIBCMT:errmode.obj
 0001:00023931       ___set_app_type            00024931 f   LIBCMT:errmode.obj
 0001:00023940       __tolower                  00024940 f   LIBCMT:tolower.obj
 0001:0002394d       __tolower_l                0002494d f   LIBCMT:tolower.obj
 0001:00023a62       _tolower                   00024a62 f   LIBCMT:tolower.obj
 0001:00023a8e       __atodbl_l                 00024a8e f   LIBCMT:atodbl.obj
 0001:00023b36       __atodbl                   00024b36 f   LIBCMT:atodbl.obj
 0001:00023b4d       __atoldbl_l                00024b4d f   LIBCMT:atodbl.obj
 0001:00023bf6       __atoldbl                  00024bf6 f   LIBCMT:atodbl.obj
 0001:00023c0d       __atoflt_l                 00024c0d f   LIBCMT:atodbl.obj
 0001:00023cb5       __atoflt                   00024cb5 f   LIBCMT:atodbl.obj
 0001:00023ccc       __set_output_format        00024ccc f   LIBCMT:outputformat.obj
 0001:00023cfe       __get_output_format        00024cfe f   LIBCMT:outputformat.obj
 0001:00023d04       __fptostr                  00024d04 f   LIBCMT:_fptostr.obj
 0001:00023db7       ___dtold                   00024db7 f   LIBCMT:_cfout_.obj
 0001:00023e6a       __fltout2                  00024e6a f   LIBCMT:_cfout_.obj
 0001:00023f00       __alldvrm                  00024f00 f   LIBCMT:lldvrm.obj
 0001:00023fdf       __fptrap                   00024fdf f   LIBCMT:crt0fp.obj
 0001:00023fe8       __controlfp_s              00024fe8 f   LIBCMT:_contrlfp_.obj
 0001:0002409a       __ismbbkalnum_l            0002509a f   LIBCMT:ismbbyte.obj
 0001:000240b3       __ismbbkalnum              000250b3 f   LIBCMT:ismbbyte.obj
 0001:000240cb       __ismbbkprint_l            000250cb f   LIBCMT:ismbbyte.obj
 0001:000240e4       __ismbbkprint              000250e4 f   LIBCMT:ismbbyte.obj
 0001:000240fc       __ismbbkpunct_l            000250fc f   LIBCMT:ismbbyte.obj
 0001:00024115       __ismbbkpunct              00025115 f   LIBCMT:ismbbyte.obj
 0001:0002412d       __ismbbalnum_l             0002512d f   LIBCMT:ismbbyte.obj
 0001:00024149       __ismbbalnum               00025149 f   LIBCMT:ismbbyte.obj
 0001:00024164       __ismbbalpha_l             00025164 f   LIBCMT:ismbbyte.obj
 0001:00024180       __ismbbalpha               00025180 f   LIBCMT:ismbbyte.obj
 0001:0002419b       __ismbbgraph_l             0002519b f   LIBCMT:ismbbyte.obj
 0001:000241b7       __ismbbgraph               000251b7 f   LIBCMT:ismbbyte.obj
 0001:000241d2       __ismbbprint_l             000251d2 f   LIBCMT:ismbbyte.obj
 0001:000241ee       __ismbbprint               000251ee f   LIBCMT:ismbbyte.obj
 0001:00024209       __ismbbpunct_l             00025209 f   LIBCMT:ismbbyte.obj
 0001:00024222       __ismbbpunct               00025222 f   LIBCMT:ismbbyte.obj
 0001:0002423a       __ismbblead_l              0002523a f   LIBCMT:ismbbyte.obj
 0001:00024253       __ismbblead                00025253 f   LIBCMT:ismbbyte.obj
 0001:0002426b       __ismbbtrail_l             0002526b f   LIBCMT:ismbbyte.obj
 0001:00024284       __ismbbtrail               00025284 f   LIBCMT:ismbbyte.obj
 0001:0002429c       __ismbbkana_l              0002529c f   LIBCMT:ismbbyte.obj
 0001:000242f1       __ismbbkana                000252f1 f   LIBCMT:ismbbyte.obj
 0001:000243eb       ___crtGetStringTypeA       000253eb f   LIBCMT:a_str.obj
[...]
 0003:00002bf4       ___dyn_tls_init_callback   00039bf4     <common>
 0003:00002bf8       __acmdln                   00039bf8     <common>
 0003:00002bfc       ___piob                    00039bfc     <common>
 0003:00002c00       __bufin                    00039c00     <common>
 0003:00003c00       __nstream                  0003ac00     <common>

 entry point at        0001:000126bc

 Static symbols

 0001:00000000       _stat                      00001000 f   dynatrace_adk.obj
 0001:00000010       _remove_quotes             00001010 f   dynatrace_adk.obj
 0001:00000060       _file_exists               00001060 f   dynatrace_adk.obj
 0001:000000a0       _str_trimright             000010a0 f   dynatrace_adk.obj
 0001:000000d0       _init_dummytag             000010d0 f   dynatrace_adk.obj
 0001:00000100       _init_dummytagstring       00001100 f   dynatrace_adk.obj
 0001:00001710       _FileTimeToAprTime         00002710 f   apr-1:time.obj
 0001:00001750       _AprTimeToFileTime         00002750 f   apr-1:time.obj
 0001:00001790       _apr_winapi_NtSetTimerResolution 00002790 f   apr-1:time.obj
 0001:000017e0       _get_local_timezone        000027e0 f   apr-1:time.obj
 0001:00001820       _SystemTimeToAprExpTime    00002820 f   apr-1:time.obj
 0001:00001fa0       _clock_restore             00002fa0 f   apr-1:time.obj
 0001:000020b0       _dso_cleanup               000030b0 f   apr-1:dso.obj
 0001:00002640       _apr_cvt                   00003640 f   apr-1:apr_snprintf.obj
 0001:00002830       _apr_ecvt                  00003830 f   apr-1:apr_snprintf.obj
 0001:00002850       _apr_fcvt                  00003850 f   apr-1:apr_snprintf.obj
 0001:00002870       _apr_gcvt                  00003870 f   apr-1:apr_snprintf.obj
 0001:00002a30       _conv_10                   00003a30 f   apr-1:apr_snprintf.obj
 0001:00002aa0       _conv_10_quad              00003aa0 f   apr-1:apr_snprintf.obj
 0001:00002b80       _conv_in_addr              00003b80 f   apr-1:apr_snprintf.obj
 0001:00002c10       _conv_apr_sockaddr         00003c10 f   apr-1:apr_snprintf.obj
 0001:00002ca0       _conv_os_thread_t          00003ca0 f   apr-1:apr_snprintf.obj
 0001:00002cc0       _conv_fp                   00003cc0 f   apr-1:apr_snprintf.obj
 0001:00002e70       _conv_p2                   00003e70 f   apr-1:apr_snprintf.obj
 0001:00002ec0       _conv_p2_quad              00003ec0 f   apr-1:apr_snprintf.obj
 0001:00002f40       _conv_os_thread_t_hex      00003f40 f   apr-1:apr_snprintf.obj
 0001:00003fa0       _snprintf_flush            00004fa0 f   apr-1:apr_snprintf.obj
 0001:00004180       _allocator_alloc           00005180 f   apr-1:apr_pools.obj
 0001:000042c0       _allocator_free            000052c0 f   apr-1:apr_pools.obj
 0001:000046b0       _psprintf_flush            000056b0 f   apr-1:apr_pools.obj
 0001:00004b10       _run_cleanups              00005b10 f   apr-1:apr_pools.obj
 0001:00004b80       _free_proc_chain           00005b80 f   apr-1:apr_pools.obj
 0001:000050a0       _stuffbuffer               000060a0 f   apr-1:errorcodes.obj
 0001:000050b0       _apr_error_string          000060b0 f   apr-1:errorcodes.obj
 0001:000052b0       _apr_os_strerror           000062b0 f   apr-1:errorcodes.obj
 0001:00005340       _native_strerror           00006340 f   apr-1:errorcodes.obj
 0001:000053e0       _apr_malloc_dbg            000063e0 f   apr-1:start.obj
 0001:000053f0       _apr_realloc_dbg           000063f0 f   apr-1:start.obj
 0001:00005400       _apr_winapi_CommandLineToArgvW 00006400 f   apr-1:start.obj
 0001:00005440       _warrsztoastr              00006440 f   apr-1:start.obj
 0001:00005710       _compare_right             00006710 f   apr-1:apr_strnatcmp.obj
 0001:000057b0       _compare_left              000067b0 f   apr-1:apr_strnatcmp.obj
 0001:00005830       _strnatcmp0                00006830 f   apr-1:apr_strnatcmp.obj
 0001:00005df0       _apr_winapi_CancelIo       00006df0 f   apr-1:open.obj
 0001:00006160       _make_sparse_file          00007160 f   apr-1:open.obj
 0001:00006c30       _get_local_addr            00007c30 f   apr-1:sockaddr.obj
 0001:00006c90       _get_remote_addr           00007c90 f   apr-1:sockaddr.obj
 0001:00006f20       _find_addresses            00007f20 f   apr-1:sockaddr.obj
 0001:000071f0       _parse_network             000081f0 f   apr-1:sockaddr.obj
 0001:00007330       _parse_ip                  00008330 f   apr-1:sockaddr.obj
 0001:00007370       _looks_like_ip             00008370 f   apr-1:sockaddr.obj
 0001:000073c0       _fix_subnet                000083c0 f   apr-1:sockaddr.obj
 0001:00007ad0       _apr_winapi_TryEnterCriticalSection 00008ad0 f   apr-1:thread_mutex.obj
 0001:00007b10       _thread_mutex_cleanup      00008b10 f   apr-1:thread_mutex.obj
 0001:00007da0       _alloc_array               00008da0 f   apr-1:apr_hash.obj
 0001:00007e90       _expand_array              00008e90 f   apr-1:apr_hash.obj
 0001:00007f60       _find_entry                00008f60 f   apr-1:apr_hash.obj
 0001:00008550       _apr_winapi_CreateToolhelp32Snapshot 00009550 f   apr-1:proc.obj
 0001:00008590       _apr_winapi_Process32FirstW 00009590 f   apr-1:proc.obj
 0001:000085d0       _apr_winapi_Process32NextW 000095d0 f   apr-1:proc.obj
 0001:00008910       _attr_cleanup              00009910 f   apr-1:proc.obj
 0001:00008bc0       _has_space                 00009bc0 f   apr-1:proc.obj
 0001:00008bf0       _apr_caret_escape_args     00009bf0 f   apr-1:proc.obj
 0001:00008cb0       _threadproc_global_cleanup 00009cb0 f   apr-1:proc.obj
 0001:00009780       _why_from_exit_code        0000a780 f   apr-1:proc.obj
 0001:0000a0a0       _apr_winapi_SwitchToThread 0000b0a0 f   apr-1:thread.obj
 0001:0000a180       _dummy_worker              0000b180 f   apr-1:thread.obj
 0001:0000a530       _apr_malloc_dbg            0000b530 f   apr-1:internal.obj
 0001:0000a540       _apr_realloc_dbg           0000b540 f   apr-1:internal.obj
 0001:0000a6b0       _apr_winapi_CancelIo       0000b6b0 f   apr-1:readwrite.obj
 0001:0000a6f0       _read_with_timeout         0000b6f0 f   apr-1:readwrite.obj
 0001:0000a9c0       _file_printf_flush         0000b9c0 f   apr-1:readwrite.obj
 0001:0000bae0       _inet_ntop4                0000cae0 f   apr-1:inet_ntop.obj
 0001:0000bba0       _inet_pton4                0000cba0 f   apr-1:inet_pton.obj
 0001:0000de50       _setptr                    0000ee50 f   apr-1:seek.obj
 0001:0000e170       _apr_winapi_GetFileAttributesExA 0000f170 f   apr-1:filestat.obj
 0001:0000e1b0       _apr_winapi_GetFileAttributesExW 0000f1b0 f   apr-1:filestat.obj
 0001:0000e1f0       _apr_winapi_GetEffectiveRightsFromAclW 0000f1f0 f   apr-1:filestat.obj
 0001:0000e240       _apr_winapi_GetNamedSecurityInfoW 0000f240 f   apr-1:filestat.obj
 0001:0000e2a0       _apr_winapi_GetNamedSecurityInfoA 0000f2a0 f   apr-1:filestat.obj
 0001:0000e300       _apr_winapi_GetSecurityInfo 0000f300 f   apr-1:filestat.obj
 0001:0000e360       _apr_winapi_GetCompressedFileSizeA 0000f360 f   apr-1:filestat.obj
 0001:0000e3a0       _apr_winapi_GetCompressedFileSizeW 0000f3a0 f   apr-1:filestat.obj
 0001:0000e3e0       _apr_winapi_ZwQueryInformationFile 0000f3e0 f   apr-1:filestat.obj
 0001:0000e430       _FileTimeToAprTime         0000f430 f   apr-1:filestat.obj
 0001:0000e470       _AprTimeToFileTime         0000f470 f   apr-1:filestat.obj
 0001:0000e4b0       _test_safe_name            0000f4b0 f   apr-1:filestat.obj
 0001:0000e520       _free_localheap            0000f520 f   apr-1:filestat.obj
 0001:0000e540       _free_world                0000f540 f   apr-1:filestat.obj
 0001:0000e560       _convert_prot              0000f560 f   apr-1:filestat.obj
 0001:0000e590       _resolve_prot              0000f590 f   apr-1:filestat.obj
 0001:0000e780       _guess_protection_bits     0000f780 f   apr-1:filestat.obj
 0001:0000ef80       _resolve_ident             0000ff80 f   apr-1:filestat.obj
 0001:0000f6f0       _make_array_core           000106f0 f   apr-1:apr_tables.obj
 0001:0000f870       _apr_array_push_noclear    00010870 f   apr-1:apr_tables.obj
 0001:0000f9e0       _copy_array_hdr_core       000109e0 f   apr-1:apr_tables.obj
 0001:0000fc60       _table_reindex             00010c60 f   apr-1:apr_tables.obj
 0001:00010710       _table_mergesort           00011710 f   apr-1:apr_tables.obj
 0001:00010a90       _apr_table_cat             00011a90 f   apr-1:apr_tables.obj
 0001:00010f9c       _IsRootUNCName             00011f9c f   LIBCMT:stati32.obj
 0001:00011016       __fullpath_helper          00012016 f   LIBCMT:stati32.obj
 0001:00011b8e       __getenv_s_helper          00012b8e f   LIBCMT:getenv.obj
 0001:00011c19       __dupenv_s_helper          00012c19 f   LIBCMT:getenv.obj
 0001:000125c6       ___DllMainCRTStartup       000135c6 f   LIBCMT:dllcrt0.obj
 0001:0001369c       __initterm                 0001469c f   LIBCMT:crt0dat.obj
 0001:000137d4       _doexit                    000147d4 f   LIBCMT:crt0dat.obj
 0001:00013ea6       ?strtoxl@@YAKPAUlocaleinfo_struct@@PBDPAPBDHH@Z 00014ea6 f   LIBCMT:strtol.obj
 0001:0001421d       ?strtoxq@@YA_KPAUlocaleinfo_struct@@PBDPAPBDHH@Z 0001521d f   LIBCMT:strtoq.obj
 0001:000146a8       __callthreadstartex        000156a8 f   LIBCMT:threadex.obj
 0001:000146e9       __threadstartex@4          000156e9 f   LIBCMT:threadex.obj
 0001:00014f0b       __dup2_nolock              00015f0b f   LIBCMT:dup2.obj
 0001:0001501b       _extend_ioinfo_arrays      0001601b f   LIBCMT:dup2.obj
 0001:0001540d       _flsall                    0001640d f   LIBCMT:fflush.obj
 0001:00015543       __onexit_nolock            00016543 f   LIBCMT:onexit.obj
 0001:000158ff       _IsRootUNCName             000168ff f   LIBCMT:stat.obj
 0001:00015979       __fullpath_helper          00016979 f   LIBCMT:stat.obj
 0001:00016155       __tsopen_nolock            00017155 f   LIBCMT:open.obj
 0001:00017474       _write_char                00018474 f   LIBCMT:output.obj
 0001:000174a7       _write_multi_char          000184a7 f   LIBCMT:output.obj
 0001:000174cd       _write_string              000184cd f   LIBCMT:output.obj
 0001:00018490       _ValidateLocalCookies      00019490 f   LIBCMT:chandler4.obj
 0001:00019375       __shift                    0001a375 f   LIBCMT:cvt.obj
 0001:000193ba       __cftoe2_l                 0001a3ba f   LIBCMT:cvt.obj
 0001:00019998       __cftof2_l                 0001a998 f   LIBCMT:cvt.obj
 0001:0001a392       _parse_cmdline             0001b392 f   LIBCMT:stdargv.obj
 0001:0001a6ca       _xcptlookup                0001b6ca f   LIBCMT:winxfltr.obj
 0001:0001a8fb       ?CPtoLCID@@YAHH@Z          0001b8fb f   LIBCMT:mbctype.obj
 0001:0001a92a       ?setSBCS@@YAXPAUthreadmbcinfostruct@@@Z 0001b92a f   LIBCMT:mbctype.obj
 0001:0001a98e       ?setSBUpLow@@YAXPAUthreadmbcinfostruct@@@Z 0001b98e f   LIBCMT:mbctype.obj
 0001:0001abc2       ?getSystemCP@@YAHH@Z       0001bbc2 f   LIBCMT:mbctype.obj
 0001:0001b44c       __copytlocinfo_nolock      0001c44c f   LIBCMT:setlocal.obj
 0001:0001b4d0       _sync_legacy_variables_lk  0001c4d0 f   LIBCMT:setlocal.obj
 0001:0001b848       __setlocale_get_all        0001c848 f   LIBCMT:setlocal.obj
 0001:0001bbce       __setlocale_set_cat        0001cbce f   LIBCMT:setlocal.obj
 0001:0001bf08       __setlocale_nolock         0001cf08 f   LIBCMT:setlocal.obj
 0001:0001c944       _ctrlevent_capture@4       0001d944 f   LIBCMT:winsig.obj
 0001:0001c9e0       _siglookup                 0001d9e0 f   LIBCMT:winsig.obj
 0001:0001d262       ?strncnt@@YAHPBDH@Z        0001e262 f   LIBCMT:a_map.obj
 0001:0001d280       ?__crtLCMapStringA_stat@@YAHPAUlocaleinfo_struct@@KKPBDHPADHHH@Z 0001e280 f   LIBCMT:a_map.obj
 0001:0001fcd8       __tzset_nolock             00020cd8 f   LIBCMT:tzset.obj
 0001:0001ffeb       _cvtdate                   00020feb f   LIBCMT:tzset.obj
 0001:000201e2       __isindst_nolock           000211e2 f   LIBCMT:tzset.obj
 0001:00020a50       __unwind_handler4          00021a50 f   LIBCMT:exsup4.obj
 0001:00020b12       _write_char                00021b12 f   LIBCMT:outputs.obj
 0001:00020b45       _write_multi_char          00021b45 f   LIBCMT:outputs.obj
 0001:00020b6b       _write_string              00021b6b f   LIBCMT:outputs.obj
 0001:0002192c       _write_char                0002292c f   LIBCMT:outputp.obj
 0001:0002195f       _write_multi_char          0002295f f   LIBCMT:outputp.obj
 0001:00021985       _write_string              00022985 f   LIBCMT:outputp.obj
 0001:00022ef1       ?strncnt@@YAHPBDH@Z        00023ef1 f   LIBCMT:a_cmp.obj
 0001:00022f0f       ?__crtCompareStringA_stat@@YAHPAUlocaleinfo_struct@@KKPBDH1HH@Z 00023f0f f   LIBCMT:a_cmp.obj
 0001:000232d2       _findenv                   000242d2 f   LIBCMT:setenv.obj
 0001:00023324       _copy_environ              00024324 f   LIBCMT:setenv.obj
 0001:00024047       ?x_ismbbtype_l@@YAHPAUlocaleinfo_struct@@IHH@Z 00025047 f   LIBCMT:ismbbyte.obj
 0001:00024304       ?__crtGetStringTypeA_stat@@YAHPAUlocaleinfo_struct@@KPBDHPAGHHH@Z 00025304 f   LIBCMT:a_str.obj
 0001:0002442b       __get_lc_time              0002542b f   LIBCMT:inittime.obj
 0001:0002501e       _fix_grouping              0002601e f   LIBCMT:initnum.obj
 0001:000252a7       _fix_grouping              000262a7 f   LIBCMT:initmon.obj
 0001:00025d38       _TranslateName             00026d38 f   LIBCMT:getqloc.obj
 0001:00025d9a       _GetLcidFromDefault        00026d9a f   LIBCMT:getqloc.obj
 0001:00025dae       _ProcessCodePage           00026dae f   LIBCMT:getqloc.obj
 0001:00025e32       _TestDefaultCountry        00026e32 f   LIBCMT:getqloc.obj
 0001:00025e57       _LcidFromHexString         00026e57 f   LIBCMT:getqloc.obj
 0001:00025e88       _GetPrimaryLen             00026e88 f   LIBCMT:getqloc.obj
 0001:00025ea3       _CountryEnumProc@4         00026ea3 f   LIBCMT:getqloc.obj
 0001:00025f4a       _TestDefaultLanguage       00026f4a f   LIBCMT:getqloc.obj
 0001:00025fa5       _LangCountryEnumProc@4     00026fa5 f   LIBCMT:getqloc.obj
 0001:00026176       _LanguageEnumProc@4        00027176 f   LIBCMT:getqloc.obj
 0001:00026236       _GetLcidFromCountry        00027236 f   LIBCMT:getqloc.obj
 0001:00026262       _GetLcidFromLangCountry    00027262 f   LIBCMT:getqloc.obj
 0001:000262c9       _GetLcidFromLanguage       000272c9 f   LIBCMT:getqloc.obj
 0001:000264f6       _cmpResult                 000274f6 f   LIBCMT:memcmp.obj
 0001:00026506       _cmpBYTE                   00027506 f   LIBCMT:memcmp.obj
 0001:0002651c       _cmpWORD                   0002751c f   LIBCMT:memcmp.obj
 0001:00026558       _cmpDWORD                  00027558 f   LIBCMT:memcmp.obj
 0001:000265c8       _unaligned_memcmp          000275c8 f   LIBCMT:memcmp.obj
 0001:000294ab       __get_fname                0002a4ab f   LIBCMT:_fpexcept_.obj
 0001:0002a0e4       ?__crtGetLocaleInfoA_stat@@YAHPAUlocaleinfo_struct@@KKPADH@Z 0002b0e4 f   LIBCMT:a_loc.obj
 0001:0002a740       __unwind_handler           0002b740 f   LIBCMT:exsup.obj
 0001:0002d512       __abstract_cw              0002e512 f   LIBCMT:_ieee87_.obj
 0001:0002d5b1       __hw_cw                    0002e5b1 f   LIBCMT:_ieee87_.obj
 0001:0002d63f       __abstract_sw              0002e63f f   LIBCMT:_ieee87_.obj
 0001:0002d682       ___abstract_cw_sse2        0002e682 f   LIBCMT:_ieee87_.obj
 0001:0002d722       ___hw_cw_sse2              0002e722 f   LIBCMT:_ieee87_.obj
 0001:0002d7c2       ___abstract_sw_sse2        0002e7c2 f   LIBCMT:_ieee87_.obj
 0001:0002d805       ___fpreset_sse2            0002e805 f   LIBCMT:_ieee87_.obj
 0001:0002d8db       ___statusfp_sse2           0002e8db f   LIBCMT:_ieee87_.obj
 0001:0002d916       ___clearfp_sse2            0002e916 f   LIBCMT:_ieee87_.obj
 0001:0002d966       ___control87_sse2          0002e966 f   LIBCMT:_ieee87_.obj
 0001:0002e54d       _xtoa_s@20                 0002f54d f   LIBCMT:xtoas.obj
 0001:0002e672       @x64toa_s@24               0002f672 f   LIBCMT:xtoas.obj

 Exports

  ordinal    name

        1    _dynatrace_agent_log
               exported name: dynatrace_agent_log
        2    _dynatrace_capture_bool
               exported name: dynatrace_capture_bool
        3    _dynatrace_capture_char
               exported name: dynatrace_capture_char
        4    _dynatrace_capture_double
               exported name: dynatrace_capture_double
        5    _dynatrace_capture_float
               exported name: dynatrace_capture_float
        6    _dynatrace_capture_int16
               exported name: dynatrace_capture_int16
        7    _dynatrace_capture_int32
               exported name: dynatrace_capture_int32
        8    _dynatrace_capture_int64
               exported name: dynatrace_capture_int64
        9    _dynatrace_capture_string
               exported name: dynatrace_capture_string
       10    _dynatrace_capture_string_with_charset
               exported name: dynatrace_capture_string_with_charset
       11    _dynatrace_custom_log
               exported name: dynatrace_custom_log
       12    _dynatrace_custom_log_with_charset
               exported name: dynatrace_custom_log_with_charset
       13    _dynatrace_end_server_purepath
               exported name: dynatrace_end_server_purepath
       14    _dynatrace_enter
               exported name: dynatrace_enter
       15    _dynatrace_exception_throw
               exported name: dynatrace_exception_throw
       16    _dynatrace_exception_throw_with_charset
               exported name: dynatrace_exception_throw_with_charset
       17    _dynatrace_exit
               exported name: dynatrace_exit
       18    _dynatrace_exit_exception
               exported name: dynatrace_exit_exception
       19    _dynatrace_get_method_id
               exported name: dynatrace_get_method_id
       20    _dynatrace_get_method_id_with_charset
               exported name: dynatrace_get_method_id_with_charset
       21    _dynatrace_get_serial_no
               exported name: dynatrace_get_serial_no
       22    _dynatrace_get_tag
               exported name: dynatrace_get_tag
       23    _dynatrace_get_tag_as_string
               exported name: dynatrace_get_tag_as_string
       24    _dynatrace_get_tag_size
               exported name: dynatrace_get_tag_size
       25    _dynatrace_initialize
               exported name: dynatrace_initialize
       26    _dynatrace_is_tag_valid
               exported name: dynatrace_is_tag_valid
       27    _dynatrace_link_client_purepath
               exported name: dynatrace_link_client_purepath
       28    _dynatrace_link_client_purepath_by_customtag
               exported name: dynatrace_link_client_purepath_by_customtag
       29    _dynatrace_link_client_purepath_by_string
               exported name: dynatrace_link_client_purepath_by_string
       30    _dynatrace_reinitialize
               exported name: dynatrace_reinitialize
       31    _dynatrace_set
               exported name: dynatrace_set
       32    _dynatrace_set_customtag
               exported name: dynatrace_set_customtag
       33    _dynatrace_set_tag
               exported name: dynatrace_set_tag
       34    _dynatrace_set_tag_from_string
               exported name: dynatrace_set_tag_from_string
       35    _dynatrace_start_server_purepath
               exported name: dynatrace_start_server_purepath
       36    _dynatrace_string_to_tag
               exported name: dynatrace_string_to_tag
       37    _dynatrace_tag_to_string
               exported name: dynatrace_tag_to_string
       38    _dynatrace_uninitialize
               exported name: dynatrace_uninitialize
