 dtadk

 Timestamp is 53db9bae (Fri Aug 01 15:52:46 2014)

 Preferred load address is 0000000180000000

 Start         Length     Name                   Class
 0001:00000000 0002e37fH .text                   CODE
 0001:0002e380 00000770H .text$x                 CODE
 0002:00000000 00000568H .idata$5                DATA
 0002:00000568 00000008H .CRT$XCA                DATA
 0002:00000570 00000008H .CRT$XCZ                DATA
 0002:00000578 00000008H .CRT$XIA                DATA
 0002:00000580 00000018H .CRT$XIC                DATA
 0002:00000598 00000008H .CRT$XIZ                DATA
 0002:000005a0 00000008H .CRT$XPA                DATA
 0002:000005a8 00000008H .CRT$XPX                DATA
 0002:000005b0 00000008H .CRT$XPXA               DATA
 0002:000005b8 00000008H .CRT$XPZ                DATA
 0002:000005c0 00000008H .CRT$XTA                DATA
 0002:000005c8 00000008H .CRT$XTZ                DATA
 0002:000005d0 00004868H .rdata                  DATA
 0002:00004e38 0000009aH .rdata$debug            DATA
 0002:00004ed8 00000008H .rtc$IAA                DATA
 0002:00004ee0 00000008H .rtc$IZZ                DATA
 0002:00004ee8 00000008H .rtc$TAA                DATA
 0002:00004ef0 00000008H .rtc$TZZ                DATA
 0002:00004ef8 00003c34H .xdata                  DATA
 0002:00008b2c 00000050H .idata$2                DATA
 0002:00008b7c 00000014H .idata$3                DATA
 0002:00008b90 00000568H .idata$4                DATA
 0002:000090f8 00000b72H .idata$6                DATA
 0002:00009c70 00000584H .edata                  DATA
 0003:00000000 000019fcH .data                   DATA
 0003:00001a00 00002c24H .bss                    DATA
 0004:00000000 00002b5cH .pdata                  DATA

  Address         Publics by Value              Rva+Base               Lib:Object

 0000:00000000       ___safe_se_handler_count   0000000000000000     <absolute>
 0000:00000000       ___safe_se_handler_table   0000000000000000     <absolute>
 0000:00000000       __ImageBase                0000000180000000     <linker-defined>
 0001:00000170       dynatrace_set              0000000180001170 f   dynatrace_adk.obj
 0001:00000270       dynatrace_initialize       0000000180001270 f   dynatrace_adk.obj
 0001:00000c40       dynatrace_reinitialize     0000000180001c40 f   dynatrace_adk.obj
 0001:00000e60       dynatrace_uninitialize     0000000180001e60 f   dynatrace_adk.obj
 0001:000010f0       dynatrace_get_method_id    00000001800020f0 f   dynatrace_adk.obj
 0001:00001140       dynatrace_get_method_id_with_charset 0000000180002140 f   dynatrace_adk.obj
 0001:000011d0       dynatrace_get_serial_no    00000001800021d0 f   dynatrace_adk.obj
 0001:00001200       dynatrace_enter            0000000180002200 f   dynatrace_adk.obj
 0001:00001230       dynatrace_exit             0000000180002230 f   dynatrace_adk.obj
 0001:00001260       dynatrace_exit_exception   0000000180002260 f   dynatrace_adk.obj
 0001:00001290       dynatrace_capture_bool     0000000180002290 f   dynatrace_adk.obj
 0001:000012d0       dynatrace_capture_char     00000001800022d0 f   dynatrace_adk.obj
 0001:00001310       dynatrace_capture_double   0000000180002310 f   dynatrace_adk.obj
 0001:00001350       dynatrace_capture_float    0000000180002350 f   dynatrace_adk.obj
 0001:00001390       dynatrace_capture_int16    0000000180002390 f   dynatrace_adk.obj
 0001:000013d0       dynatrace_capture_int32    00000001800023d0 f   dynatrace_adk.obj
 0001:00001410       dynatrace_capture_int64    0000000180002410 f   dynatrace_adk.obj
 0001:00001450       dynatrace_capture_string_with_charset 0000000180002450 f   dynatrace_adk.obj
 0001:000014a0       dynatrace_capture_string   00000001800024a0 f   dynatrace_adk.obj
 0001:000014f0       dynatrace_exception_throw  00000001800024f0 f   dynatrace_adk.obj
 0001:00001520       dynatrace_exception_throw_with_charset 0000000180002520 f   dynatrace_adk.obj
 0001:00001580       dynatrace_custom_log       0000000180002580 f   dynatrace_adk.obj
 0001:000015c0       dynatrace_custom_log_with_charset 00000001800025c0 f   dynatrace_adk.obj
 0001:00001630       dynatrace_link_client_purepath 0000000180002630 f   dynatrace_adk.obj
 0001:00001660       dynatrace_link_client_purepath_by_string 0000000180002660 f   dynatrace_adk.obj
 0001:00001690       dynatrace_link_client_purepath_by_customtag 0000000180002690 f   dynatrace_adk.obj
 0001:000016d0       dynatrace_start_server_purepath 00000001800026d0 f   dynatrace_adk.obj
 0001:00001700       dynatrace_end_server_purepath 0000000180002700 f   dynatrace_adk.obj
 0001:00001730       dynatrace_get_tag_as_string 0000000180002730 f   dynatrace_adk.obj
 0001:00001780       dynatrace_set_tag_from_string 0000000180002780 f   dynatrace_adk.obj
 0001:000017b0       dynatrace_get_tag          00000001800027b0 f   dynatrace_adk.obj
 0001:00001810       dynatrace_set_tag          0000000180002810 f   dynatrace_adk.obj
 0001:00001840       dynatrace_set_customtag    0000000180002840 f   dynatrace_adk.obj
 0001:00001870       dynatrace_get_tag_size     0000000180002870 f   dynatrace_adk.obj
 0001:00001890       dynatrace_tag_to_string    0000000180002890 f   dynatrace_adk.obj
 0001:000018e0       dynatrace_string_to_tag    00000001800028e0 f   dynatrace_adk.obj
 0001:00001940       dynatrace_is_tag_valid     0000000180002940 f   dynatrace_adk.obj
 0001:00001970       dynatrace_agent_log        0000000180002970 f   dynatrace_adk.obj
 0001:00001bb0       apr_time_ansi_put          0000000180002bb0 f   apr-1:time.obj
 0001:00001bc0       apr_time_now               0000000180002bc0 f   apr-1:time.obj
 0001:00001c10       apr_time_exp_gmt           0000000180002c10 f   apr-1:time.obj
 0001:00001cb0       apr_time_exp_tz            0000000180002cb0 f   apr-1:time.obj
 0001:00001d60       apr_time_exp_lt            0000000180002d60 f   apr-1:time.obj
 0001:00001ee0       apr_time_exp_get           0000000180002ee0 f   apr-1:time.obj
 0001:00001fd0       apr_time_exp_gmt_get       0000000180002fd0 f   apr-1:time.obj
 0001:00002010       apr_os_imp_time_get        0000000180003010 f   apr-1:time.obj
 0001:00002040       apr_os_exp_time_get        0000000180003040 f   apr-1:time.obj
 0001:000020d0       apr_os_imp_time_put        00000001800030d0 f   apr-1:time.obj
 0001:00002120       apr_os_exp_time_put        0000000180003120 f   apr-1:time.obj
 0001:00002140       apr_sleep                  0000000180003140 f   apr-1:time.obj
 0001:000021d0       apr_time_clock_hires       00000001800031d0 f   apr-1:time.obj
 0001:00002250       apr_os_dso_handle_put      0000000180003250 f   apr-1:dso.obj
 0001:000022a0       apr_os_dso_handle_get      00000001800032a0 f   apr-1:dso.obj
 0001:00002300       apr_dso_load               0000000180003300 f   apr-1:dso.obj
 0001:00002460       apr_dso_unload             0000000180003460 f   apr-1:dso.obj
 0001:00002480       apr_dso_sym                0000000180003480 f   apr-1:dso.obj
 0001:000024d0       apr_dso_error              00000001800034d0 f   apr-1:dso.obj
 0001:000024e0       apr_cpystrn                00000001800034e0 f   apr-1:apr_cpystrn.obj
 0001:00002510       apr_tokenize_to_argv       0000000180003510 f   apr-1:apr_cpystrn.obj
 0001:00002770       apr_filepath_name_get      0000000180003770 f   apr-1:apr_cpystrn.obj
 0001:000027d0       apr_collapse_spaces        00000001800037d0 f   apr-1:apr_cpystrn.obj
 0001:00003350       apr_vformatter             0000000180004350 f   apr-1:apr_snprintf.obj
 0001:000043a0       apr_snprintf               00000001800053a0 f   apr-1:apr_snprintf.obj
 0001:00004400       apr_vsnprintf              0000000180005400 f   apr-1:apr_snprintf.obj
 0001:00004460       apr_allocator_create       0000000180005460 f   apr-1:apr_pools.obj
 0001:000044c0       apr_allocator_destroy      00000001800054c0 f   apr-1:apr_pools.obj
 0001:00004530       apr_allocator_mutex_set    0000000180005530 f   apr-1:apr_pools.obj
 0001:00004540       apr_allocator_mutex_get    0000000180005540 f   apr-1:apr_pools.obj
 0001:00004550       apr_allocator_owner_set    0000000180005550 f   apr-1:apr_pools.obj
 0001:00004560       apr_allocator_owner_get    0000000180005560 f   apr-1:apr_pools.obj
 0001:00004570       apr_allocator_max_free_set 0000000180005570 f   apr-1:apr_pools.obj
 0001:00004840       apr_allocator_alloc        0000000180005840 f   apr-1:apr_pools.obj
 0001:00004850       apr_allocator_free         0000000180005850 f   apr-1:apr_pools.obj
 0001:00004860       apr_palloc                 0000000180005860 f   apr-1:apr_pools.obj
 0001:000049d0       apr_pcalloc                00000001800059d0 f   apr-1:apr_pools.obj
 0001:00004a10       apr_pool_create_ex         0000000180005a10 f   apr-1:apr_pools.obj
 0001:00004b50       apr_pool_create_unmanaged_ex 0000000180005b50 f   apr-1:apr_pools.obj
 0001:00004dd0       apr_pvsprintf              0000000180005dd0 f   apr-1:apr_pools.obj
 0001:00004f50       apr_psprintf               0000000180005f50 f   apr-1:apr_pools.obj
 0001:00004f80       apr_pool_abort_set         0000000180005f80 f   apr-1:apr_pools.obj
 0001:00004f90       apr_pool_abort_get         0000000180005f90 f   apr-1:apr_pools.obj
 0001:00004fa0       apr_pool_parent_get        0000000180005fa0 f   apr-1:apr_pools.obj
 0001:00004fb0       apr_pool_allocator_get     0000000180005fb0 f   apr-1:apr_pools.obj
 0001:00004fc0       apr_pool_is_ancestor       0000000180005fc0 f   apr-1:apr_pools.obj
 0001:00004fe0       apr_pool_tag               0000000180005fe0 f   apr-1:apr_pools.obj
 0001:00004ff0       apr_pool_userdata_get      0000000180005ff0 f   apr-1:apr_pools.obj
 0001:00005030       apr_pool_cleanup_register  0000000180006030 f   apr-1:apr_pools.obj
 0001:000050b0       apr_pool_pre_cleanup_register 00000001800060b0 f   apr-1:apr_pools.obj
 0001:00005110       apr_pool_cleanup_kill      0000000180006110 f   apr-1:apr_pools.obj
 0001:00005190       apr_pool_child_cleanup_set 0000000180006190 f   apr-1:apr_pools.obj
 0001:000051c0       apr_pool_cleanup_run       00000001800061c0 f   apr-1:apr_pools.obj
 0001:00005210       apr_pool_cleanup_for_exec  0000000180006210 f   apr-1:apr_pools.obj
 0001:00005220       apr_pool_cleanup_null      0000000180006220 f   apr-1:apr_pools.obj
 0001:00005230       apr_pool_note_subprocess   0000000180006230 f   apr-1:apr_pools.obj
 0001:000053e0       apr_palloc_debug           00000001800063e0 f   apr-1:apr_pools.obj
 0001:000053f0       apr_pcalloc_debug          00000001800063f0 f   apr-1:apr_pools.obj
 0001:00005400       apr_pool_create_ex_debug   0000000180006400 f   apr-1:apr_pools.obj
 0001:00005410       apr_pool_create_core_ex_debug 0000000180006410 f   apr-1:apr_pools.obj
 0001:00005420       apr_pool_create_unmanaged_ex_debug 0000000180006420 f   apr-1:apr_pools.obj
 0001:00005430       apr_pool_initialize        0000000180006430 f   apr-1:apr_pools.obj
 0001:00005530       apr_pool_destroy           0000000180006530 f   apr-1:apr_pools.obj
 0001:00005620       apr_pool_create_core_ex    0000000180006620 f   apr-1:apr_pools.obj
 0001:00005630       apr_pool_userdata_set      0000000180006630 f   apr-1:apr_pools.obj
 0001:000056d0       apr_pool_userdata_setn     00000001800066d0 f   apr-1:apr_pools.obj
 0001:00005750       apr_pool_destroy_debug     0000000180006750 f   apr-1:apr_pools.obj
 0001:00005760       apr_pool_terminate         0000000180006760 f   apr-1:apr_pools.obj
 0001:000057a0       apr_pool_clear             00000001800067a0 f   apr-1:apr_pools.obj
 0001:00005840       apr_pool_clear_debug       0000000180006840 f   apr-1:apr_pools.obj
 0001:00005c20       apr_strerror               0000000180006c20 f   apr-1:errorcodes.obj
 0001:00005dc0       apr_initialize             0000000180006dc0 f   apr-1:start.obj
 0001:00005ee0       apr_terminate              0000000180006ee0 f   apr-1:start.obj
 0001:00005f10       apr_terminate2             0000000180006f10 f   apr-1:start.obj
 0001:00005f20       apr_app_initialize         0000000180006f20 f   apr-1:start.obj
 0001:000062d0       apr_strnatcmp              00000001800072d0 f   apr-1:apr_strnatcmp.obj
 0001:000062e0       apr_strnatcasecmp          00000001800072e0 f   apr-1:apr_strnatcmp.obj
 0001:000062f0       apr_get_oslevel            00000001800072f0 f   apr-1:misc.obj
 0001:00006460       apr_load_dll_func          0000000180007460 f   apr-1:misc.obj
 0001:000064e0       apr_dbg_log                00000001800074e0 f   apr-1:misc.obj
 0001:000067b0       utf8_to_unicode_path       00000001800077b0 f   apr-1:open.obj
 0001:00006920       unicode_to_utf8_path       0000000180007920 f   apr-1:open.obj
 0001:000069e0       res_name_from_filename     00000001800079e0 f   apr-1:open.obj
 0001:00006ce0       file_cleanup               0000000180007ce0 f   apr-1:open.obj
 0001:00006dc0       apr_file_open              0000000180007dc0 f   apr-1:open.obj
 0001:000070e0       apr_file_close             00000001800080e0 f   apr-1:open.obj
 0001:00007120       apr_file_remove            0000000180008120 f   apr-1:open.obj
 0001:000071b0       apr_file_rename            00000001800081b0 f   apr-1:open.obj
 0001:00007250       apr_os_file_get            0000000180008250 f   apr-1:open.obj
 0001:00007260       apr_os_file_put            0000000180008260 f   apr-1:open.obj
 0001:00007380       apr_file_eof               0000000180008380 f   apr-1:open.obj
 0001:00007390       apr_file_open_flags_stderr 0000000180008390 f   apr-1:open.obj
 0001:00007400       apr_file_open_flags_stdout 0000000180008400 f   apr-1:open.obj
 0001:00007470       apr_file_open_flags_stdin  0000000180008470 f   apr-1:open.obj
 0001:000074e0       apr_file_open_stderr       00000001800084e0 f   apr-1:open.obj
 0001:000074f0       apr_file_open_stdout       00000001800084f0 f   apr-1:open.obj
 0001:00007500       apr_file_open_stdin        0000000180008500 f   apr-1:open.obj
 0001:00007510       apr_file_pool_get          0000000180008510 f   apr-1:open.obj
 0001:00007520       apr_file_inherit_set       0000000180008520 f   apr-1:open.obj
 0001:00007530       apr_file_inherit_unset     0000000180008530 f   apr-1:open.obj
 0001:00007620       apr_sockaddr_ip_getbuf     0000000180008620 f   apr-1:sockaddr.obj
 0001:00007670       apr_sockaddr_ip_get        0000000180008670 f   apr-1:sockaddr.obj
 0001:000076b0       apr_sockaddr_vars_set      00000001800086b0 f   apr-1:sockaddr.obj
 0001:00007720       apr_socket_addr_get        0000000180008720 f   apr-1:sockaddr.obj
 0001:000077b0       apr_parse_addr_port        00000001800087b0 f   apr-1:sockaddr.obj
 0001:00007a60       apr_sockaddr_info_get      0000000180008a60 f   apr-1:sockaddr.obj
 0001:00007ab0       apr_getnameinfo            0000000180008ab0 f   apr-1:sockaddr.obj
 0001:00007b20       apr_getservbyname          0000000180008b20 f   apr-1:sockaddr.obj
 0001:00007bb0       apr_sockaddr_equal         0000000180008bb0 f   apr-1:sockaddr.obj
 0001:00007e10       apr_ipsubnet_create        0000000180008e10 f   apr-1:sockaddr.obj
 0001:00007f20       apr_ipsubnet_test          0000000180008f20 f   apr-1:sockaddr.obj
 0001:00007f40       apr_pstrdup                0000000180008f40 f   apr-1:apr_strings.obj
 0001:00007fa0       apr_pstrndup               0000000180008fa0 f   apr-1:apr_strings.obj
 0001:00008020       apr_pstrmemdup             0000000180009020 f   apr-1:apr_strings.obj
 0001:00008080       apr_pmemdup                0000000180009080 f   apr-1:apr_strings.obj
 0001:000080e0       apr_pstrcat                00000001800090e0 f   apr-1:apr_strings.obj
 0001:000081f0       apr_pstrcatv               00000001800091f0 f   apr-1:apr_strings.obj
 0001:00008290       apr_strtoff                0000000180009290 f   apr-1:apr_strings.obj
 0001:00008300       apr_strtoi64               0000000180009300 f   apr-1:apr_strings.obj
 0001:00008340       apr_atoi64                 0000000180009340 f   apr-1:apr_strings.obj
 0001:00008350       apr_itoa                   0000000180009350 f   apr-1:apr_strings.obj
 0001:000083d0       apr_ltoa                   00000001800093d0 f   apr-1:apr_strings.obj
 0001:00008450       apr_off_t_toa              0000000180009450 f   apr-1:apr_strings.obj
 0001:000084e0       apr_strfsize               00000001800094e0 f   apr-1:apr_strings.obj
 0001:00008690       apr_thread_mutex_create    0000000180009690 f   apr-1:thread_mutex.obj
 0001:00008730       apr_thread_mutex_lock      0000000180009730 f   apr-1:thread_mutex.obj
 0001:00008790       apr_thread_mutex_trylock   0000000180009790 f   apr-1:thread_mutex.obj
 0001:00008800       apr_thread_mutex_unlock    0000000180009800 f   apr-1:thread_mutex.obj
 0001:00008860       apr_thread_mutex_destroy   0000000180009860 f   apr-1:thread_mutex.obj
 0001:00008880       apr_thread_mutex_pool_get  0000000180009880 f   apr-1:thread_mutex.obj
 0001:000088d0       apr_hash_next              00000001800098d0 f   apr-1:apr_hash.obj
 0001:00008920       apr_hash_first             0000000180009920 f   apr-1:apr_hash.obj
 0001:00008960       apr_hash_this              0000000180009960 f   apr-1:apr_hash.obj
 0001:00008a30       apr_hashfunc_default       0000000180009a30 f   apr-1:apr_hash.obj
 0001:00008b90       apr_hash_copy              0000000180009b90 f   apr-1:apr_hash.obj
 0001:00008cb0       apr_hash_get               0000000180009cb0 f   apr-1:apr_hash.obj
 0001:00008ce0       apr_hash_set               0000000180009ce0 f   apr-1:apr_hash.obj
 0001:00008d40       apr_hash_count             0000000180009d40 f   apr-1:apr_hash.obj
 0001:00008d50       apr_hash_clear             0000000180009d50 f   apr-1:apr_hash.obj
 0001:00008db0       apr_hash_merge             0000000180009db0 f   apr-1:apr_hash.obj
 0001:00009070       apr_hash_pool_get          000000018000a070 f   apr-1:apr_hash.obj
 0001:00009080       apr_hash_make              000000018000a080 f   apr-1:apr_hash.obj
 0001:000090e0       apr_hash_make_custom       000000018000a0e0 f   apr-1:apr_hash.obj
 0001:00009100       apr_hash_overlay           000000018000a100 f   apr-1:apr_hash.obj
 0001:00009120       apr_proc_kill              000000018000a120 f   apr-1:signals.obj
 0001:00009170       apr_signal_init            000000018000a170 f   apr-1:signals.obj
 0001:00009180       apr_signal_description_get 000000018000a180 f   apr-1:signals.obj
 0001:00009190       apr_signal_block           000000018000a190 f   apr-1:signals.obj
 0001:000091a0       apr_signal_unblock         000000018000a1a0 f   apr-1:signals.obj
 0001:000092f0       apr_procattr_create        000000018000a2f0 f   apr-1:proc.obj
 0001:00009350       apr_procattr_io_set        000000018000a350 f   apr-1:proc.obj
 0001:00009440       apr_procattr_child_in_set  000000018000a440 f   apr-1:proc.obj
 0001:000094e0       apr_procattr_child_out_set 000000018000a4e0 f   apr-1:proc.obj
 0001:00009580       apr_procattr_child_err_set 000000018000a580 f   apr-1:proc.obj
 0001:00009620       apr_procattr_dir_set       000000018000a620 f   apr-1:proc.obj
 0001:00009650       apr_procattr_cmdtype_set   000000018000a650 f   apr-1:proc.obj
 0001:00009660       apr_procattr_detach_set    000000018000a660 f   apr-1:proc.obj
 0001:000096a0       apr_procattr_user_set      000000018000a6a0 f   apr-1:proc.obj
 0001:00009970       apr_procattr_group_set     000000018000a970 f   apr-1:proc.obj
 0001:00009a60       apr_procattr_child_errfn_set 000000018000aa60 f   apr-1:proc.obj
 0001:00009a70       apr_procattr_error_check_set 000000018000aa70 f   apr-1:proc.obj
 0001:00009a80       apr_procattr_addrspace_set 000000018000aa80 f   apr-1:proc.obj
 0001:00009ab0       apr_threadproc_init        000000018000aab0 f   apr-1:proc.obj
 0001:00009af0       apr_proc_create            000000018000aaf0 f   apr-1:proc.obj
 0001:0000a640       apr_proc_wait_all_procs    000000018000b640 f   apr-1:proc.obj
 0001:0000a9c0       apr_proc_wait              000000018000b9c0 f   apr-1:proc.obj
 0001:0000aa80       apr_proc_detach            000000018000ba80 f   apr-1:proc.obj
 0001:0000aa90       apr_atomic_init            000000018000ba90 f   apr-1:apr_atomic.obj
 0001:0000aaa0       apr_atomic_add32           000000018000baa0 f   apr-1:apr_atomic.obj
 0001:0000aab0       apr_atomic_sub32           000000018000bab0 f   apr-1:apr_atomic.obj
 0001:0000aac0       apr_atomic_inc32           000000018000bac0 f   apr-1:apr_atomic.obj
 0001:0000aad0       apr_atomic_dec32           000000018000bad0 f   apr-1:apr_atomic.obj
 0001:0000aae0       apr_atomic_set32           000000018000bae0 f   apr-1:apr_atomic.obj
 0001:0000aaf0       apr_atomic_read32          000000018000baf0 f   apr-1:apr_atomic.obj
 0001:0000ab00       apr_atomic_cas32           000000018000bb00 f   apr-1:apr_atomic.obj
 0001:0000ab10       apr_atomic_casptr          000000018000bb10 f   apr-1:apr_atomic.obj
 0001:0000ab20       apr_atomic_xchg32          000000018000bb20 f   apr-1:apr_atomic.obj
 0001:0000ab30       apr_atomic_xchgptr         000000018000bb30 f   apr-1:apr_atomic.obj
 0001:0000ab40       apr_atomic_inc32_noreturn  000000018000bb40 f   apr-1:apr_atomic.obj
 0001:0000ab50       apr_atomic_dec32_noreturn  000000018000bb50 f   apr-1:apr_atomic.obj
 0001:0000ab60       apr_atomic_tas32           000000018000bb60 f   apr-1:apr_atomic.obj
 0001:0000ab70       apr_conv_utf8_to_ucs2      000000018000bb70 f   apr-1:utf8.obj
 0001:0000ad40       apr_conv_ucs2_to_utf8      000000018000bd40 f   apr-1:utf8.obj
 0001:0000aeb0       apr_threadattr_create      000000018000beb0 f   apr-1:thread.obj
 0001:0000af10       apr_threadattr_detach_set  000000018000bf10 f   apr-1:thread.obj
 0001:0000af20       apr_threadattr_detach_get  000000018000bf20 f   apr-1:thread.obj
 0001:0000af30       apr_threadattr_stacksize_set 000000018000bf30 f   apr-1:thread.obj
 0001:0000af40       apr_threadattr_guardsize_set 000000018000bf40 f   apr-1:thread.obj
 0001:0000af80       apr_thread_create          000000018000bf80 f   apr-1:thread.obj
 0001:0000b080       apr_thread_exit            000000018000c080 f   apr-1:thread.obj
 0001:0000b0b0       apr_thread_join            000000018000c0b0 f   apr-1:thread.obj
 0001:0000b150       apr_thread_detach          000000018000c150 f   apr-1:thread.obj
 0001:0000b1a0       apr_thread_yield           000000018000c1a0 f   apr-1:thread.obj
 0001:0000b1c0       apr_thread_data_get        000000018000c1c0 f   apr-1:thread.obj
 0001:0000b1d0       apr_thread_data_set        000000018000c1d0 f   apr-1:thread.obj
 0001:0000b1e0       apr_os_thread_current      000000018000c1e0 f   apr-1:thread.obj
 0001:0000b270       apr_os_thread_get          000000018000c270 f   apr-1:thread.obj
 0001:0000b290       apr_os_thread_put          000000018000c290 f   apr-1:thread.obj
 0001:0000b300       apr_thread_once_init       000000018000c300 f   apr-1:thread.obj
 0001:0000b330       apr_thread_once            000000018000c330 f   apr-1:thread.obj
 0001:0000b350       apr_os_thread_equal        000000018000c350 f   apr-1:thread.obj
 0001:0000b360       apr_thread_pool_get        000000018000c360 f   apr-1:thread.obj
 0001:0000b390       apr_wastrtoastr            000000018000c390 f   apr-1:internal.obj
 0001:0000b770       apr_file_ungetc            000000018000c770 f   apr-1:readwrite.obj
 0001:0000b780       apr_file_flush             000000018000c780 f   apr-1:readwrite.obj
 0001:0000b8b0       apr_file_printf            000000018000c8b0 f   apr-1:readwrite.obj
 0001:0000b940       apr_file_read              000000018000c940 f   apr-1:readwrite.obj
 0001:0000bb90       apr_file_write             000000018000cb90 f   apr-1:readwrite.obj
 0001:0000bf00       apr_file_writev            000000018000cf00 f   apr-1:readwrite.obj
 0001:0000bf80       apr_file_putc              000000018000cf80 f   apr-1:readwrite.obj
 0001:0000bfb0       apr_file_getc              000000018000cfb0 f   apr-1:readwrite.obj
 0001:0000c000       apr_file_puts              000000018000d000 f   apr-1:readwrite.obj
 0001:0000c040       apr_file_gets              000000018000d040 f   apr-1:readwrite.obj
 0001:0000c0e0       apr_poll                   000000018000d0e0 f   apr-1:select.obj
 0001:0000c400       apr_pollset_create         000000018000d400 f   apr-1:select.obj
 0001:0000c4e0       apr_pollset_destroy        000000018000d4e0 f   apr-1:select.obj
 0001:0000c4f0       apr_pollset_add            000000018000d4f0 f   apr-1:select.obj
 0001:0000c640       apr_pollset_remove         000000018000d640 f   apr-1:select.obj
 0001:0000c860       apr_pollset_poll           000000018000d860 f   apr-1:select.obj
 0001:0000cb30       apr_pollcb_create          000000018000db30 f   apr-1:select.obj
 0001:0000cb40       apr_pollcb_add             000000018000db40 f   apr-1:select.obj
 0001:0000cb50       apr_pollcb_remove          000000018000db50 f   apr-1:select.obj
 0001:0000cb60       apr_pollcb_poll            000000018000db60 f   apr-1:select.obj
 0001:0000cc50       apr_inet_ntop              000000018000dc50 f   apr-1:inet_ntop.obj
 0001:0000cd60       apr_inet_pton              000000018000dd60 f   apr-1:inet_pton.obj
 0001:0000cd90       apr_file_pipe_timeout_set  000000018000dd90 f   apr-1:pipe.obj
 0001:0000cdd0       apr_file_pipe_timeout_get  000000018000ddd0 f   apr-1:pipe.obj
 0001:0000cde0       apr_file_pipe_create_ex    000000018000dde0 f   apr-1:pipe.obj
 0001:0000d170       apr_file_namedpipe_create  000000018000e170 f   apr-1:pipe.obj
 0001:0000d180       apr_os_pipe_put_ex         000000018000e180 f   apr-1:pipe.obj
 0001:0000d240       apr_os_pipe_put            000000018000e240 f   apr-1:pipe.obj
 0001:0000d250       apr_file_pipe_create       000000018000e250 f   apr-1:pipe.obj
 0001:0000d260       apr_file_dup               000000018000e260 f   apr-1:filedup.obj
 0001:0000d3a0       apr_file_dup2              000000018000e3a0 f   apr-1:filedup.obj
 0001:0000d6a0       apr_file_setaside          000000018000e6a0 f   apr-1:filedup.obj
 0001:0000d7d0       apr_filepath_root          000000018000e7d0 f   apr-1:filepath.obj
 0001:0000dcb0       apr_filepath_merge         000000018000ecb0 f   apr-1:filepath.obj
 0001:0000e760       apr_filepath_list_split    000000018000f760 f   apr-1:filepath.obj
 0001:0000e770       apr_filepath_list_merge    000000018000f770 f   apr-1:filepath.obj
 0001:0000e780       apr_filepath_encoding      000000018000f780 f   apr-1:filepath.obj
 0001:0000e790       filepath_root_test         000000018000f790 f   apr-1:filesys.obj
 0001:0000e830       filepath_drive_get         000000018000f830 f   apr-1:filesys.obj
 0001:0000e950       filepath_root_case         000000018000f950 f   apr-1:filesys.obj
 0001:0000ea20       apr_filepath_get           000000018000fa20 f   apr-1:filesys.obj
 0001:0000eb00       apr_filepath_set           000000018000fb00 f   apr-1:filesys.obj
 0001:0000eb90       apr_file_read_full         000000018000fb90 f   apr-1:fullrw.obj
 0001:0000ec00       apr_file_write_full        000000018000fc00 f   apr-1:fullrw.obj
 0001:0000ec70       apr_file_writev_full       000000018000fc70 f   apr-1:fullrw.obj
 0001:0000edd0       apr_file_lock              000000018000fdd0 f   apr-1:flock.obj
 0001:0000eef0       apr_file_unlock            000000018000fef0 f   apr-1:flock.obj
 0001:0000f060       apr_file_seek              0000000180010060 f   apr-1:seek.obj
 0001:0000f200       apr_file_trunc             0000000180010200 f   apr-1:seek.obj
 0001:0000f770       more_finfo                 0000000180010770 f   apr-1:filestat.obj
 0001:0000fb90       fillin_fileinfo            0000000180010b90 f   apr-1:filestat.obj
 0001:0000fd00       apr_file_info_get          0000000180010d00 f   apr-1:filestat.obj
 0001:0000fe20       apr_file_perms_set         0000000180010e20 f   apr-1:filestat.obj
 0001:0000fe30       apr_file_attrs_set         0000000180010e30 f   apr-1:filestat.obj
 0001:0000ff00       apr_file_mtime_set         0000000180010f00 f   apr-1:filestat.obj
 0001:00010120       apr_stat                   0000000180011120 f   apr-1:filestat.obj
 0001:000103f0       apr_filepath_list_split_impl 00000001800113f0 f   apr-1:filepath_util.obj
 0001:000104d0       apr_filepath_list_merge_impl 00000001800114d0 f   apr-1:filepath_util.obj
 0001:00010690       apr_is_empty_array         0000000180011690 f   apr-1:apr_tables.obj
 0001:000106b0       apr_array_make             00000001800116b0 f   apr-1:apr_tables.obj
 0001:00010710       apr_array_clear            0000000180011710 f   apr-1:apr_tables.obj
 0001:00010720       apr_array_pop              0000000180011720 f   apr-1:apr_tables.obj
 0001:00010750       apr_array_push             0000000180011750 f   apr-1:apr_tables.obj
 0001:00010870       apr_array_cat              0000000180011870 f   apr-1:apr_tables.obj
 0001:00010950       apr_array_copy             0000000180011950 f   apr-1:apr_tables.obj
 0001:00010a00       apr_array_copy_hdr         0000000180011a00 f   apr-1:apr_tables.obj
 0001:00010a50       apr_array_append           0000000180011a50 f   apr-1:apr_tables.obj
 0001:00010a80       apr_array_pstrcat          0000000180011a80 f   apr-1:apr_tables.obj
 0001:00010bb0       apr_table_elts             0000000180011bb0 f   apr-1:apr_tables.obj
 0001:00010bc0       apr_is_empty_table         0000000180011bc0 f   apr-1:apr_tables.obj
 0001:00010be0       apr_table_make             0000000180011be0 f   apr-1:apr_tables.obj
 0001:00010c40       apr_table_copy             0000000180011c40 f   apr-1:apr_tables.obj
 0001:00010d50       apr_table_clear            0000000180011d50 f   apr-1:apr_tables.obj
 0001:00010d60       apr_table_get              0000000180011d60 f   apr-1:apr_tables.obj
 0001:00010e40       apr_table_set              0000000180011e40 f   apr-1:apr_tables.obj
 0001:00011050       apr_table_setn             0000000180012050 f   apr-1:apr_tables.obj
 0001:00011230       apr_table_unset            0000000180012230 f   apr-1:apr_tables.obj
 0001:000113c0       apr_table_merge            00000001800123c0 f   apr-1:apr_tables.obj
 0001:00011510       apr_table_mergen           0000000180012510 f   apr-1:apr_tables.obj
 0001:00011640       apr_table_add              0000000180012640 f   apr-1:apr_tables.obj
 0001:00011720       apr_table_addn             0000000180012720 f   apr-1:apr_tables.obj
 0001:000117d0       apr_table_overlay          00000001800127d0 f   apr-1:apr_tables.obj
 0001:00011850       apr_table_vdo              0000000180012850 f   apr-1:apr_tables.obj
 0001:00011be0       apr_table_compress         0000000180012be0 f   apr-1:apr_tables.obj
 0001:00011f30       apr_table_overlap          0000000180012f30 f   apr-1:apr_tables.obj
 0001:00011f70       apr_table_clone            0000000180012f70 f   apr-1:apr_tables.obj
 0001:00011ff0       apr_table_do               0000000180012ff0 f   apr-1:apr_tables.obj
 0001:00012010       apr_strtok                 0000000180013010 f   apr-1:apr_strtok.obj
 0001:000120c0       ntohl                      00000001800130c0 f   wsock32:WSOCK32.dll
 0001:000120c6       WSACleanup                 00000001800130c6 f   wsock32:WSOCK32.dll
 0001:000120cc       WSAStartup                 00000001800130cc f   wsock32:WSOCK32.dll
 0001:000120d2       ntohs                      00000001800130d2 f   wsock32:WSOCK32.dll
 0001:000120d8       WSAGetLastError            00000001800130d8 f   wsock32:WSOCK32.dll
 0001:000120de       getsockname                00000001800130de f   wsock32:WSOCK32.dll
 0001:000120e4       getpeername                00000001800130e4 f   wsock32:WSOCK32.dll
 0001:000120ea       htons                      00000001800130ea f   wsock32:WSOCK32.dll
 0001:000120f0       gethostbyname              00000001800130f0 f   wsock32:WSOCK32.dll
 0001:000120f6       inet_addr                  00000001800130f6 f   wsock32:WSOCK32.dll
 0001:000120fc       gethostbyaddr              00000001800130fc f   wsock32:WSOCK32.dll
 0001:00012102       getservbyname              0000000180013102 f   wsock32:WSOCK32.dll
 0001:00012108       htonl                      0000000180013108 f   wsock32:WSOCK32.dll
 0001:0001210e       __WSAFDIsSet               000000018001310e f   wsock32:WSOCK32.dll
 0001:00012114       select                     0000000180013114 f   wsock32:WSOCK32.dll
 0001:0001211a       SetLastError               000000018001311a f   kernel32:KERNEL32.dll
 0001:00012120       GetTimeZoneInformation     0000000180013120 f   kernel32:KERNEL32.dll
 0001:00012126       GetSystemTimeAsFileTime    0000000180013126 f   kernel32:KERNEL32.dll
 0001:0001212c       FileTimeToSystemTime       000000018001312c f   kernel32:KERNEL32.dll
 0001:00012132       SystemTimeToFileTime       0000000180013132 f   kernel32:KERNEL32.dll
 0001:00012138       SystemTimeToTzSpecificLocalTime 0000000180013138 f   kernel32:KERNEL32.dll
 0001:0001213e       Sleep                      000000018001313e f   kernel32:KERNEL32.dll
 0001:00012144       GetLastError               0000000180013144 f   kernel32:KERNEL32.dll
 0001:0001214a       FreeLibrary                000000018001314a f   kernel32:KERNEL32.dll
 0001:00012150       LoadLibraryExW             0000000180013150 f   kernel32:KERNEL32.dll
 0001:00012156       SetErrorMode               0000000180013156 f   kernel32:KERNEL32.dll
 0001:0001215c       GetProcAddress             000000018001315c f   kernel32:KERNEL32.dll
 0001:00012162       FormatMessageA             0000000180013162 f   kernel32:KERNEL32.dll
 0001:00012168       TlsAlloc                   0000000180013168 f   kernel32:KERNEL32.dll
 0001:0001216e       TlsFree                    000000018001316e f   kernel32:KERNEL32.dll
 0001:00012174       FreeEnvironmentStringsW    0000000180013174 f   kernel32:KERNEL32.dll
 0001:0001217a       GetEnvironmentStringsW     000000018001317a f   kernel32:KERNEL32.dll
 0001:00012180       GlobalFree                 0000000180013180 f   kernel32:KERNEL32.dll
 0001:00012186       GetCommandLineW            0000000180013186 f   kernel32:KERNEL32.dll
 0001:0001218c       GetVersionExA              000000018001318c f   kernel32:KERNEL32.dll
 0001:00012192       LoadLibraryA               0000000180013192 f   kernel32:KERNEL32.dll
 0001:00012198       LeaveCriticalSection       0000000180013198 f   kernel32:KERNEL32.dll
 0001:0001219e       WriteFile                  000000018001319e f   kernel32:KERNEL32.dll
 0001:000121a4       EnterCriticalSection       00000001800131a4 f   kernel32:KERNEL32.dll
 0001:000121aa       GetCurrentThreadId         00000001800131aa f   kernel32:KERNEL32.dll
 0001:000121b0       InitializeCriticalSection  00000001800131b0 f   kernel32:KERNEL32.dll
 0001:000121b6       CreateFileA                00000001800131b6 f   kernel32:KERNEL32.dll
 0001:000121bc       GetCurrentProcessId        00000001800131bc f   kernel32:KERNEL32.dll
 0001:000121c2       GetModuleFileNameA         00000001800131c2 f   kernel32:KERNEL32.dll
 0001:000121c8       TlsSetValue                00000001800131c8 f   kernel32:KERNEL32.dll
 0001:000121ce       TlsGetValue                00000001800131ce f   kernel32:KERNEL32.dll
 0001:000121d4       GetOverlappedResult        00000001800131d4 f   kernel32:KERNEL32.dll
 0001:000121da       CancelIo                   00000001800131da f   kernel32:KERNEL32.dll
 0001:000121e0       WaitForSingleObject        00000001800131e0 f   kernel32:KERNEL32.dll
 0001:000121e6       DeviceIoControl            00000001800131e6 f   kernel32:KERNEL32.dll
 0001:000121ec       GetFileInformationByHandle 00000001800131ec f   kernel32:KERNEL32.dll
 0001:000121f2       CloseHandle                00000001800131f2 f   kernel32:KERNEL32.dll
 0001:000121f8       SetStdHandle               00000001800131f8 f   kernel32:KERNEL32.dll
 0001:000121fe       SetFilePointer             00000001800131fe f   kernel32:KERNEL32.dll
 0001:00012204       CreateFileW                0000000180013204 f   kernel32:KERNEL32.dll
 0001:0001220a       DeleteFileW                000000018001320a f   kernel32:KERNEL32.dll
 0001:00012210       MoveFileExW                0000000180013210 f   kernel32:KERNEL32.dll
 0001:00012216       GetStdHandle               0000000180013216 f   kernel32:KERNEL32.dll
 0001:0001221c       DeleteCriticalSection      000000018001321c f   kernel32:KERNEL32.dll
 0001:00012222       CreateEventA               0000000180013222 f   kernel32:KERNEL32.dll
 0001:00012228       TryEnterCriticalSection    0000000180013228 f   kernel32:KERNEL32.dll
 0001:0001222e       ReleaseMutex               000000018001322e f   kernel32:KERNEL32.dll
 0001:00012234       SetEvent                   0000000180013234 f   kernel32:KERNEL32.dll
 0001:0001223a       TerminateProcess           000000018001323a f   kernel32:KERNEL32.dll
 0001:00012240       CreateProcessW             0000000180013240 f   kernel32:KERNEL32.dll
 0001:00012246       SetHandleInformation       0000000180013246 f   kernel32:KERNEL32.dll
 0001:0001224c       GetHandleInformation       000000018001324c f   kernel32:KERNEL32.dll
 0001:00012252       WaitForMultipleObjects     0000000180013252 f   kernel32:KERNEL32.dll
 0001:00012258       GetExitCodeProcess         0000000180013258 f   kernel32:KERNEL32.dll
 0001:0001225e       OpenProcess                000000018001325e f   kernel32:KERNEL32.dll
 0001:00012264       SwitchToThread             0000000180013264 f   kernel32:KERNEL32.dll
 0001:0001226a       DuplicateHandle            000000018001326a f   kernel32:KERNEL32.dll
 0001:00012270       GetCurrentThread           0000000180013270 f   kernel32:KERNEL32.dll
 0001:00012276       GetCurrentProcess          0000000180013276 f   kernel32:KERNEL32.dll
 0001:0001227c       ReadFile                   000000018001327c f   kernel32:KERNEL32.dll
 0001:00012282       PeekNamedPipe              0000000180013282 f   kernel32:KERNEL32.dll
 0001:00012288       CreatePipe                 0000000180013288 f   kernel32:KERNEL32.dll
 0001:0001228e       CreateNamedPipeA           000000018001328e f   kernel32:KERNEL32.dll
 0001:00012294       GetDriveTypeA              0000000180013294 f   kernel32:KERNEL32.dll
 0001:0001229a       GetDriveTypeW              000000018001329a f   kernel32:KERNEL32.dll
 0001:000122a0       GetFullPathNameW           00000001800132a0 f   kernel32:KERNEL32.dll
 0001:000122a6       GetCurrentDirectoryW       00000001800132a6 f   kernel32:KERNEL32.dll
 0001:000122ac       SetCurrentDirectoryW       00000001800132ac f   kernel32:KERNEL32.dll
 0001:000122b2       LockFile                   00000001800132b2 f   kernel32:KERNEL32.dll
 0001:000122b8       LockFileEx                 00000001800132b8 f   kernel32:KERNEL32.dll
 0001:000122be       UnlockFile                 00000001800132be f   kernel32:KERNEL32.dll
 0001:000122c4       UnlockFileEx               00000001800132c4 f   kernel32:KERNEL32.dll
 0001:000122ca       SetEndOfFile               00000001800132ca f   kernel32:KERNEL32.dll
 0001:000122d0       LocalFree                  00000001800132d0 f   kernel32:KERNEL32.dll
 0001:000122d6       GetFileType                00000001800132d6 f   kernel32:KERNEL32.dll
 0001:000122dc       SetFileAttributesW         00000001800132dc f   kernel32:KERNEL32.dll
 0001:000122e2       GetFileAttributesW         00000001800132e2 f   kernel32:KERNEL32.dll
 0001:000122e8       SetFileTime                00000001800132e8 f   kernel32:KERNEL32.dll
 0001:000122ee       GetFileTime                00000001800132ee f   kernel32:KERNEL32.dll
 0001:000122f4       FindClose                  00000001800132f4 f   kernel32:KERNEL32.dll
 0001:000122fa       FindFirstFileW             00000001800132fa f   kernel32:KERNEL32.dll
 0001:00012300       GetFileAttributesExW       0000000180013300 f   kernel32:KERNEL32.dll
 0001:00012306       SetSecurityDescriptorDacl  0000000180013306 f   advapi32:ADVAPI32.dll
 0001:0001230c       InitializeSecurityDescriptor 000000018001330c f   advapi32:ADVAPI32.dll
 0001:00012312       DuplicateTokenEx           0000000180013312 f   advapi32:ADVAPI32.dll
 0001:00012318       LogonUserW                 0000000180013318 f   advapi32:ADVAPI32.dll
 0001:0001231e       RevertToSelf               000000018001331e f   advapi32:ADVAPI32.dll
 0001:00012324       CreateProcessAsUserW       0000000180013324 f   advapi32:ADVAPI32.dll
 0001:0001232a       ImpersonateLoggedOnUser    000000018001332a f   advapi32:ADVAPI32.dll
 0001:00012330       FreeSid                    0000000180013330 f   advapi32:ADVAPI32.dll
 0001:00012336       GetEffectiveRightsFromAclW 0000000180013336 f   advapi32:ADVAPI32.dll
 0001:0001233c       AllocateAndInitializeSid   000000018001333c f   advapi32:ADVAPI32.dll
 0001:00012342       GetSecurityInfo            0000000180013342 f   advapi32:ADVAPI32.dll
 0001:00012348       GetNamedSecurityInfoA      0000000180013348 f   advapi32:ADVAPI32.dll
 0001:0001234e       GetNamedSecurityInfoW      000000018001334e f   advapi32:ADVAPI32.dll
 0001:00012354       CommandLineToArgvW         0000000180013354 f   shell32:SHELL32.dll
 0001:00012490       _stat64i32                 0000000180013490 f   LIBCMT:stati32.obj
 0001:00012990       __GSHandlerCheckCommon     0000000180013990 f   LIBCMT:gshandler.obj
 0001:000129f4       __GSHandlerCheck           00000001800139f4 f   LIBCMT:gshandler.obj
 0001:00012a30       __security_check_cookie    0000000180013a30 f   LIBCMT:amdsecgs.obj
 0001:00012a50       strchr                     0000000180013a50 f   LIBCMT:strchr.obj
 0001:00012a80       memset                     0000000180013a80 f   LIBCMT:memset.obj
 0001:00012b6c       fprintf                    0000000180013b6c f   LIBCMT:fprintf.obj
 0001:00012c9c       _fprintf_l                 0000000180013c9c f   LIBCMT:fprintf.obj
 0001:00012cbc       _fprintf_s_l               0000000180013cbc f   LIBCMT:fprintf.obj
 0001:00012cdc       fprintf_s                  0000000180013cdc f   LIBCMT:fprintf.obj
 0001:00012d00       _fprintf_p_l               0000000180013d00 f   LIBCMT:fprintf.obj
 0001:00012d20       _fprintf_p                 0000000180013d20 f   LIBCMT:fprintf.obj
 0001:00012d44       __iob_func                 0000000180013d44 f   LIBCMT:_file.obj
 0001:00012d4c       __initstdio                0000000180013d4c f   LIBCMT:_file.obj
 0001:00012e2c       __endstdio                 0000000180013e2c f   LIBCMT:_file.obj
 0001:00012e54       _lock_file                 0000000180013e54 f   LIBCMT:_file.obj
 0001:00012eb8       _lock_file2                0000000180013eb8 f   LIBCMT:_file.obj
 0001:00012eec       _unlock_file               0000000180013eec f   LIBCMT:_file.obj
 0001:00012f38       _unlock_file2              0000000180013f38 f   LIBCMT:_file.obj
 0001:00012f58       realloc                    0000000180013f58 f   LIBCMT:realloc.obj
 0001:0001302c       free                       000000018001402c f   LIBCMT:free.obj
 0001:0001306c       strstr                     000000018001406c f   LIBCMT:strstr.obj
 0001:000130c4       _invoke_watson_if_error    00000001800140c4 f i LIBCMT:getenv.obj
 0001:000130f8       _getenv_helper_nolock      00000001800140f8 f   LIBCMT:getenv.obj
 0001:00013334       getenv                     0000000180014334 f   LIBCMT:getenv.obj
 0001:000133a0       getenv_s                   00000001800143a0 f   LIBCMT:getenv.obj
 0001:000134a0       _dupenv_s                  00000001800144a0 f   LIBCMT:getenv.obj
 0001:000135c0       memcpy                     00000001800145c0 f   LIBCMT:memcpy.obj
 0001:000135c0       memmove                    00000001800145c0     LIBCMT:memcpy.obj
 0001:00013910       strncmp                    0000000180014910 f   LIBCMT:strncmp.obj
 0001:000139c8       _heap_alloc                00000001800149c8 f i LIBCMT:malloc.obj
 0001:00013a18       malloc                     0000000180014a18 f   LIBCMT:malloc.obj
 0001:00013ad0       _cfltcvt_init              0000000180014ad0 f   LIBCMT:_fpinit_.obj
 0001:00013b58       __setfflag                 0000000180014b58 f   LIBCMT:_fpinit_.obj
 0001:00013b68       _fpmath                    0000000180014b68 f   LIBCMT:_fpinit_.obj
 0001:00013b70       _CRT_INIT                  0000000180014b70 f   LIBCMT:dllcrt0.obj
 0001:00013de0       _DllMainCRTStartup         0000000180014de0 f   LIBCMT:dllcrt0.obj
 0001:00013e30       _alloca_probe              0000000180014e30     LIBCMT:chkstk.obj
 0001:00013e30       __chkstk                   0000000180014e30 f   LIBCMT:chkstk.obj
 0001:00013e80       strrchr                    0000000180014e80 f   LIBCMT:strrchr.obj
 0001:00013ea8       ??0_LocaleUpdate@@QEAA@PEAUlocaleinfo_struct@@@Z 0000000180014ea8 f i LIBCMT:_ctype.obj
 0001:00013f4c       ??1_LocaleUpdate@@QEAA@XZ  0000000180014f4c f i LIBCMT:_ctype.obj
 0001:00013f60       ?GetLocaleT@_LocaleUpdate@@QEAAPEAUlocaleinfo_struct@@XZ 0000000180014f60 f i LIBCMT:_ctype.obj
 0001:00013f64       _isalpha_l                 0000000180014f64 f i LIBCMT:_ctype.obj
 0001:00013fcc       isalpha                    0000000180014fcc f i LIBCMT:_ctype.obj
 0001:00014050       _isupper_l                 0000000180015050 f i LIBCMT:_ctype.obj
 0001:000140b4       isupper                    00000001800150b4 f i LIBCMT:_ctype.obj
 0001:00014134       _islower_l                 0000000180015134 f i LIBCMT:_ctype.obj
 0001:00014198       islower                    0000000180015198 f i LIBCMT:_ctype.obj
 0001:00014218       _isdigit_l                 0000000180015218 f i LIBCMT:_ctype.obj
 0001:0001427c       isdigit                    000000018001527c f i LIBCMT:_ctype.obj
 0001:000142fc       _isxdigit_l                00000001800152fc f i LIBCMT:_ctype.obj
 0001:00014364       isxdigit                   0000000180015364 f i LIBCMT:_ctype.obj
 0001:000143e8       _isspace_l                 00000001800153e8 f i LIBCMT:_ctype.obj
 0001:0001444c       isspace                    000000018001544c f i LIBCMT:_ctype.obj
 0001:000144cc       _ispunct_l                 00000001800154cc f i LIBCMT:_ctype.obj
 0001:00014530       ispunct                    0000000180015530 f i LIBCMT:_ctype.obj
 0001:000145b0       _isalnum_l                 00000001800155b0 f i LIBCMT:_ctype.obj
 0001:00014618       isalnum                    0000000180015618 f i LIBCMT:_ctype.obj
 0001:0001469c       _isprint_l                 000000018001569c f i LIBCMT:_ctype.obj
 0001:00014704       isprint                    0000000180015704 f i LIBCMT:_ctype.obj
 0001:00014788       _isgraph_l                 0000000180015788 f i LIBCMT:_ctype.obj
 0001:000147f0       isgraph                    00000001800157f0 f i LIBCMT:_ctype.obj
 0001:00014874       _iscntrl_l                 0000000180015874 f i LIBCMT:_ctype.obj
 0001:000148d8       iscntrl                    00000001800158d8 f i LIBCMT:_ctype.obj
 0001:00014958       __isascii                  0000000180015958 f i LIBCMT:_ctype.obj
 0001:00014964       __toascii                  0000000180015964 f i LIBCMT:_ctype.obj
 0001:0001496c       _iscsymf_l                 000000018001596c f i LIBCMT:_ctype.obj
 0001:000149e4       __iscsymf                  00000001800159e4 f i LIBCMT:_ctype.obj
 0001:00014a0c       _iscsym_l                  0000000180015a0c f i LIBCMT:_ctype.obj
 0001:00014a84       __iscsym                   0000000180015a84 f i LIBCMT:_ctype.obj
 0001:00014aac       modf                       0000000180015aac f   LIBCMT:_modf_.obj
 0001:00014b6c       _get_sys_err_msg           0000000180015b6c f i LIBCMT:strerror.obj
 0001:00014ba0       strerror                   0000000180015ba0 f   LIBCMT:strerror.obj
 0001:00014c3c       strerror_s                 0000000180015c3c f   LIBCMT:strerror.obj
 0001:00014ccc       __crtCorExitProcess        0000000180015ccc f   LIBCMT:crt0dat.obj
 0001:00014d08       __crtExitProcess           0000000180015d08 f   LIBCMT:crt0dat.obj
 0001:00014d20       _lockexit                  0000000180015d20 f   LIBCMT:crt0dat.obj
 0001:00014d2c       _unlockexit                0000000180015d2c f   LIBCMT:crt0dat.obj
 0001:00014d38       _init_pointers             0000000180015d38 f   LIBCMT:crt0dat.obj
 0001:00014db0       _initterm_e                0000000180015db0 f   LIBCMT:crt0dat.obj
 0001:00014dec       _get_wpgmptr               0000000180015dec f   LIBCMT:crt0dat.obj
 0001:00014e24       _get_pgmptr                0000000180015e24 f   LIBCMT:crt0dat.obj
 0001:00014e5c       _cinit                     0000000180015e5c f   LIBCMT:crt0dat.obj
 0001:0001509c       exit                       000000018001609c f   LIBCMT:crt0dat.obj
 0001:000150a8       _exit                      00000001800160a8 f   LIBCMT:crt0dat.obj
 0001:000150b4       _cexit                     00000001800160b4 f   LIBCMT:crt0dat.obj
 0001:000150c4       _c_exit                    00000001800160c4 f   LIBCMT:crt0dat.obj
 0001:000150d4       _amsg_exit                 00000001800160d4 f   LIBCMT:crt0dat.obj
 0001:000150fc       _toupper                   00000001800160fc f   LIBCMT:toupper.obj
 0001:00015100       _toupper_l                 0000000180016100 f   LIBCMT:toupper.obj
 0001:00015250       toupper                    0000000180016250 f   LIBCMT:toupper.obj
 0001:00015270       atol                       0000000180016270 f   LIBCMT:atox.obj
 0001:0001527c       _atol_l                    000000018001627c f   LIBCMT:atox.obj
 0001:0001528c       atoi                       000000018001628c f   LIBCMT:atox.obj
 0001:00015298       _atoi_l                    0000000180016298 f   LIBCMT:atox.obj
 0001:000152a8       _atoi64                    00000001800162a8 f   LIBCMT:atox.obj
 0001:000152b4       _atoi64_l                  00000001800162b4 f   LIBCMT:atox.obj
 0001:000152c4       sprintf                    00000001800162c4 f   LIBCMT:sprintf.obj
 0001:00015364       _sprintf_l                 0000000180016364 f   LIBCMT:sprintf.obj
 0001:00015384       sprintf_s                  0000000180016384 f   LIBCMT:sprintf.obj
 0001:000153a8       _sprintf_s_l               00000001800163a8 f   LIBCMT:sprintf.obj
 0001:000153c8       _snprintf_s                00000001800163c8 f   LIBCMT:sprintf.obj
 0001:000153ec       _snprintf_s_l              00000001800163ec f   LIBCMT:sprintf.obj
 0001:00015410       _sprintf_p                 0000000180016410 f   LIBCMT:sprintf.obj
 0001:00015434       _sprintf_p_l               0000000180016434 f   LIBCMT:sprintf.obj
 0001:00015454       _scprintf                  0000000180016454 f   LIBCMT:sprintf.obj
 0001:0001547c       _scprintf_p                000000018001647c f   LIBCMT:sprintf.obj
 0001:000154a4       _scprintf_l                00000001800164a4 f   LIBCMT:sprintf.obj
 0001:000154c8       _scprintf_p_l              00000001800164c8 f   LIBCMT:sprintf.obj
 0001:000154ec       _close_nolock              00000001800164ec f   LIBCMT:close.obj
 0001:000155a8       _close                     00000001800165a8 f   LIBCMT:close.obj
 0001:0001566c       strspn                     000000018001666c f   LIBCMT:strspn.obj
 0001:00015730       memcmp                     0000000180016730 f   LIBCMT:memcmp.obj
 0001:00015a64       strtol                     0000000180016a64 f   LIBCMT:strtol.obj
 0001:00015a94       _strtol_l                  0000000180016a94 f   LIBCMT:strtol.obj
 0001:00015ab8       strtoul                    0000000180016ab8 f   LIBCMT:strtol.obj
 0001:00015aec       _strtoul_l                 0000000180016aec f   LIBCMT:strtol.obj
 0001:00015b14       memchr                     0000000180016b14 f   LIBCMT:memchr.obj
 0001:00015d98       _strtoi64                  0000000180016d98 f   LIBCMT:strtoq.obj
 0001:00015dc8       _strtoi64_l                0000000180016dc8 f   LIBCMT:strtoq.obj
 0001:00015dec       _strtoui64                 0000000180016dec f   LIBCMT:strtoq.obj
 0001:00015e20       _strtoui64_l               0000000180016e20 f   LIBCMT:strtoq.obj
 0001:00015e48       _get_errno_from_oserr      0000000180016e48 f   LIBCMT:dosmap.obj
 0001:00015e90       _errno                     0000000180016e90 f   LIBCMT:dosmap.obj
 0001:00015eb0       __doserrno                 0000000180016eb0 f   LIBCMT:dosmap.obj
 0001:00015ed0       _dosmaperr                 0000000180016ed0 f   LIBCMT:dosmap.obj
 0001:00015f18       _set_errno                 0000000180016f18 f   LIBCMT:dosmap.obj
 0001:00015f54       _get_errno                 0000000180016f54 f   LIBCMT:dosmap.obj
 0001:00015f90       _set_doserrno              0000000180016f90 f   LIBCMT:dosmap.obj
 0001:00015fcc       _get_doserrno              0000000180016fcc f   LIBCMT:dosmap.obj
 0001:00016008       wcschr                     0000000180017008 f   LIBCMT:wcschr.obj
 0001:00016028       _endthreadex               0000000180017028 f   LIBCMT:threadex.obj
 0001:000160f8       _beginthreadex             00000001800170f8 f   LIBCMT:threadex.obj
 0001:000161ec       _set_osfhnd                00000001800171ec f   LIBCMT:osfinfo.obj
 0001:0001629c       _free_osfhnd               000000018001729c f   LIBCMT:osfinfo.obj
 0001:00016348       _get_osfhandle             0000000180017348 f   LIBCMT:osfinfo.obj
 0001:000163bc       __lock_fhandle             00000001800173bc f   LIBCMT:osfinfo.obj
 0001:00016464       _unlock_fhandle            0000000180017464 f   LIBCMT:osfinfo.obj
 0001:0001648c       _alloc_osfhnd              000000018001748c f   LIBCMT:osfinfo.obj
 0001:00016694       _open_osfhandle            0000000180017694 f   LIBCMT:osfinfo.obj
 0001:00016790       _setmode_nolock            0000000180017790 f   LIBCMT:setmode.obj
 0001:00016860       _set_fmode                 0000000180017860 f   LIBCMT:setmode.obj
 0001:000168a0       _get_fmode                 00000001800178a0 f   LIBCMT:setmode.obj
 0001:000168d0       _setmode                   00000001800178d0 f   LIBCMT:setmode.obj
 0001:00016bd4       _dup2                      0000000180017bd4 f   LIBCMT:dup2.obj
 0001:00016d50       _commit                    0000000180017d50 f   LIBCMT:commit.obj
 0001:00016e28       setvbuf                    0000000180017e28 f   LIBCMT:setvbuf.obj
 0001:00016f38       _flush                     0000000180017f38 f   LIBCMT:fflush.obj
 0001:00016fb4       _fflush_nolock             0000000180017fb4 f   LIBCMT:fflush.obj
 0001:000170ec       fflush                     00000001800180ec f   LIBCMT:fflush.obj
 0001:00017130       _flushall                  0000000180018130 f   LIBCMT:fflush.obj
 0001:00017230       __onexitinit               0000000180018230 f   LIBCMT:onexit.obj
 0001:00017274       _onexit                    0000000180018274 f   LIBCMT:onexit.obj
 0001:00017380       atexit                     0000000180018380 f   LIBCMT:onexit.obj
 0001:00017398       wcsncmp                    0000000180018398 f   LIBCMT:wcsncmp.obj
 0001:000173e0       strlen                     00000001800183e0 f   LIBCMT:strlen.obj
 0001:00017488       _fullpath                  0000000180018488 f   LIBCMT:fullpath.obj
 0001:000175b4       __dtoxmode                 00000001800185b4 f   LIBCMT:stat.obj
 0001:000177d0       _stat32                    00000001800187d0 f   LIBCMT:stat.obj
 0001:00017cc8       _fstat64i32                0000000180018cc8 f   LIBCMT:fstati32.obj
 0001:00018824       _open                      0000000180019824 f   LIBCMT:open.obj
 0001:000188fc       _sopen_helper              00000001800198fc f   LIBCMT:open.obj
 0001:000189d0       _sopen                     00000001800199d0 f   LIBCMT:open.obj
 0001:00018a14       _sopen_s                   0000000180019a14 f   LIBCMT:open.obj
 0001:00018a48       __loctotime64_t            0000000180019a48 f   LIBCMT:dtoxtm64.obj
 0001:00018d14       _getdrive                  0000000180019d14 f   LIBCMT:drive.obj
 0001:00018e04       _chdrive                   0000000180019e04 f   LIBCMT:drive.obj
 0001:00018ea0       _mbctolower_l              0000000180019ea0 f   LIBCMT:mbtolwr.obj
 0001:00018f84       _mbctolower                0000000180019f84 f   LIBCMT:mbtolwr.obj
 0001:00018f8c       _mbspbrk_l                 0000000180019f8c f   LIBCMT:mbspbrk.obj
 0001:00019080       _mbspbrk                   000000018001a080 f   LIBCMT:mbspbrk.obj
 0001:00019088       _initp_misc_invarg         000000018001a088 f   LIBCMT:invarg.obj
 0001:00019090       _call_reportfault          000000018001a090 f   LIBCMT:invarg.obj
 0001:000191dc       _set_invalid_parameter_handler 000000018001a1dc f   LIBCMT:invarg.obj
 0001:00019218       _get_invalid_parameter_handler 000000018001a218 f   LIBCMT:invarg.obj
 0001:00019228       _invoke_watson             000000018001a228 f   LIBCMT:invarg.obj
 0001:0001925c       ?_invoke_watson@@YAXPEBG00I_K@Z 000000018001a25c f   LIBCMT:invarg.obj
 0001:00019270       _invalid_parameter         000000018001a270 f   LIBCMT:invarg.obj
 0001:000192e0       _invalid_parameter_noinfo  000000018001a2e0 f   LIBCMT:invarg.obj
 0001:00019300       _invalid_parameter_noinfo_noreturn 000000018001a300 f   LIBCMT:invarg.obj
 0001:00019330       ?_invalid_parameter@@YAXPEBG00I_K@Z 000000018001a330 f   LIBCMT:invarg.obj
 0001:00019348       __report_gsfailure         000000018001a348 f   LIBCMT:gs_report.obj
 0001:00019494       __C_specific_handler       000000018001a494 f   LIBCMT:chandler.obj
 0001:00019694       _stbuf                     000000018001a694 f   LIBCMT:_sftbuf.obj
 0001:00019768       _ftbuf                     000000018001a768 f   LIBCMT:_sftbuf.obj
 0001:000198d4       get_int_arg                000000018001a8d4 f i LIBCMT:output.obj
 0001:000198e0       get_int64_arg              000000018001a8e0 f i LIBCMT:output.obj
 0001:000198ec       get_short_arg              000000018001a8ec f i LIBCMT:output.obj
 0001:000198f8       _output_l                  000000018001a8f8 f   LIBCMT:output.obj
 0001:0001a3a4       _ioinit                    000000018001b3a4 f   LIBCMT:ioinit.obj
 0001:0001a678       _ioterm                    000000018001b678 f   LIBCMT:ioinit.obj
 0001:0001a6ec       _fileno                    000000018001b6ec f   LIBCMT:fileno.obj
 0001:0001a714       vfprintf_helper            000000018001b714 f   LIBCMT:vfprintf.obj
 0001:0001a858       _vfprintf_l                000000018001b858 f   LIBCMT:vfprintf.obj
 0001:0001a87c       _vfprintf_s_l              000000018001b87c f   LIBCMT:vfprintf.obj
 0001:0001a8a0       _vfprintf_p_l              000000018001b8a0 f   LIBCMT:vfprintf.obj
 0001:0001a8c4       vfprintf                   000000018001b8c4 f   LIBCMT:vfprintf.obj
 0001:0001a8e8       vfprintf_s                 000000018001b8e8 f   LIBCMT:vfprintf.obj
 0001:0001a90c       _vfprintf_p                000000018001b90c f   LIBCMT:vfprintf.obj
 0001:0001a930       wait_a_bit                 000000018001b930 f i LIBCMT:crtheap.obj
 0001:0001a958       _set_malloc_crt_max_wait   000000018001b958 f   LIBCMT:crtheap.obj
 0001:0001a968       _malloc_crt                000000018001b968 f   LIBCMT:crtheap.obj
 0001:0001a9e8       _calloc_crt                000000018001b9e8 f   LIBCMT:crtheap.obj
 0001:0001aa6c       _realloc_crt               000000018001ba6c f   LIBCMT:crtheap.obj
 0001:0001aaf4       _recalloc_crt              000000018001baf4 f   LIBCMT:crtheap.obj
 0001:0001ab7c       _fcloseall                 000000018001bb7c f   LIBCMT:closeall.obj
 0001:0001ac28       _mtinitlocks               000000018001bc28 f   LIBCMT:mlock.obj
 0001:0001acac       _mtdeletelocks             000000018001bcac f   LIBCMT:mlock.obj
 0001:0001ad34       _unlock                    000000018001bd34 f   LIBCMT:mlock.obj
 0001:0001ad4c       _lockerr_exit              000000018001bd4c f   LIBCMT:mlock.obj
 0001:0001ad6c       _mtinitlocknum             000000018001bd6c f   LIBCMT:mlock.obj
 0001:0001ae54       _lock                      000000018001be54 f   LIBCMT:mlock.obj
 0001:0001ae98       _initp_heap_handler        000000018001be98 f   LIBCMT:handler.obj
 0001:0001aea0       ?_set_new_handler@@YAP6AH_K@ZP6AH0@Z@Z 000000018001bea0 f   LIBCMT:handler.obj
 0001:0001aef0       ?_set_new_handler@@YAP6AH_K@ZH@Z 000000018001bef0 f   LIBCMT:handler.obj
 0001:0001aef8       ?_query_new_handler@@YAP6AH_K@ZXZ 000000018001bef8 f   LIBCMT:handler.obj
 0001:0001af08       _callnewh                  000000018001bf08 f   LIBCMT:handler.obj
 0001:0001af3c       _heap_init                 000000018001bf3c f   LIBCMT:heapinit.obj
 0001:0001af94       _heap_term                 000000018001bf94 f   LIBCMT:heapinit.obj
 0001:0001afb4       _get_heap_handle           000000018001bfb4 f   LIBCMT:heapinit.obj
 0001:0001afbc       _mbsnbicoll_l              000000018001bfbc f   LIBCMT:mbsnbico.obj
 0001:0001b0c0       _mbsnbicoll                000000018001c0c0 f   LIBCMT:mbsnbico.obj
 0001:0001b0c8       __wtomb_environ            000000018001c0c8 f   LIBCMT:wtombenv.obj
 0001:0001b1bc       strcpy_s                   000000018001c1bc f   LIBCMT:strcpy_s.obj
 0001:0001b220       calloc                     000000018001c220 f   LIBCMT:calloc.obj
 0001:0001b264       strnlen                    000000018001c264 f   LIBCMT:strlen_s.obj
 0001:0001b280       _GET_RTERRMSG              000000018001c280 f   LIBCMT:crt0msg.obj
 0001:0001b2ac       _NMSG_WRITE                000000018001c2ac f   LIBCMT:crt0msg.obj
 0001:0001b50c       _FF_MSGBANNER              000000018001c50c f   LIBCMT:crt0msg.obj
 0001:0001b550       ?strrchr@@YAPEADPEADH@Z    000000018001c550 f i LIBCMT:cvt.obj
 0001:0001b558       _forcdecpt_l               000000018001c558 f   LIBCMT:cvt.obj
 0001:0001b5d8       _cropzeros_l               000000018001c5d8 f   LIBCMT:cvt.obj
 0001:0001b678       _positive                  000000018001c678 f   LIBCMT:cvt.obj
 0001:0001b690       _fassign_l                 000000018001c690 f   LIBCMT:cvt.obj
 0001:0001b6d4       _fassign                   000000018001c6d4 f   LIBCMT:cvt.obj
 0001:0001b710       _forcdecpt                 000000018001c710 f   LIBCMT:cvt.obj
 0001:0001b718       _cropzeros                 000000018001c718 f   LIBCMT:cvt.obj
 0001:0001b954       _cftoe_l                   000000018001c954 f   LIBCMT:cvt.obj
 0001:0001ba4c       _cftoe                     000000018001ca4c f   LIBCMT:cvt.obj
 0001:0001ba68       _cftoa_l                   000000018001ca68 f   LIBCMT:cvt.obj
 0001:0001be48       _cftoa                     000000018001ce48 f   LIBCMT:cvt.obj
 0001:0001c000       _cftof_l                   000000018001d000 f   LIBCMT:cvt.obj
 0001:0001c0d4       _cftof                     000000018001d0d4 f   LIBCMT:cvt.obj
 0001:0001c0e8       _cftog_l                   000000018001d0e8 f   LIBCMT:cvt.obj
 0001:0001c21c       _cftog                     000000018001d21c f   LIBCMT:cvt.obj
 0001:0001c238       _cfltcvt_l                 000000018001d238 f   LIBCMT:cvt.obj
 0001:0001c2d0       _cfltcvt                   000000018001d2d0 f   LIBCMT:cvt.obj
 0001:0001c2f4       _initp_misc_cfltcvt_tab    000000018001d2f4 f   LIBCMT:cmiscdat.obj
 0001:0001c32c       _encoded_null              000000018001d32c f   LIBCMT:tidtable.obj
 0001:0001c338       __fls_getvalue             000000018001d338 f   LIBCMT:tidtable.obj
 0001:0001c340       __get_flsindex             000000018001d340 f   LIBCMT:tidtable.obj
 0001:0001c348       __set_flsgetvalue          000000018001d348 f   LIBCMT:tidtable.obj
 0001:0001c34c       __fls_setvalue             000000018001d34c f   LIBCMT:tidtable.obj
 0001:0001c354       _mtterm                    000000018001d354 f   LIBCMT:tidtable.obj
 0001:0001c37c       _initptd                   000000018001d37c f   LIBCMT:tidtable.obj
 0001:0001c434       _getptd_noexit             000000018001d434 f   LIBCMT:tidtable.obj
 0001:0001c4b8       _getptd                    000000018001d4b8 f   LIBCMT:tidtable.obj
 0001:0001c4dc       _freefls                   000000018001d4dc f   LIBCMT:tidtable.obj
 0001:0001c610       _freeptd                   000000018001d610 f   LIBCMT:tidtable.obj
 0001:0001c650       __threadid                 000000018001d650 f   LIBCMT:tidtable.obj
 0001:0001c658       __threadhandle             000000018001d658 f   LIBCMT:tidtable.obj
 0001:0001c660       _mtinit                    000000018001d660 f   LIBCMT:tidtable.obj
 0001:0001c6e4       _setenvp                   000000018001d6e4 f   LIBCMT:stdenvp.obj
 0001:0001c814       _set_pgmptr                000000018001d814 f i LIBCMT:stdargv.obj
 0001:0001c9ec       _setargv                   000000018001d9ec f   LIBCMT:stdargv.obj
 0001:0001cae4       __crtGetEnvironmentStringsA 000000018001dae4 f   LIBCMT:a_env.obj
 0001:0001cbd8       _RTC_Initialize            000000018001dbd8 f   LIBCMT:_initsect_.obj
 0001:0001cc10       _RTC_Terminate             000000018001dc10 f   LIBCMT:_initsect_.obj
 0001:0001cc78       _XcptFilter                000000018001dc78 f   LIBCMT:winxfltr.obj
 0001:0001ce48       __CppXcptFilter            000000018001de48 f   LIBCMT:winxfltr.obj
 0001:0001ce5c       DllMain                    000000018001de5c f   LIBCMT:dllmain.obj
 0001:0001ce64       __security_init_cookie     000000018001de64 f   LIBCMT:gs_support.obj
 0001:0001d1c8       __updatetmbcinfo           000000018001e1c8 f   LIBCMT:mbctype.obj
 0001:0001d314       _setmbcp_nolock            000000018001e314 f   LIBCMT:mbctype.obj
 0001:0001d58c       _getmbcp                   000000018001e58c f   LIBCMT:mbctype.obj
 0001:0001d5dc       _setmbcp                   000000018001e5dc f   LIBCMT:mbctype.obj
 0001:0001d7bc       __initmbctable             000000018001e7bc f   LIBCMT:mbctype.obj
 0001:0001d7e4       __addlocaleref             000000018001e7e4 f   LIBCMT:localref.obj
 0001:0001d870       __removelocaleref          000000018001e870 f   LIBCMT:localref.obj
 0001:0001d914       __freetlocinfo             000000018001e914 f   LIBCMT:localref.obj
 0001:0001da90       _updatetlocinfoEx_nolock   000000018001ea90 f   LIBCMT:localref.obj
 0001:0001dae8       __updatetlocinfo           000000018001eae8 f   LIBCMT:localref.obj
 0001:0001db60       _isctype_l                 000000018001eb60 f   LIBCMT:isctype.obj
 0001:0001dc48       _isctype                   000000018001ec48 f   LIBCMT:isctype.obj
 0001:0001dc6c       ___setlc_active_func       000000018001ec6c f   LIBCMT:setlocal.obj
 0001:0001dc74       ___unguarded_readlc_active_add_func 000000018001ec74 f   LIBCMT:setlocal.obj
 0001:0001dcb0       _configthreadlocale        000000018001ecb0 f   LIBCMT:setlocal.obj
 0001:0001dd4c       _free_locale               000000018001ed4c f   LIBCMT:setlocal.obj
 0001:0001ddf4       __free_locale              000000018001edf4 f   LIBCMT:setlocal.obj
 0001:0001ddfc       _get_current_locale        000000018001edfc f   LIBCMT:setlocal.obj
 0001:0001de98       __get_current_locale       000000018001ee98 f   LIBCMT:setlocal.obj
 0001:0001dea0       __init_dummy               000000018001eea0 f   LIBCMT:setlocal.obj
 0001:0001dea4       _strcats                   000000018001eea4 f   LIBCMT:setlocal.obj
 0001:0001df0c       __lc_strtolc               000000018001ef0c f   LIBCMT:setlocal.obj
 0001:0001e0bc       __lc_lctostr               000000018001f0bc f   LIBCMT:setlocal.obj
 0001:0001e330       _expandlocale              000000018001f330 f   LIBCMT:setlocal.obj
 0001:0001eaa0       _create_locale             000000018001faa0 f   LIBCMT:setlocal.obj
 0001:0001ebd8       __create_locale            000000018001fbd8 f   LIBCMT:setlocal.obj
 0001:0001ebe0       setlocale                  000000018001fbe0 f   LIBCMT:setlocal.obj
 0001:0001ed9c       __sys_nerr                 000000018001fd9c f   LIBCMT:syserr.obj
 0001:0001eda4       __sys_errlist              000000018001fda4 f   LIBCMT:syserr.obj
 0001:0001edac       strncpy_s                  000000018001fdac f   LIBCMT:strncpy_s.obj
 0001:0001ee6c       ?terminate@@YAXXZ          000000018001fe6c f   LIBCMT:hooks.obj
 0001:0001ee90       ?unexpected@@YAXXZ         000000018001fe90 f   LIBCMT:hooks.obj
 0001:0001eeb0       ?_inconsistency@@YAXXZ     000000018001feb0 f   LIBCMT:hooks.obj
 0001:0001eed8       _initp_eh_hooks            000000018001fed8 f   LIBCMT:hooks.obj
 0001:0001eef8       _initp_misc_winsig         000000018001fef8 f   LIBCMT:winsig.obj
 0001:0001efe8       __get_sigabrt              000000018001ffe8 f   LIBCMT:winsig.obj
 0001:0001eff8       __fpecode                  000000018001fff8 f   LIBCMT:winsig.obj
 0001:0001f00c       __pxcptinfoptrs            000000018002000c f   LIBCMT:winsig.obj
 0001:0001f020       signal                     0000000180020020 f   LIBCMT:winsig.obj
 0001:0001f2e0       raise                      00000001800202e0 f   LIBCMT:winsig.obj
 0001:0001f514       _initp_misc_rand_s         0000000180020514 f   LIBCMT:rand_s.obj
 0001:0001f51c       rand_s                     000000018002051c f   LIBCMT:rand_s.obj
 0001:0001f620       __getlocaleinfo            0000000180020620 f   LIBCMT:inithelp.obj
 0001:0001f7fc       _initp_misc_purevirt       00000001800207fc f   LIBCMT:inithelp.obj
 0001:0001f810       _ValidateImageBase         0000000180020810 f   LIBCMT:pesect.obj
 0001:0001f840       _FindPESection             0000000180020840 f   LIBCMT:pesect.obj
 0001:0001f890       _IsNonwritableInCurrentImage 0000000180020890 f   LIBCMT:pesect.obj
 0001:0001f8d4       _MarkAllocaS               00000001800208d4 f i LIBCMT:a_map.obj
 0001:0001f8e4       _freea                     00000001800208e4 f i LIBCMT:a_map.obj
 0001:0001fbec       __crtLCMapStringA          0000000180020bec f   LIBCMT:a_map.obj
 0001:0001fc84       _isleadbyte_l              0000000180020c84 f i LIBCMT:_wctype.obj
 0001:0001fccc       isleadbyte                 0000000180020ccc f i LIBCMT:_wctype.obj
 0001:0001fd14       _iswalpha_l                0000000180020d14 f i LIBCMT:_wctype.obj
 0001:0001fd20       iswalpha                   0000000180020d20 f i LIBCMT:_wctype.obj
 0001:0001fd2c       _iswupper_l                0000000180020d2c f i LIBCMT:_wctype.obj
 0001:0001fd38       iswupper                   0000000180020d38 f i LIBCMT:_wctype.obj
 0001:0001fd44       _iswlower_l                0000000180020d44 f i LIBCMT:_wctype.obj
 0001:0001fd50       iswlower                   0000000180020d50 f i LIBCMT:_wctype.obj
 0001:0001fd5c       _iswdigit_l                0000000180020d5c f i LIBCMT:_wctype.obj
 0001:0001fd68       iswdigit                   0000000180020d68 f i LIBCMT:_wctype.obj
 0001:0001fd74       _iswxdigit_l               0000000180020d74 f i LIBCMT:_wctype.obj
 0001:0001fd80       iswxdigit                  0000000180020d80 f i LIBCMT:_wctype.obj
 0001:0001fd8c       _iswspace_l                0000000180020d8c f i LIBCMT:_wctype.obj
 0001:0001fd98       iswspace                   0000000180020d98 f i LIBCMT:_wctype.obj
 0001:0001fda4       _iswpunct_l                0000000180020da4 f i LIBCMT:_wctype.obj
 0001:0001fdb0       iswpunct                   0000000180020db0 f i LIBCMT:_wctype.obj
 0001:0001fdbc       _iswalnum_l                0000000180020dbc f i LIBCMT:_wctype.obj
 0001:0001fdc8       iswalnum                   0000000180020dc8 f i LIBCMT:_wctype.obj
 0001:0001fdd4       _iswprint_l                0000000180020dd4 f i LIBCMT:_wctype.obj
 0001:0001fde0       iswprint                   0000000180020de0 f i LIBCMT:_wctype.obj
 0001:0001fdec       _iswgraph_l                0000000180020dec f i LIBCMT:_wctype.obj
 0001:0001fdf8       iswgraph                   0000000180020df8 f i LIBCMT:_wctype.obj
 0001:0001fe04       _iswcntrl_l                0000000180020e04 f i LIBCMT:_wctype.obj
 0001:0001fe10       iswcntrl                   0000000180020e10 f i LIBCMT:_wctype.obj
 0001:0001fe1c       iswascii                   0000000180020e1c f i LIBCMT:_wctype.obj
 0001:0001fe2c       _iswcsym_l                 0000000180020e2c f i LIBCMT:_wctype.obj
 0001:0001fe58       __iswcsym                  0000000180020e58 f i LIBCMT:_wctype.obj
 0001:0001fe84       _iswcsymf_l                0000000180020e84 f i LIBCMT:_wctype.obj
 0001:0001feb0       __iswcsymf                 0000000180020eb0 f i LIBCMT:_wctype.obj
 0001:0001fedc       _flsbuf                    0000000180020edc f   LIBCMT:_flsbuf.obj
 0001:0002006c       _vsprintf_l                000000018002106c f   LIBCMT:vsprintf.obj
 0001:00020124       vsprintf                   0000000180021124 f   LIBCMT:vsprintf.obj
 0001:00020130       _vscprintf_helper          0000000180021130 f   LIBCMT:vsprintf.obj
 0001:000201c0       _vscprintf                 00000001800211c0 f   LIBCMT:vsprintf.obj
 0001:000201d8       _vscprintf_l               00000001800211d8 f   LIBCMT:vsprintf.obj
 0001:000201f0       _vscprintf_p               00000001800211f0 f   LIBCMT:vsprintf.obj
 0001:00020208       _vscprintf_p_l             0000000180021208 f   LIBCMT:vsprintf.obj
 0001:00020220       _vsnprintf_helper          0000000180021220 f   LIBCMT:vsnprnc.obj
 0001:00020308       _vsnprintf_c               0000000180021308 f   LIBCMT:vsnprnc.obj
 0001:0002033c       _vsnprintf_c_l             000000018002133c f   LIBCMT:vsnprnc.obj
 0001:00020374       _vsprintf_s_l              0000000180021374 f   LIBCMT:vsnprnc.obj
 0001:000203e4       vsprintf_s                 00000001800213e4 f   LIBCMT:vsnprnc.obj
 0001:000203fc       _vsnprintf_s_l             00000001800213fc f   LIBCMT:vsnprnc.obj
 0001:00020544       _vsnprintf_s               0000000180021544 f   LIBCMT:vsnprnc.obj
 0001:00020564       _vsprintf_p                0000000180021564 f   LIBCMT:vsnprnc.obj
 0001:00020598       _vsprintf_p_l              0000000180021598 f   LIBCMT:vsnprnc.obj
 0001:000205d0       _freebuf                   00000001800215d0 f   LIBCMT:_freebuf.obj
 0001:00020608       _write_nolock              0000000180021608 f   LIBCMT:write.obj
 0001:00020d68       _write                     0000000180021d68 f   LIBCMT:write.obj
 0001:00020e48       _msize                     0000000180021e48 f   LIBCMT:msize.obj
 0001:00020e84       _validdrive                0000000180021e84 f   LIBCMT:getcwd.obj
 0001:00020ee8       _getdcwd_nolock            0000000180021ee8 f   LIBCMT:getcwd.obj
 0001:00021014       _getcwd                    0000000180022014 f   LIBCMT:getcwd.obj
 0001:00021058       _getdcwd                   0000000180022058 f   LIBCMT:getcwd.obj
 0001:000210a8       _mbsicmp_l                 00000001800220a8 f   LIBCMT:mbsicmp.obj
 0001:000212b4       _mbsicmp                   00000001800222b4 f   LIBCMT:mbsicmp.obj
 0001:000212bc       _mbsrchr_l                 00000001800222bc f   LIBCMT:mbsrchr.obj
 0001:0002139c       _mbsrchr                   000000018002239c f   LIBCMT:mbsrchr.obj
 0001:000213a4       _fstat32                   00000001800223a4 f   LIBCMT:fstat.obj
 0001:0002174c       __loctotime32_t            000000018002274c f   LIBCMT:dtoxtime.obj
 0001:00021a00       __GSHandlerCheck_SEH       0000000180022a00 f   LIBCMT:gshandlerseh.obj
 0001:00021a94       _lseeki64_nolock           0000000180022a94 f   LIBCMT:lseeki64.obj
 0001:00021b2c       _lseeki64                  0000000180022b2c f   LIBCMT:lseeki64.obj
 0001:00021c10       _chsize_nolock             0000000180022c10 f   LIBCMT:chsize.obj
 0001:00021da8       _chsize_s                  0000000180022da8 f   LIBCMT:chsize.obj
 0001:00021e98       _chsize                    0000000180022e98 f   LIBCMT:chsize.obj
 0001:00021eb0       _read_nolock               0000000180022eb0 f   LIBCMT:read.obj
 0001:000225d4       _read                      00000001800235d4 f   LIBCMT:read.obj
 0001:000226f0       _lseek_nolock              00000001800236f0 f   LIBCMT:lseek.obj
 0001:00022788       _lseek                     0000000180023788 f   LIBCMT:lseek.obj
 0001:00022868       _set_daylight              0000000180023868 f i LIBCMT:tzset.obj
 0001:00022880       _set_dstbias               0000000180023880 f i LIBCMT:tzset.obj
 0001:00022898       _set_timezone              0000000180023898 f i LIBCMT:tzset.obj
 0001:000232b0       __tzset                    00000001800242b0 f   LIBCMT:tzset.obj
 0001:000232ec       _tzset                     00000001800242ec f   LIBCMT:tzset.obj
 0001:00023310       _isindst                   0000000180024310 f   LIBCMT:tzset.obj
 0001:00023340       _get_daylight              0000000180024340 f   LIBCMT:timeset.obj
 0001:00023370       _get_dstbias               0000000180024370 f   LIBCMT:timeset.obj
 0001:000233a0       _get_timezone              00000001800243a0 f   LIBCMT:timeset.obj
 0001:000233d0       _get_tzname                00000001800243d0 f   LIBCMT:timeset.obj
 0001:00023488       __daylight                 0000000180024488 f   LIBCMT:timeset.obj
 0001:00023490       __dstbias                  0000000180024490 f   LIBCMT:timeset.obj
 0001:00023498       __timezone                 0000000180024498 f   LIBCMT:timeset.obj
 0001:000234a0       __tzname                   00000001800244a0 f   LIBCMT:timeset.obj
 0001:000234a8       strpbrk                    00000001800244a8 f   LIBCMT:strpbrk.obj
 0001:00023544       __crt_debugger_hook        0000000180024544 f   LIBCMT:dbghook.obj
 0001:00023560       _local_unwind              0000000180024560 f   LIBCMT:jmpuwind.obj
 0001:00023590       _NLG_Notify                0000000180024590 f   LIBCMT:jmpuwind.obj
 0001:000235b0       __NLG_Dispatch2            00000001800245b0 f   LIBCMT:jmpuwind.obj
 0001:000235c0       __NLG_Return2              00000001800245c0 f   LIBCMT:jmpuwind.obj
 0001:000235c4       _isatty                    00000001800245c4 f   LIBCMT:isatty.obj
 0001:00023624       printf                     0000000180024624 f   LIBCMT:printf.obj
 0001:000236d0       _printf_l                  00000001800246d0 f   LIBCMT:printf.obj
 0001:000236f4       _printf_s_l                00000001800246f4 f   LIBCMT:printf.obj
 0001:00023718       printf_s                   0000000180024718 f   LIBCMT:printf.obj
 0001:00023740       _printf_p_l                0000000180024740 f   LIBCMT:printf.obj
 0001:00023764       _printf_p                  0000000180024764 f   LIBCMT:printf.obj
 0001:0002378c       _set_printf_count_output   000000018002478c f   LIBCMT:printf.obj
 0001:000237b4       _get_printf_count_output   00000001800247b4 f   LIBCMT:printf.obj
 0001:000237cc       _wctomb_s_l                00000001800247cc f   LIBCMT:wctomb.obj
 0001:00023990       wctomb_s                   0000000180024990 f   LIBCMT:wctomb.obj
 0001:000239a4       _wctomb_l                  00000001800249a4 f   LIBCMT:wctomb.obj
 0001:00023a20       wctomb                     0000000180024a20 f   LIBCMT:wctomb.obj
 0001:00023ba8       _output_s_l                0000000180024ba8 f   LIBCMT:outputs.obj
 0001:00024678       _validate_param_reuseA     0000000180025678 f   LIBCMT:outputp.obj
 0001:00024908       get_crtdouble_arg          0000000180025908 f i LIBCMT:outputp.obj
 0001:00024914       _output_p_l                0000000180025914 f   LIBCMT:outputp.obj
 0001:00025a50       _calloc_impl               0000000180026a50 f   LIBCMT:calloc_impl.obj
 0001:00025aec       _recalloc                  0000000180026aec f   LIBCMT:recalloc.obj
 0001:00025b74       _fclose_nolock             0000000180026b74 f   LIBCMT:fclose.obj
[...]
 0001:00002e40       conv_in_addr               0000000180003e40 f   apr-1:apr_snprintf.obj
 0001:00002f10       conv_apr_sockaddr          0000000180003f10 f   apr-1:apr_snprintf.obj
 0001:00002fc0       conv_os_thread_t           0000000180003fc0 f   apr-1:apr_snprintf.obj
 0001:00002ff0       conv_fp                    0000000180003ff0 f   apr-1:apr_snprintf.obj
 0001:00003220       conv_p2                    0000000180004220 f   apr-1:apr_snprintf.obj
 0001:00003290       conv_p2_quad               0000000180004290 f   apr-1:apr_snprintf.obj
 0001:00003320       conv_os_thread_t_hex       0000000180004320 f   apr-1:apr_snprintf.obj
 0001:00004390       snprintf_flush             0000000180005390 f   apr-1:apr_snprintf.obj
 0001:000045e0       allocator_alloc            00000001800055e0 f   apr-1:apr_pools.obj
 0001:00004780       allocator_free             0000000180005780 f   apr-1:apr_pools.obj
 0001:00004c70       psprintf_flush             0000000180005c70 f   apr-1:apr_pools.obj
 0001:000051e0       run_cleanups               00000001800061e0 f   apr-1:apr_pools.obj
 0001:00005280       free_proc_chain            0000000180006280 f   apr-1:apr_pools.obj
 0001:00005850       stuffbuffer                0000000180006850 f   apr-1:errorcodes.obj
 0001:00005870       apr_error_string           0000000180006870 f   apr-1:errorcodes.obj
 0001:00005ae0       apr_os_strerror            0000000180006ae0 f   apr-1:errorcodes.obj
 0001:00005be0       native_strerror            0000000180006be0 f   apr-1:errorcodes.obj
 0001:00005ca0       apr_malloc_dbg             0000000180006ca0 f   apr-1:start.obj
 0001:00005cb0       apr_realloc_dbg            0000000180006cb0 f   apr-1:start.obj
 0001:00005cc0       warrsztoastr               0000000180006cc0 f   apr-1:start.obj
 0001:00006030       compare_right              0000000180007030 f   apr-1:apr_strnatcmp.obj
 0001:000060f0       compare_left               00000001800070f0 f   apr-1:apr_strnatcmp.obj
 0001:00006180       strnatcmp0                 0000000180007180 f   apr-1:apr_strnatcmp.obj
 0001:00006b40       make_sparse_file           0000000180007b40 f   apr-1:open.obj
 0001:00007540       get_local_addr             0000000180008540 f   apr-1:sockaddr.obj
 0001:000075b0       get_remote_addr            00000001800085b0 f   apr-1:sockaddr.obj
 0001:000078b0       find_addresses             00000001800088b0 f   apr-1:sockaddr.obj
 0001:00007bf0       parse_network              0000000180008bf0 f   apr-1:sockaddr.obj
 0001:00007d30       parse_ip                   0000000180008d30 f   apr-1:sockaddr.obj
 0001:00007db0       looks_like_ip              0000000180008db0 f   apr-1:sockaddr.obj
 0001:00007e00       fix_subnet                 0000000180008e00 f   apr-1:sockaddr.obj
 0001:00008640       thread_mutex_cleanup       0000000180009640 f   apr-1:thread_mutex.obj
 0001:00008890       alloc_array                0000000180009890 f   apr-1:apr_hash.obj
 0001:000089a0       expand_array               00000001800099a0 f   apr-1:apr_hash.obj
 0001:00008aa0       find_entry                 0000000180009aa0 f   apr-1:apr_hash.obj
 0001:000091b0       apr_winapi_CreateToolhelp32Snapshot 000000018000a1b0 f   apr-1:proc.obj
 0001:00009210       apr_winapi_Process32FirstW 000000018000a210 f   apr-1:proc.obj
 0001:00009280       apr_winapi_Process32NextW  000000018000a280 f   apr-1:proc.obj
 0001:00009670       attr_cleanup               000000018000a670 f   apr-1:proc.obj
 0001:00009980       has_space                  000000018000a980 f   apr-1:proc.obj
 0001:000099c0       apr_caret_escape_args      000000018000a9c0 f   apr-1:proc.obj
 0001:00009a90       threadproc_global_cleanup  000000018000aa90 f   apr-1:proc.obj
 0001:0000a610       why_from_exit_code         000000018000b610 f   apr-1:proc.obj
 0001:0000af50       dummy_worker               000000018000bf50 f   apr-1:thread.obj
 0001:0000b370       apr_malloc_dbg             000000018000c370 f   apr-1:internal.obj
 0001:0000b380       apr_realloc_dbg            000000018000c380 f   apr-1:internal.obj
 0001:0000b520       read_with_timeout          000000018000c520 f   apr-1:readwrite.obj
 0001:0000b870       file_printf_flush          000000018000c870 f   apr-1:readwrite.obj
 0001:0000cb70       inet_ntop4                 000000018000db70 f   apr-1:inet_ntop.obj
 0001:0000cc90       inet_pton4                 000000018000dc90 f   apr-1:inet_pton.obj
 0001:0000ef90       setptr                     000000018000ff90 f   apr-1:seek.obj
 0001:0000f2a0       apr_winapi_GetCompressedFileSizeA 00000001800102a0 f   apr-1:filestat.obj
 0001:0000f310       apr_winapi_GetCompressedFileSizeW 0000000180010310 f   apr-1:filestat.obj
 0001:0000f380       apr_winapi_ZwQueryInformationFile 0000000180010380 f   apr-1:filestat.obj
 0001:0000f410       FileTimeToAprTime          0000000180010410 f   apr-1:filestat.obj
 0001:0000f450       AprTimeToFileTime          0000000180010450 f   apr-1:filestat.obj
 0001:0000f470       test_safe_name             0000000180010470 f   apr-1:filestat.obj
 0001:0000f4f0       free_localheap             00000001800104f0 f   apr-1:filestat.obj
 0001:0000f510       free_world                 0000000180010510 f   apr-1:filestat.obj
 0001:0000f540       convert_prot               0000000180010540 f   apr-1:filestat.obj
 0001:0000f570       resolve_prot               0000000180010570 f   apr-1:filestat.obj
 0001:0000f720       guess_protection_bits      0000000180010720 f   apr-1:filestat.obj
 0001:0000ffd0       resolve_ident              0000000180010fd0 f   apr-1:filestat.obj
 0001:000105f0       make_array_core            00000001800115f0 f   apr-1:apr_tables.obj
 0001:000107f0       apr_array_push_noclear     00000001800117f0 f   apr-1:apr_tables.obj
 0001:000109e0       copy_array_hdr_core        00000001800119e0 f   apr-1:apr_tables.obj
 0001:00010cf0       table_reindex              0000000180011cf0 f   apr-1:apr_tables.obj
 0001:000119f0       table_mergesort            00000001800129f0 f   apr-1:apr_tables.obj
 0001:00011e60       apr_table_cat              0000000180012e60 f   apr-1:apr_tables.obj
 0001:0001235c       IsRootUNCName              000000018001335c f   LIBCMT:stati32.obj
 0001:000123f8       _fullpath_helper           00000001800133f8 f   LIBCMT:stati32.obj
 0001:0001319c       _getenv_s_helper           000000018001419c f   LIBCMT:getenv.obj
 0001:00013260       _dupenv_s_helper           0000000180014260 f   LIBCMT:getenv.obj
 0001:00013cc4       __DllMainCRTStartup        0000000180014cc4 f   LIBCMT:dllcrt0.obj
 0001:00014d7c       _initterm                  0000000180015d7c f   LIBCMT:crt0dat.obj
 0001:00014f0c       doexit                     0000000180015f0c f   LIBCMT:crt0dat.obj
 0001:000157f8       ?strtoxl@@YAKPEAUlocaleinfo_struct@@PEBDPEAPEBDHH@Z 00000001800167f8 f   LIBCMT:strtol.obj
 0001:00015b30       ?strtoxq@@YA_KPEAUlocaleinfo_struct@@PEBDPEAPEBDHH@Z 0000000180016b30 f   LIBCMT:strtoq.obj
 0001:0001604c       _callthreadstartex         000000018001704c f   LIBCMT:threadex.obj
 0001:00016078       _threadstartex             0000000180017078 f   LIBCMT:threadex.obj
 0001:000169cc       _dup2_nolock               00000001800179cc f   LIBCMT:dup2.obj
 0001:00016b34       extend_ioinfo_arrays       0000000180017b34 f   LIBCMT:dup2.obj
 0001:00017000       flsall                     0000000180018000 f   LIBCMT:fflush.obj
 0001:0001713c       _onexit_nolock             000000018001813c f   LIBCMT:onexit.obj
 0001:0001769c       IsRootUNCName              000000018001869c f   LIBCMT:stat.obj
 0001:00017738       _fullpath_helper           0000000180018738 f   LIBCMT:stat.obj
 0001:0001807c       _tsopen_nolock             000000018001907c f   LIBCMT:open.obj
 0001:000197a0       write_char                 000000018001a7a0 f   LIBCMT:output.obj
 0001:000197e8       write_multi_char           000000018001a7e8 f   LIBCMT:output.obj
 0001:0001983c       write_string               000000018001a83c f   LIBCMT:output.obj
 0001:0001b6dc       _shift                     000000018001c6dc f   LIBCMT:cvt.obj
 0001:0001b720       _cftoe2_l                  000000018001c720 f   LIBCMT:cvt.obj
 0001:0001be64       _cftof2_l                  000000018001ce64 f   LIBCMT:cvt.obj
 0001:0001c81c       parse_cmdline              000000018001d81c f   LIBCMT:stdargv.obj
 0001:0001cc48       xcptlookup                 000000018001dc48 f   LIBCMT:winxfltr.obj
 0001:0001cf18       ?CPtoLCID@@YAHH@Z          000000018001df18 f   LIBCMT:mbctype.obj
 0001:0001cf4c       ?setSBCS@@YAXPEAUthreadmbcinfostruct@@@Z 000000018001df4c f   LIBCMT:mbctype.obj
 0001:0001cfd8       ?setSBUpLow@@YAXPEAUthreadmbcinfostruct@@@Z 000000018001dfd8 f   LIBCMT:mbctype.obj
 0001:0001d284       ?getSystemCP@@YAHH@Z       000000018001e284 f   LIBCMT:mbctype.obj
 0001:0001dc7c       _copytlocinfo_nolock       000000018001ec7c f   LIBCMT:setlocal.obj
 0001:0001dd1c       sync_legacy_variables_lk   000000018001ed1c f   LIBCMT:setlocal.obj
 0001:0001e154       _setlocale_get_all         000000018001f154 f   LIBCMT:setlocal.obj
 0001:0001e56c       _setlocale_set_cat         000000018001f56c f   LIBCMT:setlocal.obj
 0001:0001e87c       _setlocale_nolock          000000018001f87c f   LIBCMT:setlocal.obj
 0001:0001ef18       ctrlevent_capture          000000018001ff18 f   LIBCMT:winsig.obj
 0001:0001efac       siglookup                  000000018001ffac f   LIBCMT:winsig.obj
 0001:0001f904       ?strncnt@@YAHPEBDH@Z       0000000180020904 f   LIBCMT:a_map.obj
 0001:0001f920       ?__crtLCMapStringA_stat@@YAHPEAUlocaleinfo_struct@@KKPEBDHPEADHHH@Z 0000000180020920 f   LIBCMT:a_map.obj
 0001:000228b0       _tzset_nolock              00000001800238b0 f   LIBCMT:tzset.obj
 0001:00022d30       cvtdate                    0000000180023d30 f   LIBCMT:tzset.obj
 0001:00023004       _isindst_nolock            0000000180024004 f   LIBCMT:tzset.obj
 0001:00023a74       write_char                 0000000180024a74 f   LIBCMT:outputs.obj
 0001:00023abc       write_multi_char           0000000180024abc f   LIBCMT:outputs.obj
 0001:00023b10       write_string               0000000180024b10 f   LIBCMT:outputs.obj
 0001:000247d4       write_char                 00000001800257d4 f   LIBCMT:outputp.obj
 0001:0002481c       write_multi_char           000000018002581c f   LIBCMT:outputp.obj
 0001:00024870       write_string               0000000180025870 f   LIBCMT:outputp.obj
 0001:00025c58       ?strncnt@@YAHPEBDH@Z       0000000180026c58 f   LIBCMT:a_cmp.obj
 0001:00025c74       ?__crtCompareStringA_stat@@YAHPEAUlocaleinfo_struct@@KKPEBDH1HH@Z 0000000180026c74 f   LIBCMT:a_cmp.obj
 0001:00026160       findenv                    0000000180027160 f   LIBCMT:setenv.obj
 0001:000261e4       copy_environ               00000001800271e4 f   LIBCMT:setenv.obj
 0001:0002715c       ?x_ismbbtype_l@@YAHPEAUlocaleinfo_struct@@IHH@Z 000000018002815c f   LIBCMT:ismbbyte.obj
 0001:00027430       ?__crtGetStringTypeA_stat@@YAHPEAUlocaleinfo_struct@@KPEBDHPEAGHHH@Z 0000000180028430 f   LIBCMT:a_str.obj
 0001:00027610       _get_lc_time               0000000180028610 f   LIBCMT:inittime.obj
 0001:0002860c       fix_grouping               000000018002960c f   LIBCMT:initnum.obj
 0001:0002891c       fix_grouping               000000018002991c f   LIBCMT:initmon.obj
 0001:00029680       TranslateName              000000018002a680 f   LIBCMT:getqloc.obj
 0001:00029718       GetLcidFromDefault         000000018002a718 f   LIBCMT:getqloc.obj
 0001:0002973c       ProcessCodePage            000000018002a73c f   LIBCMT:getqloc.obj
 0001:000297e0       TestDefaultCountry         000000018002a7e0 f   LIBCMT:getqloc.obj
 0001:00029808       LcidFromHexString          000000018002a808 f   LIBCMT:getqloc.obj
 0001:00029844       GetPrimaryLen              000000018002a844 f   LIBCMT:getqloc.obj
 0001:00029860       CountryEnumProc            000000018002a860 f   LIBCMT:getqloc.obj
 0001:00029948       TestDefaultLanguage        000000018002a948 f   LIBCMT:getqloc.obj
 0001:000299d8       LangCountryEnumProc        000000018002a9d8 f   LIBCMT:getqloc.obj
 0001:00029ca8       LanguageEnumProc           000000018002aca8 f   LIBCMT:getqloc.obj
 0001:00029dd8       GetLcidFromCountry         000000018002add8 f   LIBCMT:getqloc.obj
 0001:00029e18       GetLcidFromLangCountry     000000018002ae18 f   LIBCMT:getqloc.obj
 0001:00029eb0       GetLcidFromLanguage        000000018002aeb0 f   LIBCMT:getqloc.obj
 0001:0002a258       ?__crtGetLocaleInfoA_stat@@YAHPEAUlocaleinfo_struct@@KKPEADH@Z 000000018002b258 f   LIBCMT:a_loc.obj
 0001:0002dd10       xtoa_s                     000000018002ed10 f   LIBCMT:xtoas.obj
 0001:0002de64       x64toa_s                   000000018002ee64 f   LIBCMT:xtoas.obj
 0001:0002e380       fprintf$fin$0              000000018002f380 f   LIBCMT:fprintf.obj
 0001:0002e39a       getenv$fin$0               000000018002f39a f   LIBCMT:getenv.obj
 0001:0002e3b5       getenv_s$fin$0             000000018002f3b5 f   LIBCMT:getenv.obj
 0001:0002e3d0       _dupenv_s$fin$0            000000018002f3d0 f   LIBCMT:getenv.obj
 0001:0002e3eb       _CRT_INIT$fin$0            000000018002f3eb f   LIBCMT:dllcrt0.obj
 0001:0002e411       __DllMainCRTStartup$filt$0 000000018002f411 f   LIBCMT:dllcrt0.obj
 0001:0002e42f       doexit$fin$0               000000018002f42f f   LIBCMT:crt0dat.obj
 0001:0002e453       _close$fin$0               000000018002f453 f   LIBCMT:close.obj
 0001:0002e46c       _callthreadstartex$filt$0  000000018002f46c f   LIBCMT:threadex.obj
 0001:0002e48a       __lock_fhandle$fin$0       000000018002f48a f   LIBCMT:osfinfo.obj
 0001:0002e4a5       _alloc_osfhnd$fin$0        000000018002f4a5 f   LIBCMT:osfinfo.obj
 0001:0002e4c5       _alloc_osfhnd$fin$1        000000018002f4c5 f   LIBCMT:osfinfo.obj
 0001:0002e4e0       _open_osfhandle$fin$0      000000018002f4e0 f   LIBCMT:osfinfo.obj
 0001:0002e528       _setmode$fin$0             000000018002f528 f   LIBCMT:setmode.obj
 0001:0002e541       _dup2$fin$0                000000018002f541 f   LIBCMT:dup2.obj
 0001:0002e562       _commit$fin$0              000000018002f562 f   LIBCMT:commit.obj
 0001:0002e57b       setvbuf$fin$0              000000018002f57b f   LIBCMT:setvbuf.obj
 0001:0002e595       flsall$fin$0               000000018002f595 f   LIBCMT:fflush.obj
 0001:0002e5c5       flsall$fin$1               000000018002f5c5 f   LIBCMT:fflush.obj
 0001:0002e5e0       fflush$fin$0               000000018002f5e0 f   LIBCMT:fflush.obj
 0001:0002e5fa       _onexit$fin$0              000000018002f5fa f   LIBCMT:onexit.obj
 0001:0002e610       _fstat64i32$fin$0          000000018002f610 f   LIBCMT:fstati32.obj
 0001:0002e629       _open$fin$0                000000018002f629 f   LIBCMT:open.obj
 0001:0002e677       _sopen_helper$fin$0        000000018002f677 f   LIBCMT:open.obj
 0001:0002e6c0       _chdrive$fin$0             000000018002f6c0 f   LIBCMT:drive.obj
 0001:0002e6db       vfprintf_helper$fin$0      000000018002f6db f   LIBCMT:vfprintf.obj
 0001:0002e6f5       _fcloseall$fin$0           000000018002f6f5 f   LIBCMT:closeall.obj
 0001:0002e710       _mtinitlocknum$fin$0       000000018002f710 f   LIBCMT:mlock.obj
 0001:0002e72e       _initptd$fin$1             000000018002f72e f   LIBCMT:tidtable.obj
 0001:0002e74e       _initptd$fin$0             000000018002f74e f   LIBCMT:tidtable.obj
 0001:0002e769       _freefls$fin$1             000000018002f769 f   LIBCMT:tidtable.obj
 0001:0002e789       _freefls$fin$0             000000018002f789 f   LIBCMT:tidtable.obj
 0001:0002e7a4       __updatetmbcinfo$fin$0     000000018002f7a4 f   LIBCMT:mbctype.obj
 0001:0002e7bf       _setmbcp$fin$0             000000018002f7bf f   LIBCMT:mbctype.obj
 0001:0002e7da       __updatetlocinfo$fin$0     000000018002f7da f   LIBCMT:localref.obj
 0001:0002e7f5       _free_locale$fin$1         000000018002f7f5 f   LIBCMT:setlocal.obj
 0001:0002e815       _free_locale$fin$0         000000018002f815 f   LIBCMT:setlocal.obj
 0001:0002e830       _get_current_locale$fin$1  000000018002f830 f   LIBCMT:setlocal.obj
 0001:0002e850       _get_current_locale$fin$0  000000018002f850 f   LIBCMT:setlocal.obj
 0001:0002e86b       setlocale$fin$1            000000018002f86b f   LIBCMT:setlocal.obj
 0001:0002e88b       setlocale$fin$0            000000018002f88b f   LIBCMT:setlocal.obj
 0001:0002e8ab       setlocale$fin$2            000000018002f8ab f   LIBCMT:setlocal.obj
 0001:0002e8c6       ctrlevent_capture$fin$0    000000018002f8c6 f   LIBCMT:winsig.obj
 0001:0002e8de       signal$fin$0               000000018002f8de f   LIBCMT:winsig.obj
 0001:0002e8f6       raise$fin$0                000000018002f8f6 f   LIBCMT:winsig.obj
 0001:0002e920       _IsNonwritableInCurrentImage$filt$0 000000018002f920 f   LIBCMT:pesect.obj
 0001:0002e942       _write$fin$0               000000018002f942 f   LIBCMT:write.obj
 0001:0002e95b       _getcwd$fin$0              000000018002f95b f   LIBCMT:getcwd.obj
 0001:0002e976       _getdcwd$fin$0             000000018002f976 f   LIBCMT:getcwd.obj
 0001:0002e991       _fstat32$fin$0             000000018002f991 f   LIBCMT:fstat.obj
 0001:0002e9aa       _lseeki64$fin$0            000000018002f9aa f   LIBCMT:lseeki64.obj
 0001:0002e9c3       _chsize_s$fin$0            000000018002f9c3 f   LIBCMT:chsize.obj
 0001:0002e9dc       _read$fin$0                000000018002f9dc f   LIBCMT:read.obj
 0001:0002e9f5       _lseek$fin$0               000000018002f9f5 f   LIBCMT:lseek.obj
 0001:0002ea0e       _tzset_nolock$fin$0        000000018002fa0e f   LIBCMT:tzset.obj
 0001:0002ea29       __tzset$fin$0              000000018002fa29 f   LIBCMT:tzset.obj
 0001:0002ea44       _tzset$fin$0               000000018002fa44 f   LIBCMT:tzset.obj
 0001:0002ea5f       _isindst$fin$0             000000018002fa5f f   LIBCMT:tzset.obj
 0001:0002ea7a       printf$fin$0               000000018002fa7a f   LIBCMT:printf.obj
 0001:0002eaa1       fclose$fin$0               000000018002faa1 f   LIBCMT:fclose.obj
 0001:0002eabb       _putwch$fin$0              000000018002fabb f   LIBCMT:putwch.obj
 0001:0002ead6       vprintf_helper$fin$0       000000018002fad6 f   LIBCMT:vprintf.obj

 Exports

  ordinal    name

        1    dynatrace_agent_log
        2    dynatrace_capture_bool
        3    dynatrace_capture_char
        4    dynatrace_capture_double
        5    dynatrace_capture_float
        6    dynatrace_capture_int16
        7    dynatrace_capture_int32
        8    dynatrace_capture_int64
        9    dynatrace_capture_string
       10    dynatrace_capture_string_with_charset
       11    dynatrace_custom_log
       12    dynatrace_custom_log_with_charset
       13    dynatrace_end_server_purepath
       14    dynatrace_enter
       15    dynatrace_exception_throw
       16    dynatrace_exception_throw_with_charset
       17    dynatrace_exit
       18    dynatrace_exit_exception
       19    dynatrace_get_method_id
       20    dynatrace_get_method_id_with_charset
       21    dynatrace_get_serial_no
       22    dynatrace_get_tag
       23    dynatrace_get_tag_as_string
       24    dynatrace_get_tag_size
       25    dynatrace_initialize
       26    dynatrace_is_tag_valid
       27    dynatrace_link_client_purepath
       28    dynatrace_link_client_purepath_by_customtag
       29    dynatrace_link_client_purepath_by_string
       30    dynatrace_reinitialize
       31    dynatrace_set
       32    dynatrace_set_customtag
       33    dynatrace_set_tag
       34    dynatrace_set_tag_from_string
       35    dynatrace_start_server_purepath
       36    dynatrace_string_to_tag
       37    dynatrace_tag_to_string
       38    dynatrace_uninitialize
